
Allocating common symbols
Common symbol       size              file

idt_ptr             0x6               kernel/global.o
inode_table         0xb00             kernel/global.o
task_stack          0x38000           kernel/global.o
k_reenter           0x4               kernel/global.o
gdt                 0x400             kernel/global.o
current_console     0x4               kernel/global.o
pcaller             0x4               kernel/global.o
tty_table           0xc6c             kernel/global.o
tss                 0x68              kernel/global.o
fs_msg              0x30              kernel/global.o
f_desc_table        0x300             kernel/global.o
root_inode          0x4               kernel/global.o
disp_pos            0x4               kernel/global.o
key_pressed         0x4               kernel/global.o
gdt_ptr             0x6               kernel/global.o
idt                 0x800             kernel/global.o
super_block         0x1e0             kernel/global.o
PARTITION_ENTRY     0x10              kernel/hd.o
ticks               0x4               kernel/global.o
console_table       0x3c              kernel/global.o
irq_table           0x40              kernel/global.o
p_proc_ready        0x4               kernel/global.o
proc_table          0xb0c             kernel/global.o

Discarded input sections

 .note.GNU-stack
                0x0000000000000000        0x0 kernel/start.o
 .note.GNU-stack
                0x0000000000000000        0x0 kernel/main.o
 .note.GNU-stack
                0x0000000000000000        0x0 kernel/clock.o
 .note.GNU-stack
                0x0000000000000000        0x0 kernel/keyboard.o
 .note.GNU-stack
                0x0000000000000000        0x0 kernel/tty.o
 .note.GNU-stack
                0x0000000000000000        0x0 kernel/console.o
 .note.GNU-stack
                0x0000000000000000        0x0 kernel/i8259.o
 .note.GNU-stack
                0x0000000000000000        0x0 kernel/global.o
 .note.GNU-stack
                0x0000000000000000        0x0 kernel/protect.o
 .note.GNU-stack
                0x0000000000000000        0x0 kernel/proc.o
 .note.GNU-stack
                0x0000000000000000        0x0 kernel/systask.o
 .note.GNU-stack
                0x0000000000000000        0x0 kernel/hd.o
 .note.GNU-stack
                0x0000000000000000        0x0 lib/printf.o
 .note.GNU-stack
                0x0000000000000000        0x0 lib/vsprintf.o
 .note.GNU-stack
                0x0000000000000000        0x0 lib/klib.o
 .note.GNU-stack
                0x0000000000000000        0x0 lib/misc.o
 .note.GNU-stack
                0x0000000000000000        0x0 lib/open.o
 .note.GNU-stack
                0x0000000000000000        0x0 lib/read.o
 .note.GNU-stack
                0x0000000000000000        0x0 lib/write.o
 .note.GNU-stack
                0x0000000000000000        0x0 lib/close.o
 .note.GNU-stack
                0x0000000000000000        0x0 lib/unlink.o
 .note.GNU-stack
                0x0000000000000000        0x0 lib/getpid.o
 .note.GNU-stack
                0x0000000000000000        0x0 lib/syslog.o
 .note.GNU-stack
                0x0000000000000000        0x0 fs/main.o
 .note.GNU-stack
                0x0000000000000000        0x0 fs/open.o
 .note.GNU-stack
                0x0000000000000000        0x0 fs/misc.o
 .note.GNU-stack
                0x0000000000000000        0x0 fs/read_write.o
 .note.GNU-stack
                0x0000000000000000        0x0 fs/link.o
 .note.GNU-stack
                0x0000000000000000        0x0 fs/disklog.o

Memory Configuration

Name             Origin             Length             Attributes
*default*        0x0000000000000000 0xffffffffffffffff

Linker script and memory map

Address of section .text set to 0x1000
LOAD kernel/kernel.o
LOAD lib/syscall.o
LOAD kernel/start.o
LOAD kernel/main.o
LOAD kernel/clock.o
LOAD kernel/keyboard.o
LOAD kernel/tty.o
LOAD kernel/console.o
LOAD kernel/i8259.o
LOAD kernel/global.o
LOAD kernel/protect.o
LOAD kernel/proc.o
LOAD kernel/systask.o
LOAD kernel/hd.o
LOAD lib/printf.o
LOAD lib/vsprintf.o
LOAD lib/kliba.o
LOAD lib/klib.o
LOAD lib/string.o
LOAD lib/misc.o
LOAD lib/open.o
LOAD lib/read.o
LOAD lib/write.o
LOAD lib/close.o
LOAD lib/unlink.o
LOAD lib/getpid.o
LOAD lib/syslog.o
LOAD fs/main.o
LOAD fs/open.o
LOAD fs/misc.o
LOAD fs/read_write.o
LOAD fs/link.o
LOAD fs/disklog.o
                [!provide]                        PROVIDE (__executable_start = SEGMENT_START ("text-segment", 0x8048000))
                0x0000000008048094                . = (SEGMENT_START ("text-segment", 0x8048000) + SIZEOF_HEADERS)

.interp
 *(.interp)

.note.gnu.build-id
 *(.note.gnu.build-id)

.hash
 *(.hash)

.gnu.hash
 *(.gnu.hash)

.dynsym
 *(.dynsym)

.dynstr
 *(.dynstr)

.gnu.version
 *(.gnu.version)

.gnu.version_d
 *(.gnu.version_d)

.gnu.version_r
 *(.gnu.version_r)

.rel.dyn        0x0000000008048094        0x0
 *(.rel.init)
 *(.rel.text .rel.text.* .rel.gnu.linkonce.t.*)
 .rel.text      0x0000000008048094        0x0 kernel/kernel.o
 *(.rel.fini)
 *(.rel.rodata .rel.rodata.* .rel.gnu.linkonce.r.*)
 *(.rel.data.rel.ro .rel.data.rel.ro.* .rel.gnu.linkonce.d.rel.ro.*)
 *(.rel.data .rel.data.* .rel.gnu.linkonce.d.*)
 *(.rel.tdata .rel.tdata.* .rel.gnu.linkonce.td.*)
 *(.rel.tbss .rel.tbss.* .rel.gnu.linkonce.tb.*)
 *(.rel.ctors)
 *(.rel.dtors)
 *(.rel.got)
 .rel.got       0x0000000008048094        0x0 kernel/kernel.o
 *(.rel.bss .rel.bss.* .rel.gnu.linkonce.b.*)
 *(.rel.ifunc)

.rel.plt        0x0000000008048094        0x0
 *(.rel.plt)
                [!provide]                        PROVIDE (__rel_iplt_start = .)
 *(.rel.iplt)
 .rel.iplt      0x0000000008048094        0x0 kernel/kernel.o
                [!provide]                        PROVIDE (__rel_iplt_end = .)

.init
 *(SORT_NONE(.init))

.plt            0x0000000008048098        0x0
 *(.plt)
 *(.iplt)
 .iplt          0x0000000008048098        0x0 kernel/kernel.o

.plt.got
 *(.plt.got)

.plt.sec
 *(.plt.sec)

.text           0x0000000000001000     0x9768
 *(.text.unlikely .text.*_unlikely .text.unlikely.*)
 *(.text.exit .text.exit.*)
 *(.text.startup .text.startup.*)
 *(.text.hot .text.hot.*)
 *(.text .stub .text.* .gnu.linkonce.t.*)
 .text          0x0000000000001000      0x410 kernel/kernel.o
                0x0000000000001000                _start
                0x0000000000001040                hwint00
                0x0000000000001070                hwint01
                0x00000000000010a0                hwint02
                0x00000000000010d0                hwint03
                0x0000000000001100                hwint04
                0x0000000000001130                hwint05
                0x0000000000001160                hwint06
                0x0000000000001190                hwint07
                0x00000000000011c0                hwint08
                0x00000000000011f0                hwint09
                0x0000000000001220                hwint10
                0x0000000000001250                hwint11
                0x0000000000001280                hwint12
                0x00000000000012b0                hwint13
                0x00000000000012e0                hwint14
                0x0000000000001310                hwint15
                0x0000000000001334                divide_error
                0x000000000000133a                single_step_exception
                0x0000000000001340                nmi
                0x0000000000001346                breakpoint_exception
                0x000000000000134c                overflow
                0x0000000000001352                bounds_check
                0x0000000000001358                inval_opcode
                0x000000000000135e                copr_not_available
                0x0000000000001364                double_fault
                0x0000000000001368                copr_seg_overrun
                0x000000000000136e                inval_tss
                0x0000000000001372                segment_not_present
                0x0000000000001376                stack_exception
                0x000000000000137a                general_protection
                0x000000000000137e                page_fault
                0x0000000000001382                copr_error
                0x00000000000013cb                sys_call
                0x00000000000013eb                restart
 .text          0x0000000000001410       0x20 lib/syscall.o
                0x0000000000001410                sendrec
                0x0000000000001424                printx
 .text          0x0000000000001430       0x95 kernel/start.o
                0x0000000000001430                cstart
 .text          0x00000000000014c5      0x793 kernel/main.o
                0x00000000000014c5                kernel_main
                0x0000000000001745                get_ticks
                0x0000000000001779                TestA
                0x0000000000001a8d                TestB
                0x0000000000001bd7                TestC
                0x0000000000001c0f                panic
 .text          0x0000000000001c58       0xfd kernel/clock.o
                0x0000000000001c58                clock_handler
                0x0000000000001cd3                milli_delay
                0x0000000000001cfd                init_clock
 .text          0x0000000000001d55      0x6e2 kernel/keyboard.o
                0x0000000000001d55                keyboard_handler
                0x0000000000001dbf                init_keyboard
                0x0000000000001e6e                keyboard_read
 .text          0x0000000000002437      0x9bb kernel/tty.o
                0x0000000000002437                task_tty
                0x00000000000025e7                in_process
                0x0000000000002af8                sys_printx
                0x0000000000002c95                dump_tty_buf
 .text          0x0000000000002df2      0x7d7 kernel/console.o
                0x0000000000002df2                init_screen
                0x0000000000002f66                out_char
                0x0000000000003243                is_current_console
                0x0000000000003336                select_console
                0x0000000000003376                scroll_screen
 .text          0x00000000000035c9      0x130 kernel/i8259.o
                0x00000000000035c9                init_8259A
                0x000000000000369e                spurious_irq
                0x00000000000036d5                put_irq_handler
 .text          0x00000000000036f9        0x0 kernel/global.o
 .text          0x00000000000036f9      0x614 kernel/protect.o
                0x00000000000036f9                init_prot
                0x0000000000003b16                seg2phys
                0x0000000000003bd2                exception_handler
 .text          0x0000000000003d0d     0x1702 kernel/proc.o
                0x0000000000003d0d                schedule
                0x0000000000003d99                sys_sendrec
                0x0000000000003eb7                send_recv
                0x0000000000003f74                ldt_seg_linear
                0x0000000000003fbe                va2la
                0x000000000000401f                reset_msg
                0x0000000000004e15                inform_int
                0x0000000000004f91                dump_proc
                0x0000000000005301                dump_msg
 .text          0x000000000000540f       0x82 kernel/systask.o
                0x000000000000540f                task_sys
 .text          0x0000000000005491      0xe13 kernel/hd.o
                0x0000000000005491                task_hd
                0x0000000000006279                hd_handler
 .text          0x00000000000062a4       0x50 lib/printf.o
                0x00000000000062a4                printf
 .text          0x00000000000062f4      0x309 lib/vsprintf.o
                0x000000000000635a                vsprintf
                0x00000000000065d7                sprintf
 *fill*         0x00000000000065fd        0x3 
 .text          0x0000000000006600      0x19a lib/kliba.o
                0x0000000000006600                disp_str
                0x000000000000663e                disp_color_str
                0x000000000000667d                out_byte
                0x0000000000006689                in_byte
                0x0000000000006693                port_read
                0x00000000000066a6                port_write
                0x00000000000066b9                disable_irq
                0x00000000000066ee                enable_irq
                0x000000000000670d                disable_int
                0x000000000000670f                enable_int
                0x0000000000006711                glitter
 .text          0x000000000000679a      0x119 lib/klib.o
                0x000000000000679a                itoa
                0x0000000000006845                disp_int
                0x000000000000686c                delay
 *fill*         0x00000000000068b3        0xd 
 .text          0x00000000000068c0       0x78 lib/string.o
                0x00000000000068c0                memcpy
                0x00000000000068e9                memset
                0x000000000000690a                strcpy
                0x0000000000006922                strlen
 .text          0x0000000000006938      0x194 lib/misc.o
                0x0000000000006938                memcmp
                0x00000000000069aa                strcmp
                0x0000000000006a19                strcat
                0x0000000000006a78                spin
                0x0000000000006a93                assertion_failure
 .text          0x0000000000006acc       0x63 lib/open.o
                0x0000000000006acc                open
 .text          0x0000000000006b2f       0x37 lib/read.o
                0x0000000000006b2f                read
 .text          0x0000000000006b66       0x37 lib/write.o
                0x0000000000006b66                write
 .text          0x0000000000006b9d       0x2b lib/close.o
                0x0000000000006b9d                close
 .text          0x0000000000006bc8       0x3c lib/unlink.o
                0x0000000000006bc8                unlink
 .text          0x0000000000006c04       0x46 lib/getpid.o
                0x0000000000006c04                getpid
 .text          0x0000000000006c4a       0xd1 lib/syslog.o
                0x0000000000006c4a                syslog
 .text          0x0000000000006d1b      0xd0f fs/main.o
                0x0000000000006d1b                task_fs
                0x000000000000753c                rw_sector
                0x0000000000007744                get_super_block
                0x000000000000778a                get_inode
                0x00000000000078ed                put_inode
                0x000000000000792b                sync_inode
 .text          0x0000000000007a2a      0xa92 fs/open.o
                0x0000000000007a2a                do_open
                0x0000000000007e71                do_close
                0x0000000000007ecd                do_lseek
 .text          0x00000000000084bc      0x1dd fs/misc.o
                0x00000000000084bc                search_file
                0x0000000000008612                strip_path
 .text          0x0000000000008699      0x496 fs/read_write.o
                0x0000000000008699                do_rdwt
 .text          0x0000000000008b2f      0x812 fs/link.o
                0x0000000000008b2f                do_unlink
 .text          0x0000000000009341     0x1427 fs/disklog.o
                0x0000000000009341                do_disklog
                0x00000000000093dc                disklog
                0x00000000000098b5                dump_fd_graph
 *(.gnu.warning)

.fini
 *(SORT_NONE(.fini))
                [!provide]                        PROVIDE (__etext = .)
                [!provide]                        PROVIDE (_etext = .)
                [!provide]                        PROVIDE (etext = .)

.rodata         0x000000000000a780     0x1e17
 *(.rodata .rodata.* .gnu.linkonce.r.*)
 .rodata        0x000000000000a780       0x47 kernel/start.o
 *fill*         0x000000000000a7c7        0x1 
 .rodata        0x000000000000a7c8      0x145 kernel/main.o
 *fill*         0x000000000000a90d        0x3 
 .rodata        0x000000000000a910       0x64 kernel/keyboard.o
 .rodata        0x000000000000a974      0x13c kernel/tty.o
 .rodata        0x000000000000aab0       0x5b kernel/console.o
 .rodata        0x000000000000ab0b       0x11 kernel/i8259.o
 .rodata        0x000000000000ab1c        0x4 kernel/global.o
                0x000000000000ab1c                FSBUF_SIZE
 .rodata        0x000000000000ab20      0x540 kernel/protect.o
 .rodata        0x000000000000b060      0x62e kernel/proc.o
 .rodata        0x000000000000b68e       0x11 kernel/systask.o
 *fill*         0x000000000000b69f        0x1 
 .rodata        0x000000000000b6a0      0x1ba kernel/hd.o
 *fill*         0x000000000000b85a        0x2 
 .rodata        0x000000000000b85c       0x61 lib/misc.o
 .rodata        0x000000000000b8bd       0x23 lib/open.o
 .rodata        0x000000000000b8e0       0x25 lib/getpid.o
 .rodata        0x000000000000b905       0x32 lib/syslog.o
 *fill*         0x000000000000b937        0x1 
 .rodata        0x000000000000b938      0x1fa fs/main.o
 *fill*         0x000000000000bb32        0x2 
 .rodata        0x000000000000bb34      0x138 fs/open.o
 .rodata        0x000000000000bc6c      0x164 fs/read_write.o
 .rodata        0x000000000000bdd0      0x19d fs/link.o
 *fill*         0x000000000000bf6d        0x3 
 .rodata        0x000000000000bf70      0x627 fs/disklog.o

.rodata1
 *(.rodata1)

.eh_frame_hdr
 *(.eh_frame_hdr)
 *(.eh_frame_entry .eh_frame_entry.*)

.eh_frame       0x000000000000c598      0xf58
 *(.eh_frame)
 .eh_frame      0x000000000000c598       0x38 kernel/start.o
 .eh_frame      0x000000000000c5d0       0xb8 kernel/main.o
                                         0xd0 (size before relaxing)
 .eh_frame      0x000000000000c688       0x60 kernel/clock.o
                                         0x78 (size before relaxing)
 .eh_frame      0x000000000000c6e8       0xe0 kernel/keyboard.o
                                         0xf8 (size before relaxing)
 .eh_frame      0x000000000000c7c8      0x13c kernel/tty.o
                                        0x154 (size before relaxing)
 .eh_frame      0x000000000000c904      0x140 kernel/console.o
                                        0x158 (size before relaxing)
 .eh_frame      0x000000000000ca44       0x60 kernel/i8259.o
                                         0x78 (size before relaxing)
 .eh_frame      0x000000000000caa4       0xb0 kernel/protect.o
                                         0xc8 (size before relaxing)
 .eh_frame      0x000000000000cb54      0x1d8 kernel/proc.o
                                        0x1f0 (size before relaxing)
 .eh_frame      0x000000000000cd2c       0x1c kernel/systask.o
                                         0x34 (size before relaxing)
 .eh_frame      0x000000000000cd48      0x1f4 kernel/hd.o
                                        0x20c (size before relaxing)
 .eh_frame      0x000000000000cf3c       0x20 lib/printf.o
                                         0x38 (size before relaxing)
 .eh_frame      0x000000000000cf5c       0x64 lib/vsprintf.o
                                         0x7c (size before relaxing)
 .eh_frame      0x000000000000cfc0       0x60 lib/klib.o
                                         0x78 (size before relaxing)
 .eh_frame      0x000000000000d020       0x9c lib/misc.o
                                         0xb4 (size before relaxing)
 .eh_frame      0x000000000000d0bc       0x20 lib/open.o
                                         0x38 (size before relaxing)
 .eh_frame      0x000000000000d0dc       0x20 lib/read.o
                                         0x38 (size before relaxing)
 .eh_frame      0x000000000000d0fc       0x20 lib/write.o
                                         0x38 (size before relaxing)
 .eh_frame      0x000000000000d11c       0x20 lib/close.o
                                         0x38 (size before relaxing)
 .eh_frame      0x000000000000d13c       0x20 lib/unlink.o
                                         0x38 (size before relaxing)
 .eh_frame      0x000000000000d15c       0x20 lib/getpid.o
                                         0x38 (size before relaxing)
 .eh_frame      0x000000000000d17c       0x20 lib/syslog.o
                                         0x38 (size before relaxing)
 .eh_frame      0x000000000000d19c      0x130 fs/main.o
                                        0x148 (size before relaxing)
 .eh_frame      0x000000000000d2cc      0x110 fs/open.o
                                        0x128 (size before relaxing)
 .eh_frame      0x000000000000d3dc       0x44 fs/misc.o
                                         0x5c (size before relaxing)
 .eh_frame      0x000000000000d420       0x2c fs/read_write.o
                                         0x44 (size before relaxing)
 .eh_frame      0x000000000000d44c       0x2c fs/link.o
                                         0x44 (size before relaxing)
 .eh_frame      0x000000000000d478       0x78 fs/disklog.o
                                         0x90 (size before relaxing)
 *(.eh_frame.*)

.gcc_except_table
 *(.gcc_except_table .gcc_except_table.*)

.gnu_extab
 *(.gnu_extab*)

.exception_ranges
 *(.exception_ranges .exception_ranges*)
                0x000000000000f000                . = DATA_SEGMENT_ALIGN (CONSTANT (MAXPAGESIZE), CONSTANT (COMMONPAGESIZE))

.eh_frame
 *(.eh_frame)
 *(.eh_frame.*)

.gnu_extab
 *(.gnu_extab)

.gcc_except_table
 *(.gcc_except_table .gcc_except_table.*)

.exception_ranges
 *(.exception_ranges .exception_ranges*)

.tdata
 *(.tdata .tdata.* .gnu.linkonce.td.*)

.tbss
 *(.tbss .tbss.* .gnu.linkonce.tb.*)
 *(.tcommon)

.preinit_array  0x000000000000f000        0x0
                [!provide]                        PROVIDE (__preinit_array_start = .)
 *(.preinit_array)
                [!provide]                        PROVIDE (__preinit_array_end = .)

.init_array     0x000000000000f000        0x0
                [!provide]                        PROVIDE (__init_array_start = .)
 *(SORT_BY_INIT_PRIORITY(.init_array.*) SORT_BY_INIT_PRIORITY(.ctors.*))
 *(.init_array EXCLUDE_FILE(*crtend?.o *crtend.o *crtbegin?.o *crtbegin.o) .ctors)
                [!provide]                        PROVIDE (__init_array_end = .)

.fini_array     0x000000000000f000        0x0
                [!provide]                        PROVIDE (__fini_array_start = .)
 *(SORT_BY_INIT_PRIORITY(.fini_array.*) SORT_BY_INIT_PRIORITY(.dtors.*))
 *(.fini_array EXCLUDE_FILE(*crtend?.o *crtend.o *crtbegin?.o *crtbegin.o) .dtors)
                [!provide]                        PROVIDE (__fini_array_end = .)

.ctors
 *crtbegin.o(.ctors)
 *crtbegin?.o(.ctors)
 *(EXCLUDE_FILE(*crtend?.o *crtend.o) .ctors)
 *(SORT_BY_NAME(.ctors.*))
 *(.ctors)

.dtors
 *crtbegin.o(.dtors)
 *crtbegin?.o(.dtors)
 *(EXCLUDE_FILE(*crtend?.o *crtend.o) .dtors)
 *(SORT_BY_NAME(.dtors.*))
 *(.dtors)

.jcr
 *(.jcr)

.data.rel.ro
 *(.data.rel.ro.local* .gnu.linkonce.d.rel.ro.local.*)
 *(.data.rel.ro .data.rel.ro.* .gnu.linkonce.d.rel.ro.*)

.dynamic
 *(.dynamic)

.got            0x000000000000f000        0x0
 *(.got)
 .got           0x000000000000f000        0x0 kernel/kernel.o
 *(.igot)
                0x000000000000f000                . = DATA_SEGMENT_RELRO_END (., (SIZEOF (.got.plt) >= 0xc)?0xc:0x0)

.got.plt        0x000000000000f000        0x0
 *(.got.plt)
 .got.plt       0x000000000000f000        0x0 kernel/kernel.o
 *(.igot.plt)
 .igot.plt      0x000000000000f000        0x0 kernel/kernel.o

.data           0x000000000000f000      0x7a0
 *(.data .data.* .gnu.linkonce.d.*)
 .data          0x000000000000f000        0x2 kernel/kernel.o
 .data          0x000000000000f002        0x0 kernel/start.o
 .data          0x000000000000f002        0x0 kernel/main.o
 .data          0x000000000000f002        0x0 kernel/clock.o
 *fill*         0x000000000000f002       0x1e 
 .data          0x000000000000f020      0x600 kernel/keyboard.o
                0x000000000000f020                keymap
 .data          0x000000000000f620       0x22 kernel/tty.o
 .data          0x000000000000f642        0x0 kernel/console.o
 .data          0x000000000000f642        0x0 kernel/i8259.o
 *fill*         0x000000000000f642       0x1e 
 .data          0x000000000000f660      0x140 kernel/global.o
                0x000000000000f660                task_table
                0x000000000000f700                user_proc_table
                0x000000000000f778                sys_call_table
                0x000000000000f784                dd_map
                0x000000000000f79c                fsbuf
 .data          0x000000000000f7a0        0x0 kernel/protect.o
 .data          0x000000000000f7a0        0x0 kernel/proc.o
 .data          0x000000000000f7a0        0x0 kernel/systask.o
 .data          0x000000000000f7a0        0x0 kernel/hd.o
 .data          0x000000000000f7a0        0x0 lib/printf.o
 .data          0x000000000000f7a0        0x0 lib/vsprintf.o
 .data          0x000000000000f7a0        0x0 lib/klib.o
 .data          0x000000000000f7a0        0x0 lib/misc.o
 .data          0x000000000000f7a0        0x0 lib/open.o
 .data          0x000000000000f7a0        0x0 lib/read.o
 .data          0x000000000000f7a0        0x0 lib/write.o
 .data          0x000000000000f7a0        0x0 lib/close.o
 .data          0x000000000000f7a0        0x0 lib/unlink.o
 .data          0x000000000000f7a0        0x0 lib/getpid.o
 .data          0x000000000000f7a0        0x0 lib/syslog.o
 .data          0x000000000000f7a0        0x0 fs/main.o
 .data          0x000000000000f7a0        0x0 fs/open.o
 .data          0x000000000000f7a0        0x0 fs/misc.o
 .data          0x000000000000f7a0        0x0 fs/read_write.o
 .data          0x000000000000f7a0        0x0 fs/link.o
 .data          0x000000000000f7a0        0x0 fs/disklog.o

.data1
 *(.data1)
                0x000000000000f7a0                _edata = .
                [!provide]                        PROVIDE (edata = .)
                0x000000000000f7a0                . = .
                0x000000000000f7a0                __bss_start = .

.bss            0x000000000000f7a0    0x3c65c
 *(.dynbss)
 *(.bss .bss.* .gnu.linkonce.b.*)
 .bss           0x000000000000f7a0      0x800 kernel/kernel.o
 .bss           0x000000000000ffa0        0x0 kernel/start.o
 .bss           0x000000000000ffa0        0x0 kernel/main.o
 .bss           0x000000000000ffa0        0x0 kernel/clock.o
 .bss           0x000000000000ffa0       0x58 kernel/keyboard.o
 .bss           0x000000000000fff8        0x0 kernel/tty.o
 .bss           0x000000000000fff8        0x0 kernel/console.o
 .bss           0x000000000000fff8        0x0 kernel/i8259.o
 .bss           0x000000000000fff8        0x0 kernel/global.o
 .bss           0x000000000000fff8        0x0 kernel/protect.o
 .bss           0x000000000000fff8        0x0 kernel/proc.o
 .bss           0x000000000000fff8        0x0 kernel/systask.o
 *fill*         0x000000000000fff8        0x8 
 .bss           0x0000000000010000      0x64c kernel/hd.o
 .bss           0x000000000001064c        0x0 lib/printf.o
 .bss           0x000000000001064c        0x0 lib/vsprintf.o
 .bss           0x000000000001064c        0x0 lib/klib.o
 .bss           0x000000000001064c        0x0 lib/misc.o
 .bss           0x000000000001064c        0x0 lib/open.o
 .bss           0x000000000001064c        0x0 lib/read.o
 .bss           0x000000000001064c        0x0 lib/write.o
 .bss           0x000000000001064c        0x0 lib/close.o
 .bss           0x000000000001064c        0x0 lib/unlink.o
 .bss           0x000000000001064c        0x0 lib/getpid.o
 .bss           0x000000000001064c        0x0 lib/syslog.o
 .bss           0x000000000001064c        0x0 fs/main.o
 .bss           0x000000000001064c        0x0 fs/open.o
 .bss           0x000000000001064c        0x0 fs/misc.o
 .bss           0x000000000001064c        0x0 fs/read_write.o
 .bss           0x000000000001064c        0x0 fs/link.o
 *fill*         0x000000000001064c       0x14 
 .bss           0x0000000000010660      0x208 fs/disklog.o
 *(COMMON)
 *fill*         0x0000000000010868       0x18 
 COMMON         0x0000000000010880    0x3b56c kernel/global.o
                0x0000000000010880                idt_ptr
                0x00000000000108a0                inode_table
                0x00000000000113a0                task_stack
                0x00000000000493a0                k_reenter
                0x00000000000493c0                gdt
                0x00000000000497c0                current_console
                0x00000000000497c4                pcaller
                0x00000000000497e0                tty_table
                0x000000000004a460                tss
                0x000000000004a4e0                fs_msg
                0x000000000004a520                f_desc_table
                0x000000000004a820                root_inode
                0x000000000004a824                disp_pos
                0x000000000004a828                key_pressed
                0x000000000004a82c                gdt_ptr
                0x000000000004a840                idt
                0x000000000004b040                super_block
                0x000000000004b220                ticks
                0x000000000004b240                console_table
                0x000000000004b280                irq_table
                0x000000000004b2c0                p_proc_ready
                0x000000000004b2e0                proc_table
 COMMON         0x000000000004bdec       0x10 kernel/hd.o
                0x000000000004bdec                PARTITION_ENTRY
                0x000000000004bdfc                . = ALIGN ((. != 0x0)?0x4:0x1)
                0x000000000004bdfc                . = ALIGN (0x4)
                0x000000000004bdfc                . = SEGMENT_START ("ldata-segment", .)
                0x000000000004bdfc                . = ALIGN (0x4)
                0x000000000004bdfc                _end = .
                [!provide]                        PROVIDE (end = .)
                0x000000000004bdfc                . = DATA_SEGMENT_END (.)

.stab
 *(.stab)

.stabstr
 *(.stabstr)

.stab.excl
 *(.stab.excl)

.stab.exclstr
 *(.stab.exclstr)

.stab.index
 *(.stab.index)

.stab.indexstr
 *(.stab.indexstr)

.comment        0x0000000000000000       0x2c
 *(.comment)
 .comment       0x0000000000000000       0x2c kernel/start.o
                                         0x2d (size before relaxing)
 .comment       0x000000000000002c       0x2d kernel/main.o
 .comment       0x000000000000002c       0x2d kernel/clock.o
 .comment       0x000000000000002c       0x2d kernel/keyboard.o
 .comment       0x000000000000002c       0x2d kernel/tty.o
 .comment       0x000000000000002c       0x2d kernel/console.o
 .comment       0x000000000000002c       0x2d kernel/i8259.o
 .comment       0x000000000000002c       0x2d kernel/global.o
 .comment       0x000000000000002c       0x2d kernel/protect.o
 .comment       0x000000000000002c       0x2d kernel/proc.o
 .comment       0x000000000000002c       0x2d kernel/systask.o
 .comment       0x000000000000002c       0x2d kernel/hd.o
 .comment       0x000000000000002c       0x2d lib/printf.o
 .comment       0x000000000000002c       0x2d lib/vsprintf.o
 .comment       0x000000000000002c       0x2d lib/klib.o
 .comment       0x000000000000002c       0x2d lib/misc.o
 .comment       0x000000000000002c       0x2d lib/open.o
 .comment       0x000000000000002c       0x2d lib/read.o
 .comment       0x000000000000002c       0x2d lib/write.o
 .comment       0x000000000000002c       0x2d lib/close.o
 .comment       0x000000000000002c       0x2d lib/unlink.o
 .comment       0x000000000000002c       0x2d lib/getpid.o
 .comment       0x000000000000002c       0x2d lib/syslog.o
 .comment       0x000000000000002c       0x2d fs/main.o
 .comment       0x000000000000002c       0x2d fs/open.o
 .comment       0x000000000000002c       0x2d fs/misc.o
 .comment       0x000000000000002c       0x2d fs/read_write.o
 .comment       0x000000000000002c       0x2d fs/link.o
 .comment       0x000000000000002c       0x2d fs/disklog.o

.gnu.build.attributes
 *(.gnu.build.attributes .gnu.build.attributes.*)

.debug
 *(.debug)

.line
 *(.line)

.debug_srcinfo
 *(.debug_srcinfo)

.debug_sfnames
 *(.debug_sfnames)

.debug_aranges  0x0000000000000000      0x398
 *(.debug_aranges)
 .debug_aranges
                0x0000000000000000       0x20 kernel/start.o
 .debug_aranges
                0x0000000000000020       0x20 kernel/main.o
 .debug_aranges
                0x0000000000000040       0x20 kernel/clock.o
 .debug_aranges
                0x0000000000000060       0x20 kernel/keyboard.o
 .debug_aranges
                0x0000000000000080       0x20 kernel/tty.o
 .debug_aranges
                0x00000000000000a0       0x20 kernel/console.o
 .debug_aranges
                0x00000000000000c0       0x20 kernel/i8259.o
 .debug_aranges
                0x00000000000000e0       0x18 kernel/global.o
 .debug_aranges
                0x00000000000000f8       0x20 kernel/protect.o
 .debug_aranges
                0x0000000000000118       0x20 kernel/proc.o
 .debug_aranges
                0x0000000000000138       0x20 kernel/systask.o
 .debug_aranges
                0x0000000000000158       0x20 kernel/hd.o
 .debug_aranges
                0x0000000000000178       0x20 lib/printf.o
 .debug_aranges
                0x0000000000000198       0x20 lib/vsprintf.o
 .debug_aranges
                0x00000000000001b8       0x20 lib/klib.o
 .debug_aranges
                0x00000000000001d8       0x20 lib/misc.o
 .debug_aranges
                0x00000000000001f8       0x20 lib/open.o
 .debug_aranges
                0x0000000000000218       0x20 lib/read.o
 .debug_aranges
                0x0000000000000238       0x20 lib/write.o
 .debug_aranges
                0x0000000000000258       0x20 lib/close.o
 .debug_aranges
                0x0000000000000278       0x20 lib/unlink.o
 .debug_aranges
                0x0000000000000298       0x20 lib/getpid.o
 .debug_aranges
                0x00000000000002b8       0x20 lib/syslog.o
 .debug_aranges
                0x00000000000002d8       0x20 fs/main.o
 .debug_aranges
                0x00000000000002f8       0x20 fs/open.o
 .debug_aranges
                0x0000000000000318       0x20 fs/misc.o
 .debug_aranges
                0x0000000000000338       0x20 fs/read_write.o
 .debug_aranges
                0x0000000000000358       0x20 fs/link.o
 .debug_aranges
                0x0000000000000378       0x20 fs/disklog.o

.debug_pubnames
 *(.debug_pubnames)

.debug_info     0x0000000000000000    0x187ee
 *(.debug_info .gnu.linkonce.wi.*)
 .debug_info    0x0000000000000000      0xb93 kernel/start.o
 .debug_info    0x0000000000000b93      0xea3 kernel/main.o
 .debug_info    0x0000000000001a36      0xba1 kernel/clock.o
 .debug_info    0x00000000000025d7      0xe3b kernel/keyboard.o
 .debug_info    0x0000000000003412      0xf67 kernel/tty.o
 .debug_info    0x0000000000004379      0xe11 kernel/console.o
 .debug_info    0x000000000000518a      0xbb5 kernel/i8259.o
 .debug_info    0x0000000000005d3f      0xc4d kernel/global.o
 .debug_info    0x000000000000698c      0xd30 kernel/protect.o
 .debug_info    0x00000000000076bc     0x1069 kernel/proc.o
 .debug_info    0x0000000000008725      0xc01 kernel/systask.o
 .debug_info    0x0000000000009326     0x1380 kernel/hd.o
 .debug_info    0x000000000000a6a6      0xbba lib/printf.o
 .debug_info    0x000000000000b260      0xcdb lib/vsprintf.o
 .debug_info    0x000000000000bf3b      0xc2e lib/klib.o
 .debug_info    0x000000000000cb69      0xcde lib/misc.o
 .debug_info    0x000000000000d847      0xc18 lib/open.o
 .debug_info    0x000000000000e45f      0xc17 lib/read.o
 .debug_info    0x000000000000f076      0xc22 lib/write.o
 .debug_info    0x000000000000fc98      0xbf9 lib/close.o
 .debug_info    0x0000000000010891      0xc09 lib/unlink.o
 .debug_info    0x000000000001149a      0xbeb lib/getpid.o
 .debug_info    0x0000000000012085      0xc60 lib/syslog.o
 .debug_info    0x0000000000012ce5     0x1054 fs/main.o
 .debug_info    0x0000000000013d39     0x1060 fs/open.o
 .debug_info    0x0000000000014d99      0xddb fs/misc.o
 .debug_info    0x0000000000015b74      0xd0d fs/read_write.o
 .debug_info    0x0000000000016881      0xda7 fs/link.o
 .debug_info    0x0000000000017628     0x11c6 fs/disklog.o

.debug_abbrev   0x0000000000000000     0x399b
 *(.debug_abbrev)
 .debug_abbrev  0x0000000000000000      0x176 kernel/start.o
 .debug_abbrev  0x0000000000000176      0x221 kernel/main.o
 .debug_abbrev  0x0000000000000397      0x1cc kernel/clock.o
 .debug_abbrev  0x0000000000000563      0x23f kernel/keyboard.o
 .debug_abbrev  0x00000000000007a2      0x2b7 kernel/tty.o
 .debug_abbrev  0x0000000000000a59      0x253 kernel/console.o
 .debug_abbrev  0x0000000000000cac      0x1b2 kernel/i8259.o
 .debug_abbrev  0x0000000000000e5e      0x181 kernel/global.o
 .debug_abbrev  0x0000000000000fdf      0x1fb kernel/protect.o
 .debug_abbrev  0x00000000000011da      0x2f5 kernel/proc.o
 .debug_abbrev  0x00000000000014cf      0x1a4 kernel/systask.o
 .debug_abbrev  0x0000000000001673      0x318 kernel/hd.o
 .debug_abbrev  0x000000000000198b      0x192 lib/printf.o
 .debug_abbrev  0x0000000000001b1d      0x1db lib/vsprintf.o
 .debug_abbrev  0x0000000000001cf8      0x1e3 lib/klib.o
 .debug_abbrev  0x0000000000001edb      0x1bd lib/misc.o
 .debug_abbrev  0x0000000000002098      0x1b2 lib/open.o
 .debug_abbrev  0x000000000000224a      0x1c1 lib/read.o
 .debug_abbrev  0x000000000000240b      0x1c8 lib/write.o
 .debug_abbrev  0x00000000000025d3      0x1b0 lib/close.o
 .debug_abbrev  0x0000000000002783      0x1b2 lib/unlink.o
 .debug_abbrev  0x0000000000002935      0x19d lib/getpid.o
 .debug_abbrev  0x0000000000002ad2      0x1cb lib/syslog.o
 .debug_abbrev  0x0000000000002c9d      0x281 fs/main.o
 .debug_abbrev  0x0000000000002f1e      0x2b2 fs/open.o
 .debug_abbrev  0x00000000000031d0      0x1f4 fs/misc.o
 .debug_abbrev  0x00000000000033c4      0x1c2 fs/read_write.o
 .debug_abbrev  0x0000000000003586      0x1b9 fs/link.o
 .debug_abbrev  0x000000000000373f      0x25c fs/disklog.o

.debug_line     0x0000000000000000     0x475e
 *(.debug_line .debug_line.* .debug_line_end)
 .debug_line    0x0000000000000000       0xd6 kernel/start.o
 .debug_line    0x00000000000000d6      0x32a kernel/main.o
 .debug_line    0x0000000000000400      0x112 kernel/clock.o
 .debug_line    0x0000000000000512      0x492 kernel/keyboard.o
 .debug_line    0x00000000000009a4      0x475 kernel/tty.o
 .debug_line    0x0000000000000e19      0x423 kernel/console.o
 .debug_line    0x000000000000123c       0xe2 kernel/i8259.o
 .debug_line    0x000000000000131e       0x8f kernel/global.o
 .debug_line    0x00000000000013ad      0x205 kernel/protect.o
 .debug_line    0x00000000000015b2      0x799 kernel/proc.o
 .debug_line    0x0000000000001d4b       0xd3 kernel/systask.o
 .debug_line    0x0000000000001e1e      0x64d kernel/hd.o
 .debug_line    0x000000000000246b       0xb1 lib/printf.o
 .debug_line    0x000000000000251c      0x23a lib/vsprintf.o
 .debug_line    0x0000000000002756      0x13f lib/klib.o
 .debug_line    0x0000000000002895      0x1b9 lib/misc.o
 .debug_line    0x0000000000002a4e       0xc8 lib/open.o
 .debug_line    0x0000000000002b16       0xb6 lib/read.o
 .debug_line    0x0000000000002bcc       0xb7 lib/write.o
 .debug_line    0x0000000000002c83       0xb5 lib/close.o
 .debug_line    0x0000000000002d38       0xbe lib/unlink.o
 .debug_line    0x0000000000002df6       0xbe lib/getpid.o
 .debug_line    0x0000000000002eb4       0xe5 lib/syslog.o
 .debug_line    0x0000000000002f99      0x5b8 fs/main.o
 .debug_line    0x0000000000003551      0x4a6 fs/open.o
 .debug_line    0x00000000000039f7      0x190 fs/misc.o
 .debug_line    0x0000000000003b87      0x272 fs/read_write.o
 .debug_line    0x0000000000003df9      0x306 fs/link.o
 .debug_line    0x00000000000040ff      0x65f fs/disklog.o

.debug_frame
 *(.debug_frame)

.debug_str      0x0000000000000000     0x125f
 *(.debug_str)
 .debug_str     0x0000000000000000      0x50a kernel/start.o
                                        0x5b3 (size before relaxing)
 .debug_str     0x000000000000050a      0x150 kernel/main.o
                                        0x6e6 (size before relaxing)
 .debug_str     0x000000000000065a       0x3e kernel/clock.o
                                        0x5ad (size before relaxing)
 .debug_str     0x0000000000000698      0x131 kernel/keyboard.o
                                        0x6b5 (size before relaxing)
 .debug_str     0x00000000000007c9       0xaa kernel/tty.o
                                        0x6cf (size before relaxing)
 .debug_str     0x0000000000000873       0xfa kernel/console.o
                                        0x673 (size before relaxing)
 .debug_str     0x000000000000096d       0x37 kernel/i8259.o
                                        0x5ae (size before relaxing)
 .debug_str     0x00000000000009a4       0x2b kernel/global.o
                                        0x59a (size before relaxing)
 .debug_str     0x00000000000009cf       0xbb kernel/protect.o
                                        0x65b (size before relaxing)
 .debug_str     0x0000000000000a8a      0x10b kernel/proc.o
                                        0x74c (size before relaxing)
 .debug_str     0x0000000000000b95       0x1a kernel/systask.o
                                        0x632 (size before relaxing)
 .debug_str     0x0000000000000baf      0x235 kernel/hd.o
                                        0x888 (size before relaxing)
 .debug_str     0x0000000000000de4        0xd lib/printf.o
                                        0x58b (size before relaxing)
 .debug_str     0x0000000000000df1       0x3b lib/vsprintf.o
                                        0x5bf (size before relaxing)
 .debug_str     0x0000000000000e2c       0x2b lib/klib.o
                                        0x5a5 (size before relaxing)
 .debug_str     0x0000000000000e57       0x50 lib/misc.o
                                        0x5c4 (size before relaxing)
 .debug_str     0x0000000000000ea7       0x14 lib/open.o
                                        0x631 (size before relaxing)
 .debug_str     0x0000000000000ebb        0xb lib/read.o
                                        0x62e (size before relaxing)
 .debug_str     0x0000000000000ec6        0xc lib/write.o
                                        0x630 (size before relaxing)
 .debug_str     0x0000000000000ed2        0xc lib/close.o
                                        0x62a (size before relaxing)
 .debug_str     0x0000000000000ede        0xd lib/unlink.o
                                        0x635 (size before relaxing)
 .debug_str     0x0000000000000eeb       0x14 lib/getpid.o
                                        0x62c (size before relaxing)
 .debug_str     0x0000000000000eff       0x14 lib/syslog.o
                                        0x634 (size before relaxing)
 .debug_str     0x0000000000000f13       0xab fs/main.o
                                        0x760 (size before relaxing)
 .debug_str     0x0000000000000fbe       0xfb fs/open.o
                                        0x753 (size before relaxing)
 .debug_str     0x00000000000010b9       0x29 fs/misc.o
                                        0x70e (size before relaxing)
 .debug_str     0x00000000000010e2       0x47 fs/read_write.o
                                        0x676 (size before relaxing)
 .debug_str     0x0000000000001129       0x41 fs/link.o
                                        0x6bd (size before relaxing)
 .debug_str     0x000000000000116a       0xf5 fs/disklog.o
                                        0x84f (size before relaxing)

.debug_loc
 *(.debug_loc)

.debug_macinfo
 *(.debug_macinfo)

.debug_weaknames
 *(.debug_weaknames)

.debug_funcnames
 *(.debug_funcnames)

.debug_typenames
 *(.debug_typenames)

.debug_varnames
 *(.debug_varnames)

.debug_pubtypes
 *(.debug_pubtypes)

.debug_ranges   0x0000000000000000       0x30
 *(.debug_ranges)
 .debug_ranges  0x0000000000000000       0x30 kernel/hd.o

.debug_macro
 *(.debug_macro)

.debug_addr
 *(.debug_addr)

.gnu.attributes
 *(.gnu.attributes)

/DISCARD/
 *(.note.GNU-stack)
 *(.gnu_debuglink)
 *(.gnu.lto_*)
 *(.gnu_object_only)
OUTPUT(kernel.bin elf32-i386)
