
Allocating common symbols
Common symbol       size              file

idt_ptr             0x6               kernel/global.o
task_stack          0x38000           kernel/global.o
k_reenter           0x4               kernel/global.o
gdt                 0x400             kernel/global.o
tty_table           0xc30             kernel/global.o
tss                 0x68              kernel/global.o
nr_current_console  0x4               kernel/global.o
disp_pos            0x4               kernel/global.o
gdt_ptr             0x6               kernel/global.o
idt                 0x800             kernel/global.o
PARTITION_ENTRY     0x10              kernel/hd.o
ticks               0x4               kernel/global.o
console_table       0x30              kernel/global.o
irq_table           0x40              kernel/global.o
p_proc_ready        0x4               kernel/global.o
proc_table          0x428             kernel/global.o

Discarded input sections

 .note.GNU-stack
                0x0000000000000000        0x0 kernel/start.o
 .note.GNU-stack
                0x0000000000000000        0x0 kernel/main.o
 .note.GNU-stack
                0x0000000000000000        0x0 kernel/clock.o
 .note.GNU-stack
                0x0000000000000000        0x0 kernel/keyboard.o
 .note.GNU-stack
                0x0000000000000000        0x0 kernel/tty.o
 .note.GNU-stack
                0x0000000000000000        0x0 kernel/console.o
 .note.GNU-stack
                0x0000000000000000        0x0 kernel/i8259.o
 .note.GNU-stack
                0x0000000000000000        0x0 kernel/global.o
 .note.GNU-stack
                0x0000000000000000        0x0 kernel/protect.o
 .note.GNU-stack
                0x0000000000000000        0x0 kernel/proc.o
 .note.GNU-stack
                0x0000000000000000        0x0 kernel/systask.o
 .note.GNU-stack
                0x0000000000000000        0x0 kernel/hd.o
 .note.GNU-stack
                0x0000000000000000        0x0 kernel/printf.o
 .note.GNU-stack
                0x0000000000000000        0x0 kernel/vsprintf.o
 .note.GNU-stack
                0x0000000000000000        0x0 lib/klib.o
 .note.GNU-stack
                0x0000000000000000        0x0 lib/misc.o
 .note.GNU-stack
                0x0000000000000000        0x0 fs/main.o

Memory Configuration

Name             Origin             Length             Attributes
*default*        0x0000000000000000 0xffffffffffffffff

Linker script and memory map

Address of section .text set to 0x30400
LOAD kernel/kernel.o
LOAD kernel/syscall.o
LOAD kernel/start.o
LOAD kernel/main.o
LOAD kernel/clock.o
LOAD kernel/keyboard.o
LOAD kernel/tty.o
LOAD kernel/console.o
LOAD kernel/i8259.o
LOAD kernel/global.o
LOAD kernel/protect.o
LOAD kernel/proc.o
LOAD kernel/systask.o
LOAD kernel/hd.o
LOAD kernel/printf.o
LOAD kernel/vsprintf.o
LOAD lib/kliba.o
LOAD lib/klib.o
LOAD lib/string.o
LOAD lib/misc.o
LOAD fs/main.o
                [!provide]                        PROVIDE (__executable_start = SEGMENT_START ("text-segment", 0x8048000))
                0x0000000008048094                . = (SEGMENT_START ("text-segment", 0x8048000) + SIZEOF_HEADERS)

.interp
 *(.interp)

.note.gnu.build-id
 *(.note.gnu.build-id)

.hash
 *(.hash)

.gnu.hash
 *(.gnu.hash)

.dynsym
 *(.dynsym)

.dynstr
 *(.dynstr)

.gnu.version
 *(.gnu.version)

.gnu.version_d
 *(.gnu.version_d)

.gnu.version_r
 *(.gnu.version_r)

.rel.dyn        0x0000000008048094        0x0
 *(.rel.init)
 *(.rel.text .rel.text.* .rel.gnu.linkonce.t.*)
 .rel.text      0x0000000008048094        0x0 kernel/kernel.o
 *(.rel.fini)
 *(.rel.rodata .rel.rodata.* .rel.gnu.linkonce.r.*)
 *(.rel.data.rel.ro .rel.data.rel.ro.* .rel.gnu.linkonce.d.rel.ro.*)
 *(.rel.data .rel.data.* .rel.gnu.linkonce.d.*)
 *(.rel.tdata .rel.tdata.* .rel.gnu.linkonce.td.*)
 *(.rel.tbss .rel.tbss.* .rel.gnu.linkonce.tb.*)
 *(.rel.ctors)
 *(.rel.dtors)
 *(.rel.got)
 .rel.got       0x0000000008048094        0x0 kernel/kernel.o
 *(.rel.bss .rel.bss.* .rel.gnu.linkonce.b.*)
 *(.rel.ifunc)

.rel.plt        0x0000000008048094        0x0
 *(.rel.plt)
                [!provide]                        PROVIDE (__rel_iplt_start = .)
 *(.rel.iplt)
 .rel.iplt      0x0000000008048094        0x0 kernel/kernel.o
                [!provide]                        PROVIDE (__rel_iplt_end = .)

.init
 *(SORT_NONE(.init))

.plt            0x0000000008048098        0x0
 *(.plt)
 *(.iplt)
 .iplt          0x0000000008048098        0x0 kernel/kernel.o

.plt.got
 *(.plt.got)

.plt.sec
 *(.plt.sec)

.text           0x0000000000030400     0x4ced
 *(.text.unlikely .text.*_unlikely .text.unlikely.*)
 *(.text.exit .text.exit.*)
 *(.text.startup .text.startup.*)
 *(.text.hot .text.hot.*)
 *(.text .stub .text.* .gnu.linkonce.t.*)
 .text          0x0000000000030400      0x410 kernel/kernel.o
                0x0000000000030400                _start
                0x0000000000030440                hwint00
                0x0000000000030470                hwint01
                0x00000000000304a0                hwint02
                0x00000000000304d0                hwint03
                0x0000000000030500                hwint04
                0x0000000000030530                hwint05
                0x0000000000030560                hwint06
                0x0000000000030590                hwint07
                0x00000000000305c0                hwint08
                0x00000000000305f0                hwint09
                0x0000000000030620                hwint10
                0x0000000000030650                hwint11
                0x0000000000030680                hwint12
                0x00000000000306b0                hwint13
                0x00000000000306e0                hwint14
                0x0000000000030710                hwint15
                0x0000000000030734                divide_error
                0x000000000003073a                single_step_exception
                0x0000000000030740                nmi
                0x0000000000030746                breakpoint_exception
                0x000000000003074c                overflow
                0x0000000000030752                bounds_check
                0x0000000000030758                inval_opcode
                0x000000000003075e                copr_not_available
                0x0000000000030764                double_fault
                0x0000000000030768                copr_seg_overrun
                0x000000000003076e                inval_tss
                0x0000000000030772                segment_not_present
                0x0000000000030776                stack_exception
                0x000000000003077a                general_protection
                0x000000000003077e                page_fault
                0x0000000000030782                copr_error
                0x00000000000307cb                sys_call
                0x00000000000307eb                restart
 .text          0x0000000000030810       0x20 kernel/syscall.o
                0x0000000000030810                sendrec
                0x0000000000030824                printx
 .text          0x0000000000030830       0x95 kernel/start.o
                0x0000000000030830                cstart
 .text          0x00000000000308c5      0x359 kernel/main.o
                0x00000000000308c5                kernel_main
                0x0000000000030b4c                get_ticks
                0x0000000000030b80                TestA
                0x0000000000030b85                TestB
                0x0000000000030bad                TestC
                0x0000000000030bd5                panic
 .text          0x0000000000030c1e       0xc5 kernel/clock.o
                0x0000000000030c1e                clock_handler
                0x0000000000030c61                milli_delay
                0x0000000000030c8b                init_clock
 .text          0x0000000000030ce3      0x689 kernel/keyboard.o
                0x0000000000030ce3                keyboard_handler
                0x0000000000030d43                init_keyboard
                0x0000000000030de8                keyboard_read
 .text          0x000000000003136c      0x514 kernel/tty.o
                0x000000000003136c                task_tty
                0x0000000000031426                in_process
                0x000000000003168c                tty_write
                0x00000000000316d2                sys_printx
 .text          0x0000000000031880      0x426 kernel/console.o
                0x0000000000031880                init_screen
                0x00000000000319a0                is_current_console
                0x00000000000319bb                out_char
                0x0000000000031c05                select_console
                0x0000000000031c3b                scroll_screen
 .text          0x0000000000031ca6      0x130 kernel/i8259.o
                0x0000000000031ca6                init_8259A
                0x0000000000031d7b                spurious_irq
                0x0000000000031db2                put_irq_handler
 .text          0x0000000000031dd6        0x0 kernel/global.o
 .text          0x0000000000031dd6      0x614 kernel/protect.o
                0x0000000000031dd6                init_prot
                0x00000000000321f3                seg2phys
                0x00000000000322af                exception_handler
 .text          0x00000000000323ea     0x1738 kernel/proc.o
                0x00000000000323ea                schedule
                0x0000000000032476                sys_sendrec
                0x0000000000032594                send_recv
                0x0000000000032651                ldt_seg_linear
                0x000000000003269b                va2la
                0x00000000000326fc                reset_msg
                0x00000000000334f2                inform_int
                0x000000000003366e                dump_proc
                0x0000000000033a14                dump_msg
 .text          0x0000000000033b22       0x58 kernel/systask.o
                0x0000000000033b22                task_sys
 .text          0x0000000000033b7a      0xe13 kernel/hd.o
                0x0000000000033b7a                task_hd
                0x0000000000034962                hd_handler
 .text          0x000000000003498d       0x50 kernel/printf.o
                0x000000000003498d                printf
 .text          0x00000000000349dd      0x309 kernel/vsprintf.o
                0x0000000000034a43                vsprintf
                0x0000000000034cc0                sprintf
 *fill*         0x0000000000034ce6        0xa 
 .text          0x0000000000034cf0      0x19a lib/kliba.o
                0x0000000000034cf0                disp_str
                0x0000000000034d2e                disp_color_str
                0x0000000000034d6d                out_byte
                0x0000000000034d79                in_byte
                0x0000000000034d83                port_read
                0x0000000000034d96                port_write
                0x0000000000034da9                disable_irq
                0x0000000000034dde                enable_irq
                0x0000000000034dfd                disable_int
                0x0000000000034dff                enable_int
                0x0000000000034e01                glitter
 .text          0x0000000000034e8a      0x119 lib/klib.o
                0x0000000000034e8a                itoa
                0x0000000000034f35                disp_int
                0x0000000000034f5c                delay
 *fill*         0x0000000000034fa3        0xd 
 .text          0x0000000000034fb0       0x78 lib/string.o
                0x0000000000034fb0                memcpy
                0x0000000000034fd9                memset
                0x0000000000034ffa                strcpy
                0x0000000000035012                strlen
 .text          0x0000000000035028       0x54 lib/misc.o
                0x0000000000035028                spin
                0x0000000000035043                assertion_failure
 .text          0x000000000003507c       0x71 fs/main.o
                0x000000000003507c                task_fs
 *(.gnu.warning)

.fini
 *(SORT_NONE(.fini))
                [!provide]                        PROVIDE (__etext = .)
                [!provide]                        PROVIDE (_etext = .)
                [!provide]                        PROVIDE (etext = .)

.rodata         0x0000000000035100      0xfa3
 *(.rodata .rodata.* .gnu.linkonce.r.*)
 .rodata        0x0000000000035100       0x47 kernel/start.o
 *fill*         0x0000000000035147        0x1 
 .rodata        0x0000000000035148       0x34 kernel/main.o
 .rodata        0x000000000003517c       0x64 kernel/keyboard.o
 .rodata        0x00000000000351e0       0x90 kernel/tty.o
 .rodata        0x0000000000035270       0x11 kernel/i8259.o
 *fill*         0x0000000000035281        0x3 
 .rodata        0x0000000000035284        0x4 kernel/global.o
                0x0000000000035284                FSBUF_SIZE
 *fill*         0x0000000000035288       0x18 
 .rodata        0x00000000000352a0      0x540 kernel/protect.o
 .rodata        0x00000000000357e0      0x63e kernel/proc.o
 .rodata        0x0000000000035e1e       0x11 kernel/systask.o
 *fill*         0x0000000000035e2f        0x1 
 .rodata        0x0000000000035e30      0x1ba kernel/hd.o
 *fill*         0x0000000000035fea        0x2 
 .rodata        0x0000000000035fec       0x61 lib/misc.o
 *fill*         0x000000000003604d        0x3 
 .rodata        0x0000000000036050       0x53 fs/main.o

.rodata1
 *(.rodata1)

.eh_frame_hdr
 *(.eh_frame_hdr)
 *(.eh_frame_entry .eh_frame_entry.*)

.eh_frame       0x00000000000360a4      0xa5c
 *(.eh_frame)
 .eh_frame      0x00000000000360a4       0x38 kernel/start.o
 .eh_frame      0x00000000000360dc       0xb0 kernel/main.o
                                         0xc8 (size before relaxing)
 .eh_frame      0x000000000003618c       0x60 kernel/clock.o
                                         0x78 (size before relaxing)
 .eh_frame      0x00000000000361ec       0xe0 kernel/keyboard.o
                                         0xf8 (size before relaxing)
 .eh_frame      0x00000000000362cc       0xfc kernel/tty.o
                                        0x114 (size before relaxing)
 .eh_frame      0x00000000000363c8      0x100 kernel/console.o
                                        0x118 (size before relaxing)
 .eh_frame      0x00000000000364c8       0x60 kernel/i8259.o
                                         0x78 (size before relaxing)
 .eh_frame      0x0000000000036528       0xb0 kernel/protect.o
                                         0xc8 (size before relaxing)
 .eh_frame      0x00000000000365d8      0x1d8 kernel/proc.o
                                        0x1f0 (size before relaxing)
 .eh_frame      0x00000000000367b0       0x1c kernel/systask.o
                                         0x34 (size before relaxing)
 .eh_frame      0x00000000000367cc      0x1f4 kernel/hd.o
                                        0x20c (size before relaxing)
 .eh_frame      0x00000000000369c0       0x20 kernel/printf.o
                                         0x38 (size before relaxing)
 .eh_frame      0x00000000000369e0       0x64 kernel/vsprintf.o
                                         0x7c (size before relaxing)
 .eh_frame      0x0000000000036a44       0x60 lib/klib.o
                                         0x78 (size before relaxing)
 .eh_frame      0x0000000000036aa4       0x3c lib/misc.o
                                         0x54 (size before relaxing)
 .eh_frame      0x0000000000036ae0       0x20 fs/main.o
                                         0x38 (size before relaxing)
 *(.eh_frame.*)

.gcc_except_table
 *(.gcc_except_table .gcc_except_table.*)

.gnu_extab
 *(.gnu_extab*)

.exception_ranges
 *(.exception_ranges .exception_ranges*)
                0x0000000000038000                . = DATA_SEGMENT_ALIGN (CONSTANT (MAXPAGESIZE), CONSTANT (COMMONPAGESIZE))

.eh_frame
 *(.eh_frame)
 *(.eh_frame.*)

.gnu_extab
 *(.gnu_extab)

.gcc_except_table
 *(.gcc_except_table .gcc_except_table.*)

.exception_ranges
 *(.exception_ranges .exception_ranges*)

.tdata
 *(.tdata .tdata.* .gnu.linkonce.td.*)

.tbss
 *(.tbss .tbss.* .gnu.linkonce.tb.*)
 *(.tcommon)

.preinit_array  0x0000000000038000        0x0
                [!provide]                        PROVIDE (__preinit_array_start = .)
 *(.preinit_array)
                [!provide]                        PROVIDE (__preinit_array_end = .)

.init_array     0x0000000000038000        0x0
                [!provide]                        PROVIDE (__init_array_start = .)
 *(SORT_BY_INIT_PRIORITY(.init_array.*) SORT_BY_INIT_PRIORITY(.ctors.*))
 *(.init_array EXCLUDE_FILE(*crtend?.o *crtend.o *crtbegin?.o *crtbegin.o) .ctors)
                [!provide]                        PROVIDE (__init_array_end = .)

.fini_array     0x0000000000038000        0x0
                [!provide]                        PROVIDE (__fini_array_start = .)
 *(SORT_BY_INIT_PRIORITY(.fini_array.*) SORT_BY_INIT_PRIORITY(.dtors.*))
 *(.fini_array EXCLUDE_FILE(*crtend?.o *crtend.o *crtbegin?.o *crtbegin.o) .dtors)
                [!provide]                        PROVIDE (__fini_array_end = .)

.ctors
 *crtbegin.o(.ctors)
 *crtbegin?.o(.ctors)
 *(EXCLUDE_FILE(*crtend?.o *crtend.o) .ctors)
 *(SORT_BY_NAME(.ctors.*))
 *(.ctors)

.dtors
 *crtbegin.o(.dtors)
 *crtbegin?.o(.dtors)
 *(EXCLUDE_FILE(*crtend?.o *crtend.o) .dtors)
 *(SORT_BY_NAME(.dtors.*))
 *(.dtors)

.jcr
 *(.jcr)

.data.rel.ro
 *(.data.rel.ro.local* .gnu.linkonce.d.rel.ro.local.*)
 *(.data.rel.ro .data.rel.ro.* .gnu.linkonce.d.rel.ro.*)

.dynamic
 *(.dynamic)

.got            0x0000000000038000        0x0
 *(.got)
 .got           0x0000000000038000        0x0 kernel/kernel.o
 *(.igot)
                0x0000000000038000                . = DATA_SEGMENT_RELRO_END (., (SIZEOF (.got.plt) >= 0xc)?0xc:0x0)

.got.plt        0x0000000000038000        0x0
 *(.got.plt)
 .got.plt       0x0000000000038000        0x0 kernel/kernel.o
 *(.igot.plt)
 .igot.plt      0x0000000000038000        0x0 kernel/kernel.o

.data           0x0000000000038000      0x760
 *(.data .data.* .gnu.linkonce.d.*)
 .data          0x0000000000038000        0x2 kernel/kernel.o
 .data          0x0000000000038002        0x0 kernel/start.o
 .data          0x0000000000038002        0x0 kernel/main.o
 .data          0x0000000000038002        0x0 kernel/clock.o
 *fill*         0x0000000000038002       0x1e 
 .data          0x0000000000038020      0x600 kernel/keyboard.o
                0x0000000000038020                keymap
 .data          0x0000000000038620        0x0 kernel/tty.o
 .data          0x0000000000038620        0x0 kernel/console.o
 .data          0x0000000000038620        0x0 kernel/i8259.o
 .data          0x0000000000038620      0x140 kernel/global.o
                0x0000000000038620                task_table
                0x00000000000386c0                user_proc_table
                0x0000000000038738                sys_call_table
                0x0000000000038744                dd_map
                0x000000000003875c                fsbuf
 .data          0x0000000000038760        0x0 kernel/protect.o
 .data          0x0000000000038760        0x0 kernel/proc.o
 .data          0x0000000000038760        0x0 kernel/systask.o
 .data          0x0000000000038760        0x0 kernel/hd.o
 .data          0x0000000000038760        0x0 kernel/printf.o
 .data          0x0000000000038760        0x0 kernel/vsprintf.o
 .data          0x0000000000038760        0x0 lib/klib.o
 .data          0x0000000000038760        0x0 lib/misc.o
 .data          0x0000000000038760        0x0 fs/main.o

.data1
 *(.data1)
                0x0000000000038760                _edata = .
                [!provide]                        PROVIDE (edata = .)
                0x0000000000038760                . = .
                0x0000000000038760                __bss_start = .

.bss            0x0000000000038760    0x3acb8
 *(.dynbss)
 *(.bss .bss.* .gnu.linkonce.b.*)
 .bss           0x0000000000038760      0x800 kernel/kernel.o
 .bss           0x0000000000038f60        0x0 kernel/start.o
 .bss           0x0000000000038f60        0x0 kernel/main.o
 .bss           0x0000000000038f60        0x0 kernel/clock.o
 .bss           0x0000000000038f60       0x58 kernel/keyboard.o
 .bss           0x0000000000038fb8        0x0 kernel/tty.o
 .bss           0x0000000000038fb8        0x0 kernel/console.o
 .bss           0x0000000000038fb8        0x0 kernel/i8259.o
 .bss           0x0000000000038fb8        0x0 kernel/global.o
 .bss           0x0000000000038fb8        0x0 kernel/protect.o
 .bss           0x0000000000038fb8        0x0 kernel/proc.o
 .bss           0x0000000000038fb8        0x0 kernel/systask.o
 *fill*         0x0000000000038fb8        0x8 
 .bss           0x0000000000038fc0      0x64c kernel/hd.o
 .bss           0x000000000003960c        0x0 kernel/printf.o
 .bss           0x000000000003960c        0x0 kernel/vsprintf.o
 .bss           0x000000000003960c        0x0 lib/klib.o
 .bss           0x000000000003960c        0x0 lib/misc.o
 .bss           0x000000000003960c        0x0 fs/main.o
 *(COMMON)
 *fill*         0x000000000003960c       0x14 
 COMMON         0x0000000000039620    0x39de8 kernel/global.o
                0x0000000000039620                idt_ptr
                0x0000000000039640                task_stack
                0x0000000000071640                k_reenter
                0x0000000000071660                gdt
                0x0000000000071a60                tty_table
                0x00000000000726a0                tss
                0x0000000000072708                nr_current_console
                0x000000000007270c                disp_pos
                0x0000000000072710                gdt_ptr
                0x0000000000072720                idt
                0x0000000000072f20                ticks
                0x0000000000072f40                console_table
                0x0000000000072f80                irq_table
                0x0000000000072fc0                p_proc_ready
                0x0000000000072fe0                proc_table
 COMMON         0x0000000000073408       0x10 kernel/hd.o
                0x0000000000073408                PARTITION_ENTRY
                0x0000000000073418                . = ALIGN ((. != 0x0)?0x4:0x1)
                0x0000000000073418                . = ALIGN (0x4)
                0x0000000000073418                . = SEGMENT_START ("ldata-segment", .)
                0x0000000000073418                . = ALIGN (0x4)
                0x0000000000073418                _end = .
                [!provide]                        PROVIDE (end = .)
                0x0000000000073418                . = DATA_SEGMENT_END (.)

.stab
 *(.stab)

.stabstr
 *(.stabstr)

.stab.excl
 *(.stab.excl)

.stab.exclstr
 *(.stab.exclstr)

.stab.index
 *(.stab.index)

.stab.indexstr
 *(.stab.indexstr)

.comment        0x0000000000000000       0x2c
 *(.comment)
 .comment       0x0000000000000000       0x2c kernel/start.o
                                         0x2d (size before relaxing)
 .comment       0x000000000000002c       0x2d kernel/main.o
 .comment       0x000000000000002c       0x2d kernel/clock.o
 .comment       0x000000000000002c       0x2d kernel/keyboard.o
 .comment       0x000000000000002c       0x2d kernel/tty.o
 .comment       0x000000000000002c       0x2d kernel/console.o
 .comment       0x000000000000002c       0x2d kernel/i8259.o
 .comment       0x000000000000002c       0x2d kernel/global.o
 .comment       0x000000000000002c       0x2d kernel/protect.o
 .comment       0x000000000000002c       0x2d kernel/proc.o
 .comment       0x000000000000002c       0x2d kernel/systask.o
 .comment       0x000000000000002c       0x2d kernel/hd.o
 .comment       0x000000000000002c       0x2d kernel/printf.o
 .comment       0x000000000000002c       0x2d kernel/vsprintf.o
 .comment       0x000000000000002c       0x2d lib/klib.o
 .comment       0x000000000000002c       0x2d lib/misc.o
 .comment       0x000000000000002c       0x2d fs/main.o

.gnu.build.attributes
 *(.gnu.build.attributes .gnu.build.attributes.*)

.debug
 *(.debug)

.line
 *(.line)

.debug_srcinfo
 *(.debug_srcinfo)

.debug_sfnames
 *(.debug_sfnames)

.debug_aranges  0x0000000000000000      0x218
 *(.debug_aranges)
 .debug_aranges
                0x0000000000000000       0x20 kernel/start.o
 .debug_aranges
                0x0000000000000020       0x20 kernel/main.o
 .debug_aranges
                0x0000000000000040       0x20 kernel/clock.o
 .debug_aranges
                0x0000000000000060       0x20 kernel/keyboard.o
 .debug_aranges
                0x0000000000000080       0x20 kernel/tty.o
 .debug_aranges
                0x00000000000000a0       0x20 kernel/console.o
 .debug_aranges
                0x00000000000000c0       0x20 kernel/i8259.o
 .debug_aranges
                0x00000000000000e0       0x18 kernel/global.o
 .debug_aranges
                0x00000000000000f8       0x20 kernel/protect.o
 .debug_aranges
                0x0000000000000118       0x20 kernel/proc.o
 .debug_aranges
                0x0000000000000138       0x20 kernel/systask.o
 .debug_aranges
                0x0000000000000158       0x20 kernel/hd.o
 .debug_aranges
                0x0000000000000178       0x20 kernel/printf.o
 .debug_aranges
                0x0000000000000198       0x20 kernel/vsprintf.o
 .debug_aranges
                0x00000000000001b8       0x20 lib/klib.o
 .debug_aranges
                0x00000000000001d8       0x20 lib/misc.o
 .debug_aranges
                0x00000000000001f8       0x20 fs/main.o

.debug_pubnames
 *(.debug_pubnames)

.debug_info     0x0000000000000000     0xb0fa
 *(.debug_info .gnu.linkonce.wi.*)
 .debug_info    0x0000000000000000      0x8f0 kernel/start.o
 .debug_info    0x00000000000008f0      0xa5f kernel/main.o
 .debug_info    0x000000000000134f      0x8fe kernel/clock.o
 .debug_info    0x0000000000001c4d      0xba0 kernel/keyboard.o
 .debug_info    0x00000000000027ed      0xaef kernel/tty.o
 .debug_info    0x00000000000032dc      0xa36 kernel/console.o
 .debug_info    0x0000000000003d12      0x912 kernel/i8259.o
 .debug_info    0x0000000000004624      0x994 kernel/global.o
 .debug_info    0x0000000000004fb8      0xa8d kernel/protect.o
 .debug_info    0x0000000000005a45      0xd7d kernel/proc.o
 .debug_info    0x00000000000067c2      0x915 kernel/systask.o
 .debug_info    0x00000000000070d7     0x109a kernel/hd.o
 .debug_info    0x0000000000008171      0x917 kernel/printf.o
 .debug_info    0x0000000000008a88      0xa38 kernel/vsprintf.o
 .debug_info    0x00000000000094c0      0x98b lib/klib.o
 .debug_info    0x0000000000009e4b      0x912 lib/misc.o
 .debug_info    0x000000000000a75d      0x99d fs/main.o

.debug_abbrev   0x0000000000000000     0x20b7
 *(.debug_abbrev)
 .debug_abbrev  0x0000000000000000      0x16f kernel/start.o
 .debug_abbrev  0x000000000000016f      0x20d kernel/main.o
 .debug_abbrev  0x000000000000037c      0x1c5 kernel/clock.o
 .debug_abbrev  0x0000000000000541      0x249 kernel/keyboard.o
 .debug_abbrev  0x000000000000078a      0x21e kernel/tty.o
 .debug_abbrev  0x00000000000009a8      0x1cb kernel/console.o
 .debug_abbrev  0x0000000000000b73      0x1ab kernel/i8259.o
 .debug_abbrev  0x0000000000000d1e      0x176 kernel/global.o
 .debug_abbrev  0x0000000000000e94      0x1f4 kernel/protect.o
 .debug_abbrev  0x0000000000001088      0x2f5 kernel/proc.o
 .debug_abbrev  0x000000000000137d      0x19d kernel/systask.o
 .debug_abbrev  0x000000000000151a      0x311 kernel/hd.o
 .debug_abbrev  0x000000000000182b      0x192 kernel/printf.o
 .debug_abbrev  0x00000000000019bd      0x1db kernel/vsprintf.o
 .debug_abbrev  0x0000000000001b98      0x1dc lib/klib.o
 .debug_abbrev  0x0000000000001d74      0x19c lib/misc.o
 .debug_abbrev  0x0000000000001f10      0x1a7 fs/main.o

.debug_line     0x0000000000000000     0x2518
 *(.debug_line .debug_line.* .debug_line_end)
 .debug_line    0x0000000000000000       0xca kernel/start.o
 .debug_line    0x00000000000000ca      0x2a9 kernel/main.o
 .debug_line    0x0000000000000373       0xe7 kernel/clock.o
 .debug_line    0x000000000000045a      0x45b kernel/keyboard.o
 .debug_line    0x00000000000008b5      0x2db kernel/tty.o
 .debug_line    0x0000000000000b90      0x231 kernel/console.o
 .debug_line    0x0000000000000dc1       0xd6 kernel/i8259.o
 .debug_line    0x0000000000000e97       0x83 kernel/global.o
 .debug_line    0x0000000000000f1a      0x1f9 kernel/protect.o
 .debug_line    0x0000000000001113      0x795 kernel/proc.o
 .debug_line    0x00000000000018a8       0xbc kernel/systask.o
 .debug_line    0x0000000000001964      0x641 kernel/hd.o
 .debug_line    0x0000000000001fa5       0xa8 kernel/printf.o
 .debug_line    0x000000000000204d      0x231 kernel/vsprintf.o
 .debug_line    0x000000000000227e      0x133 lib/klib.o
 .debug_line    0x00000000000023b1       0xac lib/misc.o
 .debug_line    0x000000000000245d       0xbb fs/main.o

.debug_frame
 *(.debug_frame)

.debug_str      0x0000000000000000      0xca7
 *(.debug_str)
 .debug_str     0x0000000000000000      0x3ad kernel/start.o
                                        0x41e (size before relaxing)
 .debug_str     0x00000000000003ad       0xbf kernel/main.o
                                        0x4a0 (size before relaxing)
 .debug_str     0x000000000000046c       0x3e kernel/clock.o
                                        0x418 (size before relaxing)
 .debug_str     0x00000000000004aa      0x13e kernel/keyboard.o
                                        0x523 (size before relaxing)
 .debug_str     0x00000000000005e8       0x87 kernel/tty.o
                                        0x46e (size before relaxing)
 .debug_str     0x000000000000066f       0xb6 kernel/console.o
                                        0x4a6 (size before relaxing)
 .debug_str     0x0000000000000725       0x37 kernel/i8259.o
                                        0x419 (size before relaxing)
 .debug_str     0x000000000000075c       0x3c kernel/global.o
                                        0x416 (size before relaxing)
 .debug_str     0x0000000000000798       0xbb kernel/protect.o
                                        0x4c6 (size before relaxing)
 .debug_str     0x0000000000000853      0x112 kernel/proc.o
                                        0x559 (size before relaxing)
 .debug_str     0x0000000000000965       0x1a kernel/systask.o
                                        0x43f (size before relaxing)
 .debug_str     0x000000000000097f      0x252 kernel/hd.o
                                        0x69e (size before relaxing)
 .debug_str     0x0000000000000bd1       0x10 kernel/printf.o
                                        0x3f9 (size before relaxing)
 .debug_str     0x0000000000000be1       0x3e kernel/vsprintf.o
                                        0x42d (size before relaxing)
 .debug_str     0x0000000000000c1f       0x30 lib/klib.o
                                        0x410 (size before relaxing)
 .debug_str     0x0000000000000c4f       0x3b lib/misc.o
                                        0x41a (size before relaxing)
 .debug_str     0x0000000000000c8a       0x1d fs/main.o
                                        0x4bd (size before relaxing)

.debug_loc
 *(.debug_loc)

.debug_macinfo
 *(.debug_macinfo)

.debug_weaknames
 *(.debug_weaknames)

.debug_funcnames
 *(.debug_funcnames)

.debug_typenames
 *(.debug_typenames)

.debug_varnames
 *(.debug_varnames)

.debug_pubtypes
 *(.debug_pubtypes)

.debug_ranges   0x0000000000000000       0x30
 *(.debug_ranges)
 .debug_ranges  0x0000000000000000       0x30 kernel/hd.o

.debug_macro
 *(.debug_macro)

.debug_addr
 *(.debug_addr)

.gnu.attributes
 *(.gnu.attributes)

/DISCARD/
 *(.note.GNU-stack)
 *(.gnu_debuglink)
 *(.gnu.lto_*)
 *(.gnu_object_only)
OUTPUT(kernel.bin elf32-i386)
