
Allocating common symbols
Common symbol       size              file

idt_ptr             0x6               kernel/global.o
inode_table         0xb00             kernel/global.o
task_stack          0x38000           kernel/global.o
k_reenter           0x4               kernel/global.o
gdt                 0x400             kernel/global.o
current_console     0x4               kernel/global.o
pcaller             0x4               kernel/global.o
tty_table           0xc6c             kernel/global.o
tss                 0x68              kernel/global.o
fs_msg              0x30              kernel/global.o
f_desc_table        0x300             kernel/global.o
root_inode          0x4               kernel/global.o
disp_pos            0x4               kernel/global.o
key_pressed         0x4               kernel/global.o
gdt_ptr             0x6               kernel/global.o
idt                 0x800             kernel/global.o
super_block         0x1e0             kernel/global.o
PARTITION_ENTRY     0x10              kernel/hd.o
ticks               0x4               kernel/global.o
console_table       0x3c              kernel/global.o
irq_table           0x40              kernel/global.o
p_proc_ready        0x4               kernel/global.o
proc_table          0xb0c             kernel/global.o

Discarded input sections

 .note.GNU-stack
                0x0000000000000000        0x0 kernel/start.o
 .note.GNU-stack
                0x0000000000000000        0x0 kernel/main.o
 .note.GNU-stack
                0x0000000000000000        0x0 kernel/clock.o
 .note.GNU-stack
                0x0000000000000000        0x0 kernel/keyboard.o
 .note.GNU-stack
                0x0000000000000000        0x0 kernel/tty.o
 .note.GNU-stack
                0x0000000000000000        0x0 kernel/console.o
 .note.GNU-stack
                0x0000000000000000        0x0 kernel/i8259.o
 .note.GNU-stack
                0x0000000000000000        0x0 kernel/global.o
 .note.GNU-stack
                0x0000000000000000        0x0 kernel/protect.o
 .note.GNU-stack
                0x0000000000000000        0x0 kernel/proc.o
 .note.GNU-stack
                0x0000000000000000        0x0 kernel/systask.o
 .note.GNU-stack
                0x0000000000000000        0x0 kernel/hd.o
 .note.GNU-stack
                0x0000000000000000        0x0 lib/printf.o
 .note.GNU-stack
                0x0000000000000000        0x0 lib/vsprintf.o
 .note.GNU-stack
                0x0000000000000000        0x0 lib/klib.o
 .note.GNU-stack
                0x0000000000000000        0x0 lib/misc.o
 .note.GNU-stack
                0x0000000000000000        0x0 lib/open.o
 .note.GNU-stack
                0x0000000000000000        0x0 lib/read.o
 .note.GNU-stack
                0x0000000000000000        0x0 lib/write.o
 .note.GNU-stack
                0x0000000000000000        0x0 lib/close.o
 .note.GNU-stack
                0x0000000000000000        0x0 lib/unlink.o
 .note.GNU-stack
                0x0000000000000000        0x0 lib/getpid.o
 .note.GNU-stack
                0x0000000000000000        0x0 lib/syslog.o
 .note.GNU-stack
                0x0000000000000000        0x0 fs/main.o
 .note.GNU-stack
                0x0000000000000000        0x0 fs/open.o
 .note.GNU-stack
                0x0000000000000000        0x0 fs/misc.o
 .note.GNU-stack
                0x0000000000000000        0x0 fs/read_write.o
 .note.GNU-stack
                0x0000000000000000        0x0 fs/link.o
 .note.GNU-stack
                0x0000000000000000        0x0 fs/disklog.o

Memory Configuration

Name             Origin             Length             Attributes
*default*        0x0000000000000000 0xffffffffffffffff

Linker script and memory map

Address of section .text set to 0x1000
LOAD kernel/kernel.o
LOAD lib/syscall.o
LOAD kernel/start.o
LOAD kernel/main.o
LOAD kernel/clock.o
LOAD kernel/keyboard.o
LOAD kernel/tty.o
LOAD kernel/console.o
LOAD kernel/i8259.o
LOAD kernel/global.o
LOAD kernel/protect.o
LOAD kernel/proc.o
LOAD kernel/systask.o
LOAD kernel/hd.o
LOAD lib/printf.o
LOAD lib/vsprintf.o
LOAD lib/kliba.o
LOAD lib/klib.o
LOAD lib/string.o
LOAD lib/misc.o
LOAD lib/open.o
LOAD lib/read.o
LOAD lib/write.o
LOAD lib/close.o
LOAD lib/unlink.o
LOAD lib/getpid.o
LOAD lib/syslog.o
LOAD fs/main.o
LOAD fs/open.o
LOAD fs/misc.o
LOAD fs/read_write.o
LOAD fs/link.o
LOAD fs/disklog.o
                [!provide]                        PROVIDE (__executable_start = SEGMENT_START ("text-segment", 0x8048000))
                0x0000000008048094                . = (SEGMENT_START ("text-segment", 0x8048000) + SIZEOF_HEADERS)

.interp
 *(.interp)

.note.gnu.build-id
 *(.note.gnu.build-id)

.hash
 *(.hash)

.gnu.hash
 *(.gnu.hash)

.dynsym
 *(.dynsym)

.dynstr
 *(.dynstr)

.gnu.version
 *(.gnu.version)

.gnu.version_d
 *(.gnu.version_d)

.gnu.version_r
 *(.gnu.version_r)

.rel.dyn        0x0000000008048094        0x0
 *(.rel.init)
 *(.rel.text .rel.text.* .rel.gnu.linkonce.t.*)
 .rel.text      0x0000000008048094        0x0 kernel/kernel.o
 *(.rel.fini)
 *(.rel.rodata .rel.rodata.* .rel.gnu.linkonce.r.*)
 *(.rel.data.rel.ro .rel.data.rel.ro.* .rel.gnu.linkonce.d.rel.ro.*)
 *(.rel.data .rel.data.* .rel.gnu.linkonce.d.*)
 *(.rel.tdata .rel.tdata.* .rel.gnu.linkonce.td.*)
 *(.rel.tbss .rel.tbss.* .rel.gnu.linkonce.tb.*)
 *(.rel.ctors)
 *(.rel.dtors)
 *(.rel.got)
 .rel.got       0x0000000008048094        0x0 kernel/kernel.o
 *(.rel.bss .rel.bss.* .rel.gnu.linkonce.b.*)
 *(.rel.ifunc)

.rel.plt        0x0000000008048094        0x0
 *(.rel.plt)
                [!provide]                        PROVIDE (__rel_iplt_start = .)
 *(.rel.iplt)
 .rel.iplt      0x0000000008048094        0x0 kernel/kernel.o
                [!provide]                        PROVIDE (__rel_iplt_end = .)

.init
 *(SORT_NONE(.init))

.plt            0x0000000008048098        0x0
 *(.plt)
 *(.iplt)
 .iplt          0x0000000008048098        0x0 kernel/kernel.o

.plt.got
 *(.plt.got)

.plt.sec
 *(.plt.sec)

.text           0x0000000000001000     0x9795
 *(.text.unlikely .text.*_unlikely .text.unlikely.*)
 *(.text.exit .text.exit.*)
 *(.text.startup .text.startup.*)
 *(.text.hot .text.hot.*)
 *(.text .stub .text.* .gnu.linkonce.t.*)
 .text          0x0000000000001000      0x420 kernel/kernel.o
                0x0000000000001000                _start
                0x0000000000001050                hwint00
                0x0000000000001080                hwint01
                0x00000000000010b0                hwint02
                0x00000000000010e0                hwint03
                0x0000000000001110                hwint04
                0x0000000000001140                hwint05
                0x0000000000001170                hwint06
                0x00000000000011a0                hwint07
                0x00000000000011d0                hwint08
                0x0000000000001200                hwint09
                0x0000000000001230                hwint10
                0x0000000000001260                hwint11
                0x0000000000001290                hwint12
                0x00000000000012c0                hwint13
                0x00000000000012f0                hwint14
                0x0000000000001320                hwint15
                0x0000000000001344                divide_error
                0x000000000000134a                single_step_exception
                0x0000000000001350                nmi
                0x0000000000001356                breakpoint_exception
                0x000000000000135c                overflow
                0x0000000000001362                bounds_check
                0x0000000000001368                inval_opcode
                0x000000000000136e                copr_not_available
                0x0000000000001374                double_fault
                0x0000000000001378                copr_seg_overrun
                0x000000000000137e                inval_tss
                0x0000000000001382                segment_not_present
                0x0000000000001386                stack_exception
                0x000000000000138a                general_protection
                0x000000000000138e                page_fault
                0x0000000000001392                copr_error
                0x00000000000013db                sys_call
                0x00000000000013fb                restart
 .text          0x0000000000001420       0x28 lib/syscall.o
                0x0000000000001420                sendrec
                0x000000000000143a                printx
 .text          0x0000000000001448       0x95 kernel/start.o
                0x0000000000001448                cstart
 .text          0x00000000000014dd      0x746 kernel/main.o
                0x00000000000014dd                kernel_main
                0x000000000000175d                get_ticks
                0x0000000000001791                TestA
                0x0000000000001aac                TestB
                0x0000000000001bc1                TestC
                0x0000000000001bda                panic
 .text          0x0000000000001c23       0xfd kernel/clock.o
                0x0000000000001c23                clock_handler
                0x0000000000001c9e                milli_delay
                0x0000000000001cc8                init_clock
 .text          0x0000000000001d20      0x6e2 kernel/keyboard.o
                0x0000000000001d20                keyboard_handler
                0x0000000000001d8a                init_keyboard
                0x0000000000001e39                keyboard_read
 .text          0x0000000000002402      0x9bb kernel/tty.o
                0x0000000000002402                task_tty
                0x00000000000025b2                in_process
                0x0000000000002ac3                sys_printx
                0x0000000000002c60                dump_tty_buf
 .text          0x0000000000002dbd      0x7d7 kernel/console.o
                0x0000000000002dbd                init_screen
                0x0000000000002f31                out_char
                0x000000000000320e                is_current_console
                0x0000000000003301                select_console
                0x0000000000003341                scroll_screen
 .text          0x0000000000003594      0x130 kernel/i8259.o
                0x0000000000003594                init_8259A
                0x0000000000003669                spurious_irq
                0x00000000000036a0                put_irq_handler
 .text          0x00000000000036c4        0x0 kernel/global.o
 .text          0x00000000000036c4      0x614 kernel/protect.o
                0x00000000000036c4                init_prot
                0x0000000000003ae1                seg2phys
                0x0000000000003b9d                exception_handler
 .text          0x0000000000003cd8     0x1702 kernel/proc.o
                0x0000000000003cd8                schedule
                0x0000000000003d64                sys_sendrec
                0x0000000000003e82                send_recv
                0x0000000000003f3f                ldt_seg_linear
                0x0000000000003f89                va2la
                0x0000000000003fea                reset_msg
                0x0000000000004de0                inform_int
                0x0000000000004f5c                dump_proc
                0x00000000000052cc                dump_msg
 .text          0x00000000000053da       0x82 kernel/systask.o
                0x00000000000053da                task_sys
 .text          0x000000000000545c      0xe13 kernel/hd.o
                0x000000000000545c                task_hd
                0x0000000000006244                hd_handler
 .text          0x000000000000626f       0xad lib/printf.o
                0x000000000000626f                printf
                0x00000000000062da                printl
 .text          0x000000000000631c      0x309 lib/vsprintf.o
                0x0000000000006382                vsprintf
                0x00000000000065ff                sprintf
 *fill*         0x0000000000006625        0xb 
 .text          0x0000000000006630      0x19a lib/kliba.o
                0x0000000000006630                disp_str
                0x000000000000666e                disp_color_str
                0x00000000000066ad                out_byte
                0x00000000000066b9                in_byte
                0x00000000000066c3                port_read
                0x00000000000066d6                port_write
                0x00000000000066e9                disable_irq
                0x000000000000671e                enable_irq
                0x000000000000673d                disable_int
                0x000000000000673f                enable_int
                0x0000000000006741                glitter
 .text          0x00000000000067ca      0x119 lib/klib.o
                0x00000000000067ca                itoa
                0x0000000000006875                disp_int
                0x000000000000689c                delay
 *fill*         0x00000000000068e3        0xd 
 .text          0x00000000000068f0       0x78 lib/string.o
                0x00000000000068f0                memcpy
                0x0000000000006919                memset
                0x000000000000693a                strcpy
                0x0000000000006952                strlen
 .text          0x0000000000006968      0x194 lib/misc.o
                0x0000000000006968                memcmp
                0x00000000000069da                strcmp
                0x0000000000006a49                strcat
                0x0000000000006aa8                spin
                0x0000000000006ac3                assertion_failure
 .text          0x0000000000006afc       0x63 lib/open.o
                0x0000000000006afc                open
 .text          0x0000000000006b5f       0x37 lib/read.o
                0x0000000000006b5f                read
 .text          0x0000000000006b96       0x37 lib/write.o
                0x0000000000006b96                write
 .text          0x0000000000006bcd       0x2b lib/close.o
                0x0000000000006bcd                close
 .text          0x0000000000006bf8       0x3c lib/unlink.o
                0x0000000000006bf8                unlink
 .text          0x0000000000006c34       0x46 lib/getpid.o
                0x0000000000006c34                getpid
 .text          0x0000000000006c7a       0xd1 lib/syslog.o
                0x0000000000006c7a                syslog
 .text          0x0000000000006d4b      0xd0f fs/main.o
                0x0000000000006d4b                task_fs
                0x000000000000756c                rw_sector
                0x0000000000007774                get_super_block
                0x00000000000077ba                get_inode
                0x000000000000791d                put_inode
                0x000000000000795b                sync_inode
 .text          0x0000000000007a5a      0xa8f fs/open.o
                0x0000000000007a5a                do_open
                0x0000000000007e9e                do_close
                0x0000000000007efa                do_lseek
 .text          0x00000000000084e9      0x1dd fs/misc.o
                0x00000000000084e9                search_file
                0x000000000000863f                strip_path
 .text          0x00000000000086c6      0x496 fs/read_write.o
                0x00000000000086c6                do_rdwt
 .text          0x0000000000008b5c      0x812 fs/link.o
                0x0000000000008b5c                do_unlink
 .text          0x000000000000936e     0x1427 fs/disklog.o
                0x000000000000936e                do_disklog
                0x0000000000009409                disklog
                0x00000000000098e2                dump_fd_graph
 *(.gnu.warning)

.fini
 *(SORT_NONE(.fini))
                [!provide]                        PROVIDE (__etext = .)
                [!provide]                        PROVIDE (_etext = .)
                [!provide]                        PROVIDE (etext = .)

.rodata         0x000000000000a7a0     0x1e4b
 *(.rodata .rodata.* .gnu.linkonce.r.*)
 .rodata        0x000000000000a7a0       0x47 kernel/start.o
 *fill*         0x000000000000a7e7        0x1 
 .rodata        0x000000000000a7e8      0x14e kernel/main.o
 *fill*         0x000000000000a936        0x2 
 .rodata        0x000000000000a938       0x64 kernel/keyboard.o
 .rodata        0x000000000000a99c      0x13c kernel/tty.o
 .rodata        0x000000000000aad8       0x5b kernel/console.o
 .rodata        0x000000000000ab33       0x11 kernel/i8259.o
 .rodata        0x000000000000ab44        0x4 kernel/global.o
                0x000000000000ab44                FSBUF_SIZE
 *fill*         0x000000000000ab48       0x18 
 .rodata        0x000000000000ab60      0x540 kernel/protect.o
 .rodata        0x000000000000b0a0      0x62e kernel/proc.o
 .rodata        0x000000000000b6ce       0x11 kernel/systask.o
 *fill*         0x000000000000b6df        0x1 
 .rodata        0x000000000000b6e0      0x1ba kernel/hd.o
 .rodata        0x000000000000b89a       0x14 lib/printf.o
 *fill*         0x000000000000b8ae        0x2 
 .rodata        0x000000000000b8b0       0x61 lib/misc.o
 .rodata        0x000000000000b911       0x23 lib/open.o
 .rodata        0x000000000000b934       0x25 lib/getpid.o
 .rodata        0x000000000000b959       0x32 lib/syslog.o
 *fill*         0x000000000000b98b        0x1 
 .rodata        0x000000000000b98c      0x1fa fs/main.o
 *fill*         0x000000000000bb86        0x2 
 .rodata        0x000000000000bb88      0x138 fs/open.o
 .rodata        0x000000000000bcc0      0x164 fs/read_write.o
 .rodata        0x000000000000be24      0x19d fs/link.o
 *fill*         0x000000000000bfc1        0x3 
 .rodata        0x000000000000bfc4      0x627 fs/disklog.o

.rodata1
 *(.rodata1)

.eh_frame_hdr
 *(.eh_frame_hdr)
 *(.eh_frame_entry .eh_frame_entry.*)

.eh_frame       0x000000000000c5ec      0xf7c
 *(.eh_frame)
 .eh_frame      0x000000000000c5ec       0x38 kernel/start.o
 .eh_frame      0x000000000000c624       0xbc kernel/main.o
                                         0xd4 (size before relaxing)
 .eh_frame      0x000000000000c6e0       0x60 kernel/clock.o
                                         0x78 (size before relaxing)
 .eh_frame      0x000000000000c740       0xe0 kernel/keyboard.o
                                         0xf8 (size before relaxing)
 .eh_frame      0x000000000000c820      0x13c kernel/tty.o
                                        0x154 (size before relaxing)
 .eh_frame      0x000000000000c95c      0x140 kernel/console.o
                                        0x158 (size before relaxing)
 .eh_frame      0x000000000000ca9c       0x60 kernel/i8259.o
                                         0x78 (size before relaxing)
 .eh_frame      0x000000000000cafc       0xb0 kernel/protect.o
                                         0xc8 (size before relaxing)
 .eh_frame      0x000000000000cbac      0x1d8 kernel/proc.o
                                        0x1f0 (size before relaxing)
 .eh_frame      0x000000000000cd84       0x1c kernel/systask.o
                                         0x34 (size before relaxing)
 .eh_frame      0x000000000000cda0      0x1f4 kernel/hd.o
                                        0x20c (size before relaxing)
 .eh_frame      0x000000000000cf94       0x40 lib/printf.o
                                         0x58 (size before relaxing)
 .eh_frame      0x000000000000cfd4       0x64 lib/vsprintf.o
                                         0x7c (size before relaxing)
 .eh_frame      0x000000000000d038       0x60 lib/klib.o
                                         0x78 (size before relaxing)
 .eh_frame      0x000000000000d098       0x9c lib/misc.o
                                         0xb4 (size before relaxing)
 .eh_frame      0x000000000000d134       0x20 lib/open.o
                                         0x38 (size before relaxing)
 .eh_frame      0x000000000000d154       0x20 lib/read.o
                                         0x38 (size before relaxing)
 .eh_frame      0x000000000000d174       0x20 lib/write.o
                                         0x38 (size before relaxing)
 .eh_frame      0x000000000000d194       0x20 lib/close.o
                                         0x38 (size before relaxing)
 .eh_frame      0x000000000000d1b4       0x20 lib/unlink.o
                                         0x38 (size before relaxing)
 .eh_frame      0x000000000000d1d4       0x20 lib/getpid.o
                                         0x38 (size before relaxing)
 .eh_frame      0x000000000000d1f4       0x20 lib/syslog.o
                                         0x38 (size before relaxing)
 .eh_frame      0x000000000000d214      0x130 fs/main.o
                                        0x148 (size before relaxing)
 .eh_frame      0x000000000000d344      0x110 fs/open.o
                                        0x128 (size before relaxing)
 .eh_frame      0x000000000000d454       0x44 fs/misc.o
                                         0x5c (size before relaxing)
 .eh_frame      0x000000000000d498       0x2c fs/read_write.o
                                         0x44 (size before relaxing)
 .eh_frame      0x000000000000d4c4       0x2c fs/link.o
                                         0x44 (size before relaxing)
 .eh_frame      0x000000000000d4f0       0x78 fs/disklog.o
                                         0x90 (size before relaxing)
 *(.eh_frame.*)

.gcc_except_table
 *(.gcc_except_table .gcc_except_table.*)

.gnu_extab
 *(.gnu_extab*)

.exception_ranges
 *(.exception_ranges .exception_ranges*)
                0x000000000000f000                . = DATA_SEGMENT_ALIGN (CONSTANT (MAXPAGESIZE), CONSTANT (COMMONPAGESIZE))

.eh_frame
 *(.eh_frame)
 *(.eh_frame.*)

.gnu_extab
 *(.gnu_extab)

.gcc_except_table
 *(.gcc_except_table .gcc_except_table.*)

.exception_ranges
 *(.exception_ranges .exception_ranges*)

.tdata
 *(.tdata .tdata.* .gnu.linkonce.td.*)

.tbss
 *(.tbss .tbss.* .gnu.linkonce.tb.*)
 *(.tcommon)

.preinit_array  0x000000000000f000        0x0
                [!provide]                        PROVIDE (__preinit_array_start = .)
 *(.preinit_array)
                [!provide]                        PROVIDE (__preinit_array_end = .)

.init_array     0x000000000000f000        0x0
                [!provide]                        PROVIDE (__init_array_start = .)
 *(SORT_BY_INIT_PRIORITY(.init_array.*) SORT_BY_INIT_PRIORITY(.ctors.*))
 *(.init_array EXCLUDE_FILE(*crtend?.o *crtend.o *crtbegin?.o *crtbegin.o) .ctors)
                [!provide]                        PROVIDE (__init_array_end = .)

.fini_array     0x000000000000f000        0x0
                [!provide]                        PROVIDE (__fini_array_start = .)
 *(SORT_BY_INIT_PRIORITY(.fini_array.*) SORT_BY_INIT_PRIORITY(.dtors.*))
 *(.fini_array EXCLUDE_FILE(*crtend?.o *crtend.o *crtbegin?.o *crtbegin.o) .dtors)
                [!provide]                        PROVIDE (__fini_array_end = .)

.ctors
 *crtbegin.o(.ctors)
 *crtbegin?.o(.ctors)
 *(EXCLUDE_FILE(*crtend?.o *crtend.o) .ctors)
 *(SORT_BY_NAME(.ctors.*))
 *(.ctors)

.dtors
 *crtbegin.o(.dtors)
 *crtbegin?.o(.dtors)
 *(EXCLUDE_FILE(*crtend?.o *crtend.o) .dtors)
 *(SORT_BY_NAME(.dtors.*))
 *(.dtors)

.jcr
 *(.jcr)

.data.rel.ro
 *(.data.rel.ro.local* .gnu.linkonce.d.rel.ro.local.*)
 *(.data.rel.ro .data.rel.ro.* .gnu.linkonce.d.rel.ro.*)

.dynamic
 *(.dynamic)

.got            0x000000000000f000        0x0
 *(.got)
 .got           0x000000000000f000        0x0 kernel/kernel.o
 *(.igot)
                0x000000000000f000                . = DATA_SEGMENT_RELRO_END (., (SIZEOF (.got.plt) >= 0xc)?0xc:0x0)

.got.plt        0x000000000000f000        0x0
 *(.got.plt)
 .got.plt       0x000000000000f000        0x0 kernel/kernel.o
 *(.igot.plt)
 .igot.plt      0x000000000000f000        0x0 kernel/kernel.o

.data           0x000000000000f000      0x7a0
 *(.data .data.* .gnu.linkonce.d.*)
 .data          0x000000000000f000        0x2 kernel/kernel.o
 .data          0x000000000000f002        0x0 kernel/start.o
 .data          0x000000000000f002        0x0 kernel/main.o
 .data          0x000000000000f002        0x0 kernel/clock.o
 *fill*         0x000000000000f002       0x1e 
 .data          0x000000000000f020      0x600 kernel/keyboard.o
                0x000000000000f020                keymap
 .data          0x000000000000f620       0x22 kernel/tty.o
 .data          0x000000000000f642        0x0 kernel/console.o
 .data          0x000000000000f642        0x0 kernel/i8259.o
 *fill*         0x000000000000f642       0x1e 
 .data          0x000000000000f660      0x140 kernel/global.o
                0x000000000000f660                task_table
                0x000000000000f700                user_proc_table
                0x000000000000f778                sys_call_table
                0x000000000000f784                dd_map
                0x000000000000f79c                fsbuf
 .data          0x000000000000f7a0        0x0 kernel/protect.o
 .data          0x000000000000f7a0        0x0 kernel/proc.o
 .data          0x000000000000f7a0        0x0 kernel/systask.o
 .data          0x000000000000f7a0        0x0 kernel/hd.o
 .data          0x000000000000f7a0        0x0 lib/printf.o
 .data          0x000000000000f7a0        0x0 lib/vsprintf.o
 .data          0x000000000000f7a0        0x0 lib/klib.o
 .data          0x000000000000f7a0        0x0 lib/misc.o
 .data          0x000000000000f7a0        0x0 lib/open.o
 .data          0x000000000000f7a0        0x0 lib/read.o
 .data          0x000000000000f7a0        0x0 lib/write.o
 .data          0x000000000000f7a0        0x0 lib/close.o
 .data          0x000000000000f7a0        0x0 lib/unlink.o
 .data          0x000000000000f7a0        0x0 lib/getpid.o
 .data          0x000000000000f7a0        0x0 lib/syslog.o
 .data          0x000000000000f7a0        0x0 fs/main.o
 .data          0x000000000000f7a0        0x0 fs/open.o
 .data          0x000000000000f7a0        0x0 fs/misc.o
 .data          0x000000000000f7a0        0x0 fs/read_write.o
 .data          0x000000000000f7a0        0x0 fs/link.o
 .data          0x000000000000f7a0        0x0 fs/disklog.o

.data1
 *(.data1)
                0x000000000000f7a0                _edata = .
                [!provide]                        PROVIDE (edata = .)
                0x000000000000f7a0                . = .
                0x000000000000f7a0                __bss_start = .

.bss            0x000000000000f7a0    0x3c65c
 *(.dynbss)
 *(.bss .bss.* .gnu.linkonce.b.*)
 .bss           0x000000000000f7a0      0x800 kernel/kernel.o
 .bss           0x000000000000ffa0        0x0 kernel/start.o
 .bss           0x000000000000ffa0        0x0 kernel/main.o
 .bss           0x000000000000ffa0        0x0 kernel/clock.o
 .bss           0x000000000000ffa0       0x58 kernel/keyboard.o
 .bss           0x000000000000fff8        0x0 kernel/tty.o
 .bss           0x000000000000fff8        0x0 kernel/console.o
 .bss           0x000000000000fff8        0x0 kernel/i8259.o
 .bss           0x000000000000fff8        0x0 kernel/global.o
 .bss           0x000000000000fff8        0x0 kernel/protect.o
 .bss           0x000000000000fff8        0x0 kernel/proc.o
 .bss           0x000000000000fff8        0x0 kernel/systask.o
 *fill*         0x000000000000fff8        0x8 
 .bss           0x0000000000010000      0x64c kernel/hd.o
 .bss           0x000000000001064c        0x0 lib/printf.o
 .bss           0x000000000001064c        0x0 lib/vsprintf.o
 .bss           0x000000000001064c        0x0 lib/klib.o
 .bss           0x000000000001064c        0x0 lib/misc.o
 .bss           0x000000000001064c        0x0 lib/open.o
 .bss           0x000000000001064c        0x0 lib/read.o
 .bss           0x000000000001064c        0x0 lib/write.o
 .bss           0x000000000001064c        0x0 lib/close.o
 .bss           0x000000000001064c        0x0 lib/unlink.o
 .bss           0x000000000001064c        0x0 lib/getpid.o
 .bss           0x000000000001064c        0x0 lib/syslog.o
 .bss           0x000000000001064c        0x0 fs/main.o
 .bss           0x000000000001064c        0x0 fs/open.o
 .bss           0x000000000001064c        0x0 fs/misc.o
 .bss           0x000000000001064c        0x0 fs/read_write.o
 .bss           0x000000000001064c        0x0 fs/link.o
 *fill*         0x000000000001064c       0x14 
 .bss           0x0000000000010660      0x208 fs/disklog.o
 *(COMMON)
 *fill*         0x0000000000010868       0x18 
 COMMON         0x0000000000010880    0x3b56c kernel/global.o
                0x0000000000010880                idt_ptr
                0x00000000000108a0                inode_table
                0x00000000000113a0                task_stack
                0x00000000000493a0                k_reenter
                0x00000000000493c0                gdt
                0x00000000000497c0                current_console
                0x00000000000497c4                pcaller
                0x00000000000497e0                tty_table
                0x000000000004a460                tss
                0x000000000004a4e0                fs_msg
                0x000000000004a520                f_desc_table
                0x000000000004a820                root_inode
                0x000000000004a824                disp_pos
                0x000000000004a828                key_pressed
                0x000000000004a82c                gdt_ptr
                0x000000000004a840                idt
                0x000000000004b040                super_block
                0x000000000004b220                ticks
                0x000000000004b240                console_table
                0x000000000004b280                irq_table
                0x000000000004b2c0                p_proc_ready
                0x000000000004b2e0                proc_table
 COMMON         0x000000000004bdec       0x10 kernel/hd.o
                0x000000000004bdec                PARTITION_ENTRY
                0x000000000004bdfc                . = ALIGN ((. != 0x0)?0x4:0x1)
                0x000000000004bdfc                . = ALIGN (0x4)
                0x000000000004bdfc                . = SEGMENT_START ("ldata-segment", .)
                0x000000000004bdfc                . = ALIGN (0x4)
                0x000000000004bdfc                _end = .
                [!provide]                        PROVIDE (end = .)
                0x000000000004bdfc                . = DATA_SEGMENT_END (.)

.stab
 *(.stab)

.stabstr
 *(.stabstr)

.stab.excl
 *(.stab.excl)

.stab.exclstr
 *(.stab.exclstr)

.stab.index
 *(.stab.index)

.stab.indexstr
 *(.stab.indexstr)

.comment        0x0000000000000000       0x2c
 *(.comment)
 .comment       0x0000000000000000       0x2c kernel/start.o
                                         0x2d (size before relaxing)
 .comment       0x000000000000002c       0x2d kernel/main.o
 .comment       0x000000000000002c       0x2d kernel/clock.o
 .comment       0x000000000000002c       0x2d kernel/keyboard.o
 .comment       0x000000000000002c       0x2d kernel/tty.o
 .comment       0x000000000000002c       0x2d kernel/console.o
 .comment       0x000000000000002c       0x2d kernel/i8259.o
 .comment       0x000000000000002c       0x2d kernel/global.o
 .comment       0x000000000000002c       0x2d kernel/protect.o
 .comment       0x000000000000002c       0x2d kernel/proc.o
 .comment       0x000000000000002c       0x2d kernel/systask.o
 .comment       0x000000000000002c       0x2d kernel/hd.o
 .comment       0x000000000000002c       0x2d lib/printf.o
 .comment       0x000000000000002c       0x2d lib/vsprintf.o
 .comment       0x000000000000002c       0x2d lib/klib.o
 .comment       0x000000000000002c       0x2d lib/misc.o
 .comment       0x000000000000002c       0x2d lib/open.o
 .comment       0x000000000000002c       0x2d lib/read.o
 .comment       0x000000000000002c       0x2d lib/write.o
 .comment       0x000000000000002c       0x2d lib/close.o
 .comment       0x000000000000002c       0x2d lib/unlink.o
 .comment       0x000000000000002c       0x2d lib/getpid.o
 .comment       0x000000000000002c       0x2d lib/syslog.o
 .comment       0x000000000000002c       0x2d fs/main.o
 .comment       0x000000000000002c       0x2d fs/open.o
 .comment       0x000000000000002c       0x2d fs/misc.o
 .comment       0x000000000000002c       0x2d fs/read_write.o
 .comment       0x000000000000002c       0x2d fs/link.o
 .comment       0x000000000000002c       0x2d fs/disklog.o

.gnu.build.attributes
 *(.gnu.build.attributes .gnu.build.attributes.*)

.debug
 *(.debug)

.line
 *(.line)

.debug_srcinfo
 *(.debug_srcinfo)

.debug_sfnames
 *(.debug_sfnames)

.debug_aranges  0x0000000000000000      0x398
 *(.debug_aranges)
 .debug_aranges
                0x0000000000000000       0x20 kernel/start.o
 .debug_aranges
                0x0000000000000020       0x20 kernel/main.o
 .debug_aranges
                0x0000000000000040       0x20 kernel/clock.o
 .debug_aranges
                0x0000000000000060       0x20 kernel/keyboard.o
 .debug_aranges
                0x0000000000000080       0x20 kernel/tty.o
 .debug_aranges
                0x00000000000000a0       0x20 kernel/console.o
 .debug_aranges
                0x00000000000000c0       0x20 kernel/i8259.o
 .debug_aranges
                0x00000000000000e0       0x18 kernel/global.o
 .debug_aranges
                0x00000000000000f8       0x20 kernel/protect.o
 .debug_aranges
                0x0000000000000118       0x20 kernel/proc.o
 .debug_aranges
                0x0000000000000138       0x20 kernel/systask.o
 .debug_aranges
                0x0000000000000158       0x20 kernel/hd.o
 .debug_aranges
                0x0000000000000178       0x20 lib/printf.o
 .debug_aranges
                0x0000000000000198       0x20 lib/vsprintf.o
 .debug_aranges
                0x00000000000001b8       0x20 lib/klib.o
 .debug_aranges
                0x00000000000001d8       0x20 lib/misc.o
 .debug_aranges
                0x00000000000001f8       0x20 lib/open.o
 .debug_aranges
                0x0000000000000218       0x20 lib/read.o
 .debug_aranges
                0x0000000000000238       0x20 lib/write.o
 .debug_aranges
                0x0000000000000258       0x20 lib/close.o
 .debug_aranges
                0x0000000000000278       0x20 lib/unlink.o
 .debug_aranges
                0x0000000000000298       0x20 lib/getpid.o
 .debug_aranges
                0x00000000000002b8       0x20 lib/syslog.o
 .debug_aranges
                0x00000000000002d8       0x20 fs/main.o
 .debug_aranges
                0x00000000000002f8       0x20 fs/open.o
 .debug_aranges
                0x0000000000000318       0x20 fs/misc.o
 .debug_aranges
                0x0000000000000338       0x20 fs/read_write.o
 .debug_aranges
                0x0000000000000358       0x20 fs/link.o
 .debug_aranges
                0x0000000000000378       0x20 fs/disklog.o

.debug_pubnames
 *(.debug_pubnames)

.debug_info     0x0000000000000000    0x18863
 *(.debug_info .gnu.linkonce.wi.*)
 .debug_info    0x0000000000000000      0xb93 kernel/start.o
 .debug_info    0x0000000000000b93      0xeb3 kernel/main.o
 .debug_info    0x0000000000001a46      0xba1 kernel/clock.o
 .debug_info    0x00000000000025e7      0xe3b kernel/keyboard.o
 .debug_info    0x0000000000003422      0xf67 kernel/tty.o
 .debug_info    0x0000000000004389      0xe11 kernel/console.o
 .debug_info    0x000000000000519a      0xbb5 kernel/i8259.o
 .debug_info    0x0000000000005d4f      0xc4d kernel/global.o
 .debug_info    0x000000000000699c      0xd30 kernel/protect.o
 .debug_info    0x00000000000076cc     0x1069 kernel/proc.o
 .debug_info    0x0000000000008735      0xc01 kernel/systask.o
 .debug_info    0x0000000000009336     0x1380 kernel/hd.o
 .debug_info    0x000000000000a6b6      0xc1f lib/printf.o
 .debug_info    0x000000000000b2d5      0xcdb lib/vsprintf.o
 .debug_info    0x000000000000bfb0      0xc2e lib/klib.o
 .debug_info    0x000000000000cbde      0xcde lib/misc.o
 .debug_info    0x000000000000d8bc      0xc18 lib/open.o
 .debug_info    0x000000000000e4d4      0xc17 lib/read.o
 .debug_info    0x000000000000f0eb      0xc22 lib/write.o
 .debug_info    0x000000000000fd0d      0xbf9 lib/close.o
 .debug_info    0x0000000000010906      0xc09 lib/unlink.o
 .debug_info    0x000000000001150f      0xbeb lib/getpid.o
 .debug_info    0x00000000000120fa      0xc60 lib/syslog.o
 .debug_info    0x0000000000012d5a     0x1054 fs/main.o
 .debug_info    0x0000000000013dae     0x1060 fs/open.o
 .debug_info    0x0000000000014e0e      0xddb fs/misc.o
 .debug_info    0x0000000000015be9      0xd0d fs/read_write.o
 .debug_info    0x00000000000168f6      0xda7 fs/link.o
 .debug_info    0x000000000001769d     0x11c6 fs/disklog.o

.debug_abbrev   0x0000000000000000     0x39b9
 *(.debug_abbrev)
 .debug_abbrev  0x0000000000000000      0x176 kernel/start.o
 .debug_abbrev  0x0000000000000176      0x221 kernel/main.o
 .debug_abbrev  0x0000000000000397      0x1cc kernel/clock.o
 .debug_abbrev  0x0000000000000563      0x23f kernel/keyboard.o
 .debug_abbrev  0x00000000000007a2      0x2b7 kernel/tty.o
 .debug_abbrev  0x0000000000000a59      0x253 kernel/console.o
 .debug_abbrev  0x0000000000000cac      0x1b2 kernel/i8259.o
 .debug_abbrev  0x0000000000000e5e      0x181 kernel/global.o
 .debug_abbrev  0x0000000000000fdf      0x1fb kernel/protect.o
 .debug_abbrev  0x00000000000011da      0x2f5 kernel/proc.o
 .debug_abbrev  0x00000000000014cf      0x1a4 kernel/systask.o
 .debug_abbrev  0x0000000000001673      0x318 kernel/hd.o
 .debug_abbrev  0x000000000000198b      0x1b0 lib/printf.o
 .debug_abbrev  0x0000000000001b3b      0x1db lib/vsprintf.o
 .debug_abbrev  0x0000000000001d16      0x1e3 lib/klib.o
 .debug_abbrev  0x0000000000001ef9      0x1bd lib/misc.o
 .debug_abbrev  0x00000000000020b6      0x1b2 lib/open.o
 .debug_abbrev  0x0000000000002268      0x1c1 lib/read.o
 .debug_abbrev  0x0000000000002429      0x1c8 lib/write.o
 .debug_abbrev  0x00000000000025f1      0x1b0 lib/close.o
 .debug_abbrev  0x00000000000027a1      0x1b2 lib/unlink.o
 .debug_abbrev  0x0000000000002953      0x19d lib/getpid.o
 .debug_abbrev  0x0000000000002af0      0x1cb lib/syslog.o
 .debug_abbrev  0x0000000000002cbb      0x281 fs/main.o
 .debug_abbrev  0x0000000000002f3c      0x2b2 fs/open.o
 .debug_abbrev  0x00000000000031ee      0x1f4 fs/misc.o
 .debug_abbrev  0x00000000000033e2      0x1c2 fs/read_write.o
 .debug_abbrev  0x00000000000035a4      0x1b9 fs/link.o
 .debug_abbrev  0x000000000000375d      0x25c fs/disklog.o

.debug_line     0x0000000000000000     0x4766
 *(.debug_line .debug_line.* .debug_line_end)
 .debug_line    0x0000000000000000       0xd6 kernel/start.o
 .debug_line    0x00000000000000d6      0x313 kernel/main.o
 .debug_line    0x00000000000003e9      0x112 kernel/clock.o
 .debug_line    0x00000000000004fb      0x492 kernel/keyboard.o
 .debug_line    0x000000000000098d      0x475 kernel/tty.o
 .debug_line    0x0000000000000e02      0x423 kernel/console.o
 .debug_line    0x0000000000001225       0xe2 kernel/i8259.o
 .debug_line    0x0000000000001307       0x8f kernel/global.o
 .debug_line    0x0000000000001396      0x205 kernel/protect.o
 .debug_line    0x000000000000159b      0x799 kernel/proc.o
 .debug_line    0x0000000000001d34       0xd3 kernel/systask.o
 .debug_line    0x0000000000001e07      0x64d kernel/hd.o
 .debug_line    0x0000000000002454       0xce lib/printf.o
 .debug_line    0x0000000000002522      0x23a lib/vsprintf.o
 .debug_line    0x000000000000275c      0x13f lib/klib.o
 .debug_line    0x000000000000289b      0x1b9 lib/misc.o
 .debug_line    0x0000000000002a54       0xc8 lib/open.o
 .debug_line    0x0000000000002b1c       0xb6 lib/read.o
 .debug_line    0x0000000000002bd2       0xb7 lib/write.o
 .debug_line    0x0000000000002c89       0xb5 lib/close.o
 .debug_line    0x0000000000002d3e       0xbe lib/unlink.o
 .debug_line    0x0000000000002dfc       0xbe lib/getpid.o
 .debug_line    0x0000000000002eba       0xe5 lib/syslog.o
 .debug_line    0x0000000000002f9f      0x5b8 fs/main.o
 .debug_line    0x0000000000003557      0x4a6 fs/open.o
 .debug_line    0x00000000000039fd      0x190 fs/misc.o
 .debug_line    0x0000000000003b8d      0x274 fs/read_write.o
 .debug_line    0x0000000000003e01      0x306 fs/link.o
 .debug_line    0x0000000000004107      0x65f fs/disklog.o

.debug_frame
 *(.debug_frame)

.debug_str      0x0000000000000000     0x1266
 *(.debug_str)
 .debug_str     0x0000000000000000      0x50a kernel/start.o
                                        0x5b3 (size before relaxing)
 .debug_str     0x000000000000050a      0x150 kernel/main.o
                                        0x6e6 (size before relaxing)
 .debug_str     0x000000000000065a       0x3e kernel/clock.o
                                        0x5ad (size before relaxing)
 .debug_str     0x0000000000000698      0x131 kernel/keyboard.o
                                        0x6b5 (size before relaxing)
 .debug_str     0x00000000000007c9       0xaa kernel/tty.o
                                        0x6cf (size before relaxing)
 .debug_str     0x0000000000000873       0xfa kernel/console.o
                                        0x673 (size before relaxing)
 .debug_str     0x000000000000096d       0x37 kernel/i8259.o
                                        0x5ae (size before relaxing)
 .debug_str     0x00000000000009a4       0x2b kernel/global.o
                                        0x59a (size before relaxing)
 .debug_str     0x00000000000009cf       0xbb kernel/protect.o
                                        0x65b (size before relaxing)
 .debug_str     0x0000000000000a8a      0x10b kernel/proc.o
                                        0x74c (size before relaxing)
 .debug_str     0x0000000000000b95       0x1a kernel/systask.o
                                        0x632 (size before relaxing)
 .debug_str     0x0000000000000baf      0x235 kernel/hd.o
                                        0x888 (size before relaxing)
 .debug_str     0x0000000000000de4       0x14 lib/printf.o
                                        0x592 (size before relaxing)
 .debug_str     0x0000000000000df8       0x3b lib/vsprintf.o
                                        0x5bf (size before relaxing)
 .debug_str     0x0000000000000e33       0x2b lib/klib.o
                                        0x5a5 (size before relaxing)
 .debug_str     0x0000000000000e5e       0x50 lib/misc.o
                                        0x5c4 (size before relaxing)
 .debug_str     0x0000000000000eae       0x14 lib/open.o
                                        0x631 (size before relaxing)
 .debug_str     0x0000000000000ec2        0xb lib/read.o
                                        0x62e (size before relaxing)
 .debug_str     0x0000000000000ecd        0xc lib/write.o
                                        0x630 (size before relaxing)
 .debug_str     0x0000000000000ed9        0xc lib/close.o
                                        0x62a (size before relaxing)
 .debug_str     0x0000000000000ee5        0xd lib/unlink.o
                                        0x635 (size before relaxing)
 .debug_str     0x0000000000000ef2       0x14 lib/getpid.o
                                        0x62c (size before relaxing)
 .debug_str     0x0000000000000f06       0x14 lib/syslog.o
                                        0x634 (size before relaxing)
 .debug_str     0x0000000000000f1a       0xab fs/main.o
                                        0x760 (size before relaxing)
 .debug_str     0x0000000000000fc5       0xfb fs/open.o
                                        0x753 (size before relaxing)
 .debug_str     0x00000000000010c0       0x29 fs/misc.o
                                        0x70e (size before relaxing)
 .debug_str     0x00000000000010e9       0x47 fs/read_write.o
                                        0x676 (size before relaxing)
 .debug_str     0x0000000000001130       0x41 fs/link.o
                                        0x6bd (size before relaxing)
 .debug_str     0x0000000000001171       0xf5 fs/disklog.o
                                        0x84f (size before relaxing)

.debug_loc
 *(.debug_loc)

.debug_macinfo
 *(.debug_macinfo)

.debug_weaknames
 *(.debug_weaknames)

.debug_funcnames
 *(.debug_funcnames)

.debug_typenames
 *(.debug_typenames)

.debug_varnames
 *(.debug_varnames)

.debug_pubtypes
 *(.debug_pubtypes)

.debug_ranges   0x0000000000000000       0x30
 *(.debug_ranges)
 .debug_ranges  0x0000000000000000       0x30 kernel/hd.o

.debug_macro
 *(.debug_macro)

.debug_addr
 *(.debug_addr)

.gnu.attributes
 *(.gnu.attributes)

/DISCARD/
 *(.note.GNU-stack)
 *(.gnu_debuglink)
 *(.gnu.lto_*)
 *(.gnu_object_only)
OUTPUT(kernel.bin elf32-i386)
