
Allocating common symbols
Common symbol       size              file

idt_ptr             0x6               kernel/global.o
inode_table         0xb00             kernel/global.o
task_stack          0x38000           kernel/global.o
k_reenter           0x4               kernel/global.o
gdt                 0x400             kernel/global.o
pcaller             0x4               kernel/global.o
tty_table           0xc30             kernel/global.o
tss                 0x68              kernel/global.o
fs_msg              0x30              kernel/global.o
nr_current_console  0x4               kernel/global.o
f_desc_table        0x300             kernel/global.o
root_inode          0x4               kernel/global.o
disp_pos            0x4               kernel/global.o
gdt_ptr             0x6               kernel/global.o
idt                 0x800             kernel/global.o
super_block         0x1e0             kernel/global.o
PARTITION_ENTRY     0x10              kernel/hd.o
ticks               0x4               kernel/global.o
console_table       0x30              kernel/global.o
irq_table           0x40              kernel/global.o
p_proc_ready        0x4               kernel/global.o
proc_table          0xb28             kernel/global.o

Discarded input sections

 .note.GNU-stack
                0x0000000000000000        0x0 kernel/start.o
 .note.GNU-stack
                0x0000000000000000        0x0 kernel/main.o
 .note.GNU-stack
                0x0000000000000000        0x0 kernel/clock.o
 .note.GNU-stack
                0x0000000000000000        0x0 kernel/keyboard.o
 .note.GNU-stack
                0x0000000000000000        0x0 kernel/tty.o
 .note.GNU-stack
                0x0000000000000000        0x0 kernel/console.o
 .note.GNU-stack
                0x0000000000000000        0x0 kernel/i8259.o
 .note.GNU-stack
                0x0000000000000000        0x0 kernel/global.o
 .note.GNU-stack
                0x0000000000000000        0x0 kernel/protect.o
 .note.GNU-stack
                0x0000000000000000        0x0 kernel/proc.o
 .note.GNU-stack
                0x0000000000000000        0x0 kernel/systask.o
 .note.GNU-stack
                0x0000000000000000        0x0 kernel/hd.o
 .note.GNU-stack
                0x0000000000000000        0x0 lib/printf.o
 .note.GNU-stack
                0x0000000000000000        0x0 lib/vsprintf.o
 .note.GNU-stack
                0x0000000000000000        0x0 lib/klib.o
 .note.GNU-stack
                0x0000000000000000        0x0 lib/misc.o
 .note.GNU-stack
                0x0000000000000000        0x0 lib/open.o
 .note.GNU-stack
                0x0000000000000000        0x0 lib/close.o
 .note.GNU-stack
                0x0000000000000000        0x0 fs/main.o
 .note.GNU-stack
                0x0000000000000000        0x0 fs/open.o
 .note.GNU-stack
                0x0000000000000000        0x0 fs/misc.o

Memory Configuration

Name             Origin             Length             Attributes
*default*        0x0000000000000000 0xffffffffffffffff

Linker script and memory map

Address of section .text set to 0x30400
LOAD kernel/kernel.o
LOAD lib/syscall.o
LOAD kernel/start.o
LOAD kernel/main.o
LOAD kernel/clock.o
LOAD kernel/keyboard.o
LOAD kernel/tty.o
LOAD kernel/console.o
LOAD kernel/i8259.o
LOAD kernel/global.o
LOAD kernel/protect.o
LOAD kernel/proc.o
LOAD kernel/systask.o
LOAD kernel/hd.o
LOAD lib/printf.o
LOAD lib/vsprintf.o
LOAD lib/kliba.o
LOAD lib/klib.o
LOAD lib/string.o
LOAD lib/misc.o
LOAD lib/open.o
LOAD lib/close.o
LOAD fs/main.o
LOAD fs/open.o
LOAD fs/misc.o
                [!provide]                        PROVIDE (__executable_start = SEGMENT_START ("text-segment", 0x8048000))
                0x0000000008048094                . = (SEGMENT_START ("text-segment", 0x8048000) + SIZEOF_HEADERS)

.interp
 *(.interp)

.note.gnu.build-id
 *(.note.gnu.build-id)

.hash
 *(.hash)

.gnu.hash
 *(.gnu.hash)

.dynsym
 *(.dynsym)

.dynstr
 *(.dynstr)

.gnu.version
 *(.gnu.version)

.gnu.version_d
 *(.gnu.version_d)

.gnu.version_r
 *(.gnu.version_r)

.rel.dyn        0x0000000008048094        0x0
 *(.rel.init)
 *(.rel.text .rel.text.* .rel.gnu.linkonce.t.*)
 .rel.text      0x0000000008048094        0x0 kernel/kernel.o
 *(.rel.fini)
 *(.rel.rodata .rel.rodata.* .rel.gnu.linkonce.r.*)
 *(.rel.data.rel.ro .rel.data.rel.ro.* .rel.gnu.linkonce.d.rel.ro.*)
 *(.rel.data .rel.data.* .rel.gnu.linkonce.d.*)
 *(.rel.tdata .rel.tdata.* .rel.gnu.linkonce.td.*)
 *(.rel.tbss .rel.tbss.* .rel.gnu.linkonce.tb.*)
 *(.rel.ctors)
 *(.rel.dtors)
 *(.rel.got)
 .rel.got       0x0000000008048094        0x0 kernel/kernel.o
 *(.rel.bss .rel.bss.* .rel.gnu.linkonce.b.*)
 *(.rel.ifunc)

.rel.plt        0x0000000008048094        0x0
 *(.rel.plt)
                [!provide]                        PROVIDE (__rel_iplt_start = .)
 *(.rel.iplt)
 .rel.iplt      0x0000000008048094        0x0 kernel/kernel.o
                [!provide]                        PROVIDE (__rel_iplt_end = .)

.init
 *(SORT_NONE(.init))

.plt            0x0000000008048098        0x0
 *(.plt)
 *(.iplt)
 .iplt          0x0000000008048098        0x0 kernel/kernel.o

.plt.got
 *(.plt.got)

.plt.sec
 *(.plt.sec)

.text           0x0000000000030400     0x676e
 *(.text.unlikely .text.*_unlikely .text.unlikely.*)
 *(.text.exit .text.exit.*)
 *(.text.startup .text.startup.*)
 *(.text.hot .text.hot.*)
 *(.text .stub .text.* .gnu.linkonce.t.*)
 .text          0x0000000000030400      0x410 kernel/kernel.o
                0x0000000000030400                _start
                0x0000000000030440                hwint00
                0x0000000000030470                hwint01
                0x00000000000304a0                hwint02
                0x00000000000304d0                hwint03
                0x0000000000030500                hwint04
                0x0000000000030530                hwint05
                0x0000000000030560                hwint06
                0x0000000000030590                hwint07
                0x00000000000305c0                hwint08
                0x00000000000305f0                hwint09
                0x0000000000030620                hwint10
                0x0000000000030650                hwint11
                0x0000000000030680                hwint12
                0x00000000000306b0                hwint13
                0x00000000000306e0                hwint14
                0x0000000000030710                hwint15
                0x0000000000030734                divide_error
                0x000000000003073a                single_step_exception
                0x0000000000030740                nmi
                0x0000000000030746                breakpoint_exception
                0x000000000003074c                overflow
                0x0000000000030752                bounds_check
                0x0000000000030758                inval_opcode
                0x000000000003075e                copr_not_available
                0x0000000000030764                double_fault
                0x0000000000030768                copr_seg_overrun
                0x000000000003076e                inval_tss
                0x0000000000030772                segment_not_present
                0x0000000000030776                stack_exception
                0x000000000003077a                general_protection
                0x000000000003077e                page_fault
                0x0000000000030782                copr_error
                0x00000000000307cb                sys_call
                0x00000000000307eb                restart
 .text          0x0000000000030810       0x20 lib/syscall.o
                0x0000000000030810                sendrec
                0x0000000000030824                printx
 .text          0x0000000000030830       0x95 kernel/start.o
                0x0000000000030830                cstart
 .text          0x00000000000308c5      0x3c7 kernel/main.o
                0x00000000000308c5                kernel_main
                0x0000000000030b70                get_ticks
                0x0000000000030ba4                TestA
                0x0000000000030bf3                TestB
                0x0000000000030c1b                TestC
                0x0000000000030c43                panic
 .text          0x0000000000030c8c       0xc5 kernel/clock.o
                0x0000000000030c8c                clock_handler
                0x0000000000030ccf                milli_delay
                0x0000000000030cf9                init_clock
 .text          0x0000000000030d51      0x689 kernel/keyboard.o
                0x0000000000030d51                keyboard_handler
                0x0000000000030db1                init_keyboard
                0x0000000000030e56                keyboard_read
 .text          0x00000000000313da      0x514 kernel/tty.o
                0x00000000000313da                task_tty
                0x0000000000031494                in_process
                0x00000000000316fa                tty_write
                0x0000000000031740                sys_printx
 .text          0x00000000000318ee      0x426 kernel/console.o
                0x00000000000318ee                init_screen
                0x0000000000031a0e                is_current_console
                0x0000000000031a29                out_char
                0x0000000000031c73                select_console
                0x0000000000031ca9                scroll_screen
 .text          0x0000000000031d14      0x130 kernel/i8259.o
                0x0000000000031d14                init_8259A
                0x0000000000031de9                spurious_irq
                0x0000000000031e20                put_irq_handler
 .text          0x0000000000031e44        0x0 kernel/global.o
 .text          0x0000000000031e44      0x614 kernel/protect.o
                0x0000000000031e44                init_prot
                0x0000000000032261                seg2phys
                0x000000000003231d                exception_handler
 .text          0x0000000000032458     0x1738 kernel/proc.o
                0x0000000000032458                schedule
                0x00000000000324e4                sys_sendrec
                0x0000000000032602                send_recv
                0x00000000000326bf                ldt_seg_linear
                0x0000000000032709                va2la
                0x000000000003276a                reset_msg
                0x0000000000033560                inform_int
                0x00000000000336dc                dump_proc
                0x0000000000033a82                dump_msg
 .text          0x0000000000033b90       0x58 kernel/systask.o
                0x0000000000033b90                task_sys
 .text          0x0000000000033be8      0xe13 kernel/hd.o
                0x0000000000033be8                task_hd
                0x00000000000349d0                hd_handler
 .text          0x00000000000349fb       0x50 lib/printf.o
                0x00000000000349fb                printf
 .text          0x0000000000034a4b      0x309 lib/vsprintf.o
                0x0000000000034ab1                vsprintf
                0x0000000000034d2e                sprintf
 *fill*         0x0000000000034d54        0xc 
 .text          0x0000000000034d60      0x19a lib/kliba.o
                0x0000000000034d60                disp_str
                0x0000000000034d9e                disp_color_str
                0x0000000000034ddd                out_byte
                0x0000000000034de9                in_byte
                0x0000000000034df3                port_read
                0x0000000000034e06                port_write
                0x0000000000034e19                disable_irq
                0x0000000000034e4e                enable_irq
                0x0000000000034e6d                disable_int
                0x0000000000034e6f                enable_int
                0x0000000000034e71                glitter
 .text          0x0000000000034efa      0x119 lib/klib.o
                0x0000000000034efa                itoa
                0x0000000000034fa5                disp_int
                0x0000000000034fcc                delay
 *fill*         0x0000000000035013        0xd 
 .text          0x0000000000035020       0x78 lib/string.o
                0x0000000000035020                memcpy
                0x0000000000035049                memset
                0x000000000003506a                strcpy
                0x0000000000035082                strlen
 .text          0x0000000000035098      0x194 lib/misc.o
                0x0000000000035098                memcmp
                0x000000000003510a                strcmp
                0x0000000000035179                strcat
                0x00000000000351d8                spin
                0x00000000000351f3                assertion_failure
 .text          0x000000000003522c       0x63 lib/open.o
                0x000000000003522c                open
 .text          0x000000000003528f       0x2b lib/close.o
                0x000000000003528f                close
 .text          0x00000000000352ba      0xc48 fs/main.o
                0x00000000000352ba                task_fs
                0x0000000000035a14                rw_sector
                0x0000000000035c1c                get_super_block
                0x0000000000035c62                get_inode
                0x0000000000035dc5                put_inode
                0x0000000000035e03                sync_inode
 .text          0x0000000000035f02      0xa8f fs/open.o
                0x0000000000035f02                do_open
                0x0000000000036346                do_close
                0x00000000000363a2                do_lseek
 .text          0x0000000000036991      0x1dd fs/misc.o
                0x0000000000036991                search_file
                0x0000000000036ae7                strip_path
 *(.gnu.warning)

.fini
 *(SORT_NONE(.fini))
                [!provide]                        PROVIDE (__etext = .)
                [!provide]                        PROVIDE (_etext = .)
                [!provide]                        PROVIDE (etext = .)

.rodata         0x0000000000036b80     0x125c
 *(.rodata .rodata.* .gnu.linkonce.r.*)
 .rodata        0x0000000000036b80       0x47 kernel/start.o
 *fill*         0x0000000000036bc7        0x1 
 .rodata        0x0000000000036bc8       0x48 kernel/main.o
 .rodata        0x0000000000036c10       0x64 kernel/keyboard.o
 .rodata        0x0000000000036c74       0x90 kernel/tty.o
 .rodata        0x0000000000036d04       0x11 kernel/i8259.o
 *fill*         0x0000000000036d15        0x3 
 .rodata        0x0000000000036d18        0x4 kernel/global.o
                0x0000000000036d18                FSBUF_SIZE
 *fill*         0x0000000000036d1c        0x4 
 .rodata        0x0000000000036d20      0x540 kernel/protect.o
 .rodata        0x0000000000037260      0x63e kernel/proc.o
 .rodata        0x000000000003789e       0x11 kernel/systask.o
 *fill*         0x00000000000378af        0x1 
 .rodata        0x00000000000378b0      0x1ba kernel/hd.o
 *fill*         0x0000000000037a6a        0x2 
 .rodata        0x0000000000037a6c       0x61 lib/misc.o
 .rodata        0x0000000000037acd       0x23 lib/open.o
 .rodata        0x0000000000037af0      0x1b2 fs/main.o
 *fill*         0x0000000000037ca2        0x2 
 .rodata        0x0000000000037ca4      0x138 fs/open.o

.rodata1
 *(.rodata1)

.eh_frame_hdr
 *(.eh_frame_hdr)
 *(.eh_frame_entry .eh_frame_entry.*)

.eh_frame       0x0000000000037ddc      0xd64
 *(.eh_frame)
 .eh_frame      0x0000000000037ddc       0x38 kernel/start.o
 .eh_frame      0x0000000000037e14       0xb4 kernel/main.o
                                         0xcc (size before relaxing)
 .eh_frame      0x0000000000037ec8       0x60 kernel/clock.o
                                         0x78 (size before relaxing)
 .eh_frame      0x0000000000037f28       0xe0 kernel/keyboard.o
                                         0xf8 (size before relaxing)
 .eh_frame      0x0000000000038008       0xfc kernel/tty.o
                                        0x114 (size before relaxing)
 .eh_frame      0x0000000000038104      0x100 kernel/console.o
                                        0x118 (size before relaxing)
 .eh_frame      0x0000000000038204       0x60 kernel/i8259.o
                                         0x78 (size before relaxing)
 .eh_frame      0x0000000000038264       0xb0 kernel/protect.o
                                         0xc8 (size before relaxing)
 .eh_frame      0x0000000000038314      0x1d8 kernel/proc.o
                                        0x1f0 (size before relaxing)
 .eh_frame      0x00000000000384ec       0x1c kernel/systask.o
                                         0x34 (size before relaxing)
 .eh_frame      0x0000000000038508      0x1f4 kernel/hd.o
                                        0x20c (size before relaxing)
 .eh_frame      0x00000000000386fc       0x20 lib/printf.o
                                         0x38 (size before relaxing)
 .eh_frame      0x000000000003871c       0x64 lib/vsprintf.o
                                         0x7c (size before relaxing)
 .eh_frame      0x0000000000038780       0x60 lib/klib.o
                                         0x78 (size before relaxing)
 .eh_frame      0x00000000000387e0       0x9c lib/misc.o
                                         0xb4 (size before relaxing)
 .eh_frame      0x000000000003887c       0x20 lib/open.o
                                         0x38 (size before relaxing)
 .eh_frame      0x000000000003889c       0x20 lib/close.o
                                         0x38 (size before relaxing)
 .eh_frame      0x00000000000388bc      0x130 fs/main.o
                                        0x148 (size before relaxing)
 .eh_frame      0x00000000000389ec      0x110 fs/open.o
                                        0x128 (size before relaxing)
 .eh_frame      0x0000000000038afc       0x44 fs/misc.o
                                         0x5c (size before relaxing)
 *(.eh_frame.*)

.gcc_except_table
 *(.gcc_except_table .gcc_except_table.*)

.gnu_extab
 *(.gnu_extab*)

.exception_ranges
 *(.exception_ranges .exception_ranges*)
                0x000000000003a000                . = DATA_SEGMENT_ALIGN (CONSTANT (MAXPAGESIZE), CONSTANT (COMMONPAGESIZE))

.eh_frame
 *(.eh_frame)
 *(.eh_frame.*)

.gnu_extab
 *(.gnu_extab)

.gcc_except_table
 *(.gcc_except_table .gcc_except_table.*)

.exception_ranges
 *(.exception_ranges .exception_ranges*)

.tdata
 *(.tdata .tdata.* .gnu.linkonce.td.*)

.tbss
 *(.tbss .tbss.* .gnu.linkonce.tb.*)
 *(.tcommon)

.preinit_array  0x000000000003a000        0x0
                [!provide]                        PROVIDE (__preinit_array_start = .)
 *(.preinit_array)
                [!provide]                        PROVIDE (__preinit_array_end = .)

.init_array     0x000000000003a000        0x0
                [!provide]                        PROVIDE (__init_array_start = .)
 *(SORT_BY_INIT_PRIORITY(.init_array.*) SORT_BY_INIT_PRIORITY(.ctors.*))
 *(.init_array EXCLUDE_FILE(*crtend?.o *crtend.o *crtbegin?.o *crtbegin.o) .ctors)
                [!provide]                        PROVIDE (__init_array_end = .)

.fini_array     0x000000000003a000        0x0
                [!provide]                        PROVIDE (__fini_array_start = .)
 *(SORT_BY_INIT_PRIORITY(.fini_array.*) SORT_BY_INIT_PRIORITY(.dtors.*))
 *(.fini_array EXCLUDE_FILE(*crtend?.o *crtend.o *crtbegin?.o *crtbegin.o) .dtors)
                [!provide]                        PROVIDE (__fini_array_end = .)

.ctors
 *crtbegin.o(.ctors)
 *crtbegin?.o(.ctors)
 *(EXCLUDE_FILE(*crtend?.o *crtend.o) .ctors)
 *(SORT_BY_NAME(.ctors.*))
 *(.ctors)

.dtors
 *crtbegin.o(.dtors)
 *crtbegin?.o(.dtors)
 *(EXCLUDE_FILE(*crtend?.o *crtend.o) .dtors)
 *(SORT_BY_NAME(.dtors.*))
 *(.dtors)

.jcr
 *(.jcr)

.data.rel.ro
 *(.data.rel.ro.local* .gnu.linkonce.d.rel.ro.local.*)
 *(.data.rel.ro .data.rel.ro.* .gnu.linkonce.d.rel.ro.*)

.dynamic
 *(.dynamic)

.got            0x000000000003a000        0x0
 *(.got)
 .got           0x000000000003a000        0x0 kernel/kernel.o
 *(.igot)
                0x000000000003a000                . = DATA_SEGMENT_RELRO_END (., (SIZEOF (.got.plt) >= 0xc)?0xc:0x0)

.got.plt        0x000000000003a000        0x0
 *(.got.plt)
 .got.plt       0x000000000003a000        0x0 kernel/kernel.o
 *(.igot.plt)
 .igot.plt      0x000000000003a000        0x0 kernel/kernel.o

.data           0x000000000003a000      0x760
 *(.data .data.* .gnu.linkonce.d.*)
 .data          0x000000000003a000        0x2 kernel/kernel.o
 .data          0x000000000003a002        0x0 kernel/start.o
 .data          0x000000000003a002        0x0 kernel/main.o
 .data          0x000000000003a002        0x0 kernel/clock.o
 *fill*         0x000000000003a002       0x1e 
 .data          0x000000000003a020      0x600 kernel/keyboard.o
                0x000000000003a020                keymap
 .data          0x000000000003a620        0x0 kernel/tty.o
 .data          0x000000000003a620        0x0 kernel/console.o
 .data          0x000000000003a620        0x0 kernel/i8259.o
 .data          0x000000000003a620      0x140 kernel/global.o
                0x000000000003a620                task_table
                0x000000000003a6c0                user_proc_table
                0x000000000003a738                sys_call_table
                0x000000000003a744                dd_map
                0x000000000003a75c                fsbuf
 .data          0x000000000003a760        0x0 kernel/protect.o
 .data          0x000000000003a760        0x0 kernel/proc.o
 .data          0x000000000003a760        0x0 kernel/systask.o
 .data          0x000000000003a760        0x0 kernel/hd.o
 .data          0x000000000003a760        0x0 lib/printf.o
 .data          0x000000000003a760        0x0 lib/vsprintf.o
 .data          0x000000000003a760        0x0 lib/klib.o
 .data          0x000000000003a760        0x0 lib/misc.o
 .data          0x000000000003a760        0x0 lib/open.o
 .data          0x000000000003a760        0x0 lib/close.o
 .data          0x000000000003a760        0x0 fs/main.o
 .data          0x000000000003a760        0x0 fs/open.o
 .data          0x000000000003a760        0x0 fs/misc.o

.data1
 *(.data1)
                0x000000000003a760                _edata = .
                [!provide]                        PROVIDE (edata = .)
                0x000000000003a760                . = .
                0x000000000003a760                __bss_start = .

.bss            0x000000000003a760    0x3c418
 *(.dynbss)
 *(.bss .bss.* .gnu.linkonce.b.*)
 .bss           0x000000000003a760      0x800 kernel/kernel.o
 .bss           0x000000000003af60        0x0 kernel/start.o
 .bss           0x000000000003af60        0x0 kernel/main.o
 .bss           0x000000000003af60        0x0 kernel/clock.o
 .bss           0x000000000003af60       0x58 kernel/keyboard.o
 .bss           0x000000000003afb8        0x0 kernel/tty.o
 .bss           0x000000000003afb8        0x0 kernel/console.o
 .bss           0x000000000003afb8        0x0 kernel/i8259.o
 .bss           0x000000000003afb8        0x0 kernel/global.o
 .bss           0x000000000003afb8        0x0 kernel/protect.o
 .bss           0x000000000003afb8        0x0 kernel/proc.o
 .bss           0x000000000003afb8        0x0 kernel/systask.o
 *fill*         0x000000000003afb8        0x8 
 .bss           0x000000000003afc0      0x64c kernel/hd.o
 .bss           0x000000000003b60c        0x0 lib/printf.o
 .bss           0x000000000003b60c        0x0 lib/vsprintf.o
 .bss           0x000000000003b60c        0x0 lib/klib.o
 .bss           0x000000000003b60c        0x0 lib/misc.o
 .bss           0x000000000003b60c        0x0 lib/open.o
 .bss           0x000000000003b60c        0x0 lib/close.o
 .bss           0x000000000003b60c        0x0 fs/main.o
 .bss           0x000000000003b60c        0x0 fs/open.o
 .bss           0x000000000003b60c        0x0 fs/misc.o
 *(COMMON)
 *fill*         0x000000000003b60c       0x14 
 COMMON         0x000000000003b620    0x3b548 kernel/global.o
                0x000000000003b620                idt_ptr
                0x000000000003b640                inode_table
                0x000000000003c140                task_stack
                0x0000000000074140                k_reenter
                0x0000000000074160                gdt
                0x0000000000074560                pcaller
                0x0000000000074580                tty_table
                0x00000000000751c0                tss
                0x0000000000075240                fs_msg
                0x0000000000075270                nr_current_console
                0x0000000000075280                f_desc_table
                0x0000000000075580                root_inode
                0x0000000000075584                disp_pos
                0x0000000000075588                gdt_ptr
                0x00000000000755a0                idt
                0x0000000000075da0                super_block
                0x0000000000075f80                ticks
                0x0000000000075fa0                console_table
                0x0000000000075fe0                irq_table
                0x0000000000076020                p_proc_ready
                0x0000000000076040                proc_table
 COMMON         0x0000000000076b68       0x10 kernel/hd.o
                0x0000000000076b68                PARTITION_ENTRY
                0x0000000000076b78                . = ALIGN ((. != 0x0)?0x4:0x1)
                0x0000000000076b78                . = ALIGN (0x4)
                0x0000000000076b78                . = SEGMENT_START ("ldata-segment", .)
                0x0000000000076b78                . = ALIGN (0x4)
                0x0000000000076b78                _end = .
                [!provide]                        PROVIDE (end = .)
                0x0000000000076b78                . = DATA_SEGMENT_END (.)

.stab
 *(.stab)

.stabstr
 *(.stabstr)

.stab.excl
 *(.stab.excl)

.stab.exclstr
 *(.stab.exclstr)

.stab.index
 *(.stab.index)

.stab.indexstr
 *(.stab.indexstr)

.comment        0x0000000000000000       0x2c
 *(.comment)
 .comment       0x0000000000000000       0x2c kernel/start.o
                                         0x2d (size before relaxing)
 .comment       0x000000000000002c       0x2d kernel/main.o
 .comment       0x000000000000002c       0x2d kernel/clock.o
 .comment       0x000000000000002c       0x2d kernel/keyboard.o
 .comment       0x000000000000002c       0x2d kernel/tty.o
 .comment       0x000000000000002c       0x2d kernel/console.o
 .comment       0x000000000000002c       0x2d kernel/i8259.o
 .comment       0x000000000000002c       0x2d kernel/global.o
 .comment       0x000000000000002c       0x2d kernel/protect.o
 .comment       0x000000000000002c       0x2d kernel/proc.o
 .comment       0x000000000000002c       0x2d kernel/systask.o
 .comment       0x000000000000002c       0x2d kernel/hd.o
 .comment       0x000000000000002c       0x2d lib/printf.o
 .comment       0x000000000000002c       0x2d lib/vsprintf.o
 .comment       0x000000000000002c       0x2d lib/klib.o
 .comment       0x000000000000002c       0x2d lib/misc.o
 .comment       0x000000000000002c       0x2d lib/open.o
 .comment       0x000000000000002c       0x2d lib/close.o
 .comment       0x000000000000002c       0x2d fs/main.o
 .comment       0x000000000000002c       0x2d fs/open.o
 .comment       0x000000000000002c       0x2d fs/misc.o

.gnu.build.attributes
 *(.gnu.build.attributes .gnu.build.attributes.*)

.debug
 *(.debug)

.line
 *(.line)

.debug_srcinfo
 *(.debug_srcinfo)

.debug_sfnames
 *(.debug_sfnames)

.debug_aranges  0x0000000000000000      0x298
 *(.debug_aranges)
 .debug_aranges
                0x0000000000000000       0x20 kernel/start.o
 .debug_aranges
                0x0000000000000020       0x20 kernel/main.o
 .debug_aranges
                0x0000000000000040       0x20 kernel/clock.o
 .debug_aranges
                0x0000000000000060       0x20 kernel/keyboard.o
 .debug_aranges
                0x0000000000000080       0x20 kernel/tty.o
 .debug_aranges
                0x00000000000000a0       0x20 kernel/console.o
 .debug_aranges
                0x00000000000000c0       0x20 kernel/i8259.o
 .debug_aranges
                0x00000000000000e0       0x18 kernel/global.o
 .debug_aranges
                0x00000000000000f8       0x20 kernel/protect.o
 .debug_aranges
                0x0000000000000118       0x20 kernel/proc.o
 .debug_aranges
                0x0000000000000138       0x20 kernel/systask.o
 .debug_aranges
                0x0000000000000158       0x20 kernel/hd.o
 .debug_aranges
                0x0000000000000178       0x20 lib/printf.o
 .debug_aranges
                0x0000000000000198       0x20 lib/vsprintf.o
 .debug_aranges
                0x00000000000001b8       0x20 lib/klib.o
 .debug_aranges
                0x00000000000001d8       0x20 lib/misc.o
 .debug_aranges
                0x00000000000001f8       0x20 lib/open.o
 .debug_aranges
                0x0000000000000218       0x20 lib/close.o
 .debug_aranges
                0x0000000000000238       0x20 fs/main.o
 .debug_aranges
                0x0000000000000258       0x20 fs/open.o
 .debug_aranges
                0x0000000000000278       0x20 fs/misc.o

.debug_pubnames
 *(.debug_pubnames)

.debug_info     0x0000000000000000    0x112ce
 *(.debug_info .gnu.linkonce.wi.*)
 .debug_info    0x0000000000000000      0xb41 kernel/start.o
 .debug_info    0x0000000000000b41      0xd00 kernel/main.o
 .debug_info    0x0000000000001841      0xb4f kernel/clock.o
 .debug_info    0x0000000000002390      0xdf1 kernel/keyboard.o
 .debug_info    0x0000000000003181      0xd40 kernel/tty.o
 .debug_info    0x0000000000003ec1      0xc81 kernel/console.o
 .debug_info    0x0000000000004b42      0xb63 kernel/i8259.o
 .debug_info    0x00000000000056a5      0xbf6 kernel/global.o
 .debug_info    0x000000000000629b      0xcde kernel/protect.o
 .debug_info    0x0000000000006f79      0xffe kernel/proc.o
 .debug_info    0x0000000000007f77      0xb96 kernel/systask.o
 .debug_info    0x0000000000008b0d     0x1315 kernel/hd.o
 .debug_info    0x0000000000009e22      0xb68 lib/printf.o
 .debug_info    0x000000000000a98a      0xc89 lib/vsprintf.o
 .debug_info    0x000000000000b613      0xbdc lib/klib.o
 .debug_info    0x000000000000c1ef      0xc8c lib/misc.o
 .debug_info    0x000000000000ce7b      0xbad lib/open.o
 .debug_info    0x000000000000da28      0xb8e lib/close.o
 .debug_info    0x000000000000e5b6      0xfb3 fs/main.o
 .debug_info    0x000000000000f569      0xff5 fs/open.o
 .debug_info    0x000000000001055e      0xd70 fs/misc.o

.debug_abbrev   0x0000000000000000     0x29f2
 *(.debug_abbrev)
 .debug_abbrev  0x0000000000000000      0x176 kernel/start.o
 .debug_abbrev  0x0000000000000176      0x20f kernel/main.o
 .debug_abbrev  0x0000000000000385      0x1cc kernel/clock.o
 .debug_abbrev  0x0000000000000551      0x250 kernel/keyboard.o
 .debug_abbrev  0x00000000000007a1      0x21e kernel/tty.o
 .debug_abbrev  0x00000000000009bf      0x1d2 kernel/console.o
 .debug_abbrev  0x0000000000000b91      0x1b2 kernel/i8259.o
 .debug_abbrev  0x0000000000000d43      0x176 kernel/global.o
 .debug_abbrev  0x0000000000000eb9      0x1fb kernel/protect.o
 .debug_abbrev  0x00000000000010b4      0x2f5 kernel/proc.o
 .debug_abbrev  0x00000000000013a9      0x1a4 kernel/systask.o
 .debug_abbrev  0x000000000000154d      0x318 kernel/hd.o
 .debug_abbrev  0x0000000000001865      0x192 lib/printf.o
 .debug_abbrev  0x00000000000019f7      0x1db lib/vsprintf.o
 .debug_abbrev  0x0000000000001bd2      0x1e3 lib/klib.o
 .debug_abbrev  0x0000000000001db5      0x1bd lib/misc.o
 .debug_abbrev  0x0000000000001f72      0x1b2 lib/open.o
 .debug_abbrev  0x0000000000002124      0x1b0 lib/close.o
 .debug_abbrev  0x00000000000022d4      0x278 fs/main.o
 .debug_abbrev  0x000000000000254c      0x2b2 fs/open.o
 .debug_abbrev  0x00000000000027fe      0x1f4 fs/misc.o

.debug_line     0x0000000000000000     0x32c7
 *(.debug_line .debug_line.* .debug_line_end)
 .debug_line    0x0000000000000000       0xd6 kernel/start.o
 .debug_line    0x00000000000000d6      0x22e kernel/main.o
 .debug_line    0x0000000000000304       0xf3 kernel/clock.o
 .debug_line    0x00000000000003f7      0x467 kernel/keyboard.o
 .debug_line    0x000000000000085e      0x2e7 kernel/tty.o
 .debug_line    0x0000000000000b45      0x23d kernel/console.o
 .debug_line    0x0000000000000d82       0xe2 kernel/i8259.o
 .debug_line    0x0000000000000e64       0x8f kernel/global.o
 .debug_line    0x0000000000000ef3      0x205 kernel/protect.o
 .debug_line    0x00000000000010f8      0x7a1 kernel/proc.o
 .debug_line    0x0000000000001899       0xc8 kernel/systask.o
 .debug_line    0x0000000000001961      0x64d kernel/hd.o
 .debug_line    0x0000000000001fae       0xb1 lib/printf.o
 .debug_line    0x000000000000205f      0x23a lib/vsprintf.o
 .debug_line    0x0000000000002299      0x13f lib/klib.o
 .debug_line    0x00000000000023d8      0x1b9 lib/misc.o
 .debug_line    0x0000000000002591       0xc8 lib/open.o
 .debug_line    0x0000000000002659       0xb5 lib/close.o
 .debug_line    0x000000000000270e      0x583 fs/main.o
 .debug_line    0x0000000000002c91      0x4a6 fs/open.o
 .debug_line    0x0000000000003137      0x190 fs/misc.o

.debug_frame
 *(.debug_frame)

.debug_str      0x0000000000000000      0xfcb
 *(.debug_str)
 .debug_str     0x0000000000000000      0x501 kernel/start.o
                                        0x58d (size before relaxing)
 .debug_str     0x0000000000000501       0xdd kernel/main.o
                                        0x643 (size before relaxing)
 .debug_str     0x00000000000005de       0x3e kernel/clock.o
                                        0x587 (size before relaxing)
 .debug_str     0x000000000000061c      0x13e kernel/keyboard.o
                                        0x692 (size before relaxing)
 .debug_str     0x000000000000075a       0x87 kernel/tty.o
                                        0x5dd (size before relaxing)
 .debug_str     0x00000000000007e1       0xb6 kernel/console.o
                                        0x615 (size before relaxing)
 .debug_str     0x0000000000000897       0x37 kernel/i8259.o
                                        0x588 (size before relaxing)
 .debug_str     0x00000000000008ce       0x2b kernel/global.o
                                        0x574 (size before relaxing)
 .debug_str     0x00000000000008f9       0xbb kernel/protect.o
                                        0x635 (size before relaxing)
 .debug_str     0x00000000000009b4      0x10b kernel/proc.o
                                        0x6fc (size before relaxing)
 .debug_str     0x0000000000000abf       0x1a kernel/systask.o
                                        0x5e2 (size before relaxing)
 .debug_str     0x0000000000000ad9      0x23b kernel/hd.o
                                        0x838 (size before relaxing)
 .debug_str     0x0000000000000d14        0xd lib/printf.o
                                        0x565 (size before relaxing)
 .debug_str     0x0000000000000d21       0x3b lib/vsprintf.o
                                        0x599 (size before relaxing)
 .debug_str     0x0000000000000d5c       0x30 lib/klib.o
                                        0x57f (size before relaxing)
 .debug_str     0x0000000000000d8c       0x50 lib/misc.o
                                        0x59e (size before relaxing)
 .debug_str     0x0000000000000ddc       0x14 lib/open.o
                                        0x5e1 (size before relaxing)
 .debug_str     0x0000000000000df0        0xc lib/close.o
                                        0x5da (size before relaxing)
 .debug_str     0x0000000000000dfc       0xa2 fs/main.o
                                        0x707 (size before relaxing)
 .debug_str     0x0000000000000e9e      0x104 fs/open.o
                                        0x703 (size before relaxing)
 .debug_str     0x0000000000000fa2       0x29 fs/misc.o
                                        0x6be (size before relaxing)

.debug_loc
 *(.debug_loc)

.debug_macinfo
 *(.debug_macinfo)

.debug_weaknames
 *(.debug_weaknames)

.debug_funcnames
 *(.debug_funcnames)

.debug_typenames
 *(.debug_typenames)

.debug_varnames
 *(.debug_varnames)

.debug_pubtypes
 *(.debug_pubtypes)

.debug_ranges   0x0000000000000000       0x30
 *(.debug_ranges)
 .debug_ranges  0x0000000000000000       0x30 kernel/hd.o

.debug_macro
 *(.debug_macro)

.debug_addr
 *(.debug_addr)

.gnu.attributes
 *(.gnu.attributes)

/DISCARD/
 *(.note.GNU-stack)
 *(.gnu_debuglink)
 *(.gnu.lto_*)
 *(.gnu_object_only)
OUTPUT(kernel.bin elf32-i386)
