
Allocating common symbols
Common symbol       size              file

idt_ptr             0x6               kernel/global.o
inode_table         0xb00             kernel/global.o
task_stack          0x38000           kernel/global.o
k_reenter           0x4               kernel/global.o
gdt                 0x400             kernel/global.o
pcaller             0x4               kernel/global.o
tty_table           0xc30             kernel/global.o
tss                 0x68              kernel/global.o
fs_msg              0x30              kernel/global.o
nr_current_console  0x4               kernel/global.o
f_desc_table        0x300             kernel/global.o
root_inode          0x4               kernel/global.o
disp_pos            0x4               kernel/global.o
gdt_ptr             0x6               kernel/global.o
idt                 0x800             kernel/global.o
super_block         0x1e0             kernel/global.o
PARTITION_ENTRY     0x10              kernel/hd.o
ticks               0x4               kernel/global.o
console_table       0x30              kernel/global.o
irq_table           0x40              kernel/global.o
p_proc_ready        0x4               kernel/global.o
proc_table          0xb28             kernel/global.o

Discarded input sections

 .note.GNU-stack
                0x0000000000000000        0x0 kernel/start.o
 .note.GNU-stack
                0x0000000000000000        0x0 kernel/main.o
 .note.GNU-stack
                0x0000000000000000        0x0 kernel/clock.o
 .note.GNU-stack
                0x0000000000000000        0x0 kernel/keyboard.o
 .note.GNU-stack
                0x0000000000000000        0x0 kernel/tty.o
 .note.GNU-stack
                0x0000000000000000        0x0 kernel/console.o
 .note.GNU-stack
                0x0000000000000000        0x0 kernel/i8259.o
 .note.GNU-stack
                0x0000000000000000        0x0 kernel/global.o
 .note.GNU-stack
                0x0000000000000000        0x0 kernel/protect.o
 .note.GNU-stack
                0x0000000000000000        0x0 kernel/proc.o
 .note.GNU-stack
                0x0000000000000000        0x0 kernel/systask.o
 .note.GNU-stack
                0x0000000000000000        0x0 kernel/hd.o
 .note.GNU-stack
                0x0000000000000000        0x0 lib/printf.o
 .note.GNU-stack
                0x0000000000000000        0x0 lib/vsprintf.o
 .note.GNU-stack
                0x0000000000000000        0x0 lib/klib.o
 .note.GNU-stack
                0x0000000000000000        0x0 lib/misc.o
 .note.GNU-stack
                0x0000000000000000        0x0 lib/open.o
 .note.GNU-stack
                0x0000000000000000        0x0 lib/read.o
 .note.GNU-stack
                0x0000000000000000        0x0 lib/write.o
 .note.GNU-stack
                0x0000000000000000        0x0 lib/close.o
 .note.GNU-stack
                0x0000000000000000        0x0 lib/unlink.o
 .note.GNU-stack
                0x0000000000000000        0x0 lib/getpid.o
 .note.GNU-stack
                0x0000000000000000        0x0 lib/syslog.o
 .note.GNU-stack
                0x0000000000000000        0x0 fs/main.o
 .note.GNU-stack
                0x0000000000000000        0x0 fs/open.o
 .note.GNU-stack
                0x0000000000000000        0x0 fs/misc.o
 .note.GNU-stack
                0x0000000000000000        0x0 fs/read_write.o
 .note.GNU-stack
                0x0000000000000000        0x0 fs/link.o
 .note.GNU-stack
                0x0000000000000000        0x0 fs/disklog.o

Memory Configuration

Name             Origin             Length             Attributes
*default*        0x0000000000000000 0xffffffffffffffff

Linker script and memory map

Address of section .text set to 0x1000
LOAD kernel/kernel.o
LOAD lib/syscall.o
LOAD kernel/start.o
LOAD kernel/main.o
LOAD kernel/clock.o
LOAD kernel/keyboard.o
LOAD kernel/tty.o
LOAD kernel/console.o
LOAD kernel/i8259.o
LOAD kernel/global.o
LOAD kernel/protect.o
LOAD kernel/proc.o
LOAD kernel/systask.o
LOAD kernel/hd.o
LOAD lib/printf.o
LOAD lib/vsprintf.o
LOAD lib/kliba.o
LOAD lib/klib.o
LOAD lib/string.o
LOAD lib/misc.o
LOAD lib/open.o
LOAD lib/read.o
LOAD lib/write.o
LOAD lib/close.o
LOAD lib/unlink.o
LOAD lib/getpid.o
LOAD lib/syslog.o
LOAD fs/main.o
LOAD fs/open.o
LOAD fs/misc.o
LOAD fs/read_write.o
LOAD fs/link.o
LOAD fs/disklog.o
                [!provide]                        PROVIDE (__executable_start = SEGMENT_START ("text-segment", 0x8048000))
                0x0000000008048094                . = (SEGMENT_START ("text-segment", 0x8048000) + SIZEOF_HEADERS)

.interp
 *(.interp)

.note.gnu.build-id
 *(.note.gnu.build-id)

.hash
 *(.hash)

.gnu.hash
 *(.gnu.hash)

.dynsym
 *(.dynsym)

.dynstr
 *(.dynstr)

.gnu.version
 *(.gnu.version)

.gnu.version_d
 *(.gnu.version_d)

.gnu.version_r
 *(.gnu.version_r)

.rel.dyn        0x0000000008048094        0x0
 *(.rel.init)
 *(.rel.text .rel.text.* .rel.gnu.linkonce.t.*)
 .rel.text      0x0000000008048094        0x0 kernel/kernel.o
 *(.rel.fini)
 *(.rel.rodata .rel.rodata.* .rel.gnu.linkonce.r.*)
 *(.rel.data.rel.ro .rel.data.rel.ro.* .rel.gnu.linkonce.d.rel.ro.*)
 *(.rel.data .rel.data.* .rel.gnu.linkonce.d.*)
 *(.rel.tdata .rel.tdata.* .rel.gnu.linkonce.td.*)
 *(.rel.tbss .rel.tbss.* .rel.gnu.linkonce.tb.*)
 *(.rel.ctors)
 *(.rel.dtors)
 *(.rel.got)
 .rel.got       0x0000000008048094        0x0 kernel/kernel.o
 *(.rel.bss .rel.bss.* .rel.gnu.linkonce.b.*)
 *(.rel.ifunc)

.rel.plt        0x0000000008048094        0x0
 *(.rel.plt)
                [!provide]                        PROVIDE (__rel_iplt_start = .)
 *(.rel.iplt)
 .rel.iplt      0x0000000008048094        0x0 kernel/kernel.o
                [!provide]                        PROVIDE (__rel_iplt_end = .)

.init
 *(SORT_NONE(.init))

.plt            0x0000000008048098        0x0
 *(.plt)
 *(.iplt)
 .iplt          0x0000000008048098        0x0 kernel/kernel.o

.plt.got
 *(.plt.got)

.plt.sec
 *(.plt.sec)

.text           0x0000000000001000     0x8d97
 *(.text.unlikely .text.*_unlikely .text.unlikely.*)
 *(.text.exit .text.exit.*)
 *(.text.startup .text.startup.*)
 *(.text.hot .text.hot.*)
 *(.text .stub .text.* .gnu.linkonce.t.*)
 .text          0x0000000000001000      0x410 kernel/kernel.o
                0x0000000000001000                _start
                0x0000000000001040                hwint00
                0x0000000000001070                hwint01
                0x00000000000010a0                hwint02
                0x00000000000010d0                hwint03
                0x0000000000001100                hwint04
                0x0000000000001130                hwint05
                0x0000000000001160                hwint06
                0x0000000000001190                hwint07
                0x00000000000011c0                hwint08
                0x00000000000011f0                hwint09
                0x0000000000001220                hwint10
                0x0000000000001250                hwint11
                0x0000000000001280                hwint12
                0x00000000000012b0                hwint13
                0x00000000000012e0                hwint14
                0x0000000000001310                hwint15
                0x0000000000001334                divide_error
                0x000000000000133a                single_step_exception
                0x0000000000001340                nmi
                0x0000000000001346                breakpoint_exception
                0x000000000000134c                overflow
                0x0000000000001352                bounds_check
                0x0000000000001358                inval_opcode
                0x000000000000135e                copr_not_available
                0x0000000000001364                double_fault
                0x0000000000001368                copr_seg_overrun
                0x000000000000136e                inval_tss
                0x0000000000001372                segment_not_present
                0x0000000000001376                stack_exception
                0x000000000000137a                general_protection
                0x000000000000137e                page_fault
                0x0000000000001382                copr_error
                0x00000000000013cb                sys_call
                0x00000000000013eb                restart
 .text          0x0000000000001410       0x20 lib/syscall.o
                0x0000000000001410                sendrec
                0x0000000000001424                printx
 .text          0x0000000000001430       0x95 kernel/start.o
                0x0000000000001430                cstart
 .text          0x00000000000014c5      0x693 kernel/main.o
                0x00000000000014c5                kernel_main
                0x0000000000001770                get_ticks
                0x00000000000017a4                TestA
                0x0000000000001abf                TestB
                0x0000000000001ae7                TestC
                0x0000000000001b0f                panic
 .text          0x0000000000001b58       0xc5 kernel/clock.o
                0x0000000000001b58                clock_handler
                0x0000000000001b9b                milli_delay
                0x0000000000001bc5                init_clock
 .text          0x0000000000001c1d      0x689 kernel/keyboard.o
                0x0000000000001c1d                keyboard_handler
                0x0000000000001c7d                init_keyboard
                0x0000000000001d22                keyboard_read
 .text          0x00000000000022a6      0x514 kernel/tty.o
                0x00000000000022a6                task_tty
                0x0000000000002360                in_process
                0x00000000000025c6                tty_write
                0x000000000000260c                sys_printx
 .text          0x00000000000027ba      0x426 kernel/console.o
                0x00000000000027ba                init_screen
                0x00000000000028da                is_current_console
                0x00000000000028f5                out_char
                0x0000000000002b3f                select_console
                0x0000000000002b75                scroll_screen
 .text          0x0000000000002be0      0x130 kernel/i8259.o
                0x0000000000002be0                init_8259A
                0x0000000000002cb5                spurious_irq
                0x0000000000002cec                put_irq_handler
 .text          0x0000000000002d10        0x0 kernel/global.o
 .text          0x0000000000002d10      0x614 kernel/protect.o
                0x0000000000002d10                init_prot
                0x000000000000312d                seg2phys
                0x00000000000031e9                exception_handler
 .text          0x0000000000003324     0x1738 kernel/proc.o
                0x0000000000003324                schedule
                0x00000000000033b0                sys_sendrec
                0x00000000000034ce                send_recv
                0x000000000000358b                ldt_seg_linear
                0x00000000000035d5                va2la
                0x0000000000003636                reset_msg
                0x000000000000442c                inform_int
                0x00000000000045a8                dump_proc
                0x000000000000494e                dump_msg
 .text          0x0000000000004a5c       0x82 kernel/systask.o
                0x0000000000004a5c                task_sys
 .text          0x0000000000004ade      0xe13 kernel/hd.o
                0x0000000000004ade                task_hd
                0x00000000000058c6                hd_handler
 .text          0x00000000000058f1       0x50 lib/printf.o
                0x00000000000058f1                printf
 .text          0x0000000000005941      0x309 lib/vsprintf.o
                0x00000000000059a7                vsprintf
                0x0000000000005c24                sprintf
 *fill*         0x0000000000005c4a        0x6 
 .text          0x0000000000005c50      0x19a lib/kliba.o
                0x0000000000005c50                disp_str
                0x0000000000005c8e                disp_color_str
                0x0000000000005ccd                out_byte
                0x0000000000005cd9                in_byte
                0x0000000000005ce3                port_read
                0x0000000000005cf6                port_write
                0x0000000000005d09                disable_irq
                0x0000000000005d3e                enable_irq
                0x0000000000005d5d                disable_int
                0x0000000000005d5f                enable_int
                0x0000000000005d61                glitter
 .text          0x0000000000005dea      0x119 lib/klib.o
                0x0000000000005dea                itoa
                0x0000000000005e95                disp_int
                0x0000000000005ebc                delay
 *fill*         0x0000000000005f03        0xd 
 .text          0x0000000000005f10       0x78 lib/string.o
                0x0000000000005f10                memcpy
                0x0000000000005f39                memset
                0x0000000000005f5a                strcpy
                0x0000000000005f72                strlen
 .text          0x0000000000005f88      0x194 lib/misc.o
                0x0000000000005f88                memcmp
                0x0000000000005ffa                strcmp
                0x0000000000006069                strcat
                0x00000000000060c8                spin
                0x00000000000060e3                assertion_failure
 .text          0x000000000000611c       0x63 lib/open.o
                0x000000000000611c                open
 .text          0x000000000000617f       0x37 lib/read.o
                0x000000000000617f                read
 .text          0x00000000000061b6       0x37 lib/write.o
                0x00000000000061b6                write
 .text          0x00000000000061ed       0x2b lib/close.o
                0x00000000000061ed                close
 .text          0x0000000000006218       0x3c lib/unlink.o
                0x0000000000006218                unlink
 .text          0x0000000000006254       0x46 lib/getpid.o
                0x0000000000006254                getpid
 .text          0x000000000000629a       0xd1 lib/syslog.o
                0x000000000000629a                syslog
 .text          0x000000000000636b      0xcf1 fs/main.o
                0x000000000000636b                task_fs
                0x0000000000006b6e                rw_sector
                0x0000000000006d76                get_super_block
                0x0000000000006dbc                get_inode
                0x0000000000006f1f                put_inode
                0x0000000000006f5d                sync_inode
 .text          0x000000000000705c      0xa8f fs/open.o
                0x000000000000705c                do_open
                0x00000000000074a0                do_close
                0x00000000000074fc                do_lseek
 .text          0x0000000000007aeb      0x1dd fs/misc.o
                0x0000000000007aeb                search_file
                0x0000000000007c41                strip_path
 .text          0x0000000000007cc8      0x496 fs/read_write.o
                0x0000000000007cc8                do_rdwt
 .text          0x000000000000815e      0x812 fs/link.o
                0x000000000000815e                do_unlink
 .text          0x0000000000008970     0x1427 fs/disklog.o
                0x0000000000008970                do_disklog
                0x0000000000008a0b                disklog
                0x0000000000008ee4                dump_fd_graph
 *(.gnu.warning)

.fini
 *(SORT_NONE(.fini))
                [!provide]                        PROVIDE (__etext = .)
                [!provide]                        PROVIDE (_etext = .)
                [!provide]                        PROVIDE (etext = .)

.rodata         0x0000000000009da0     0x1cff
 *(.rodata .rodata.* .gnu.linkonce.r.*)
 .rodata        0x0000000000009da0       0x47 kernel/start.o
 *fill*         0x0000000000009de7        0x1 
 .rodata        0x0000000000009de8      0x112 kernel/main.o
 *fill*         0x0000000000009efa        0x2 
 .rodata        0x0000000000009efc       0x64 kernel/keyboard.o
 .rodata        0x0000000000009f60       0x90 kernel/tty.o
 .rodata        0x0000000000009ff0       0x11 kernel/i8259.o
 *fill*         0x000000000000a001        0x3 
 .rodata        0x000000000000a004        0x4 kernel/global.o
                0x000000000000a004                FSBUF_SIZE
 *fill*         0x000000000000a008       0x18 
 .rodata        0x000000000000a020      0x540 kernel/protect.o
 .rodata        0x000000000000a560      0x63e kernel/proc.o
 .rodata        0x000000000000ab9e       0x11 kernel/systask.o
 *fill*         0x000000000000abaf        0x1 
 .rodata        0x000000000000abb0      0x1ba kernel/hd.o
 *fill*         0x000000000000ad6a        0x2 
 .rodata        0x000000000000ad6c       0x61 lib/misc.o
 .rodata        0x000000000000adcd       0x23 lib/open.o
 .rodata        0x000000000000adf0       0x25 lib/getpid.o
 .rodata        0x000000000000ae15       0x32 lib/syslog.o
 *fill*         0x000000000000ae47        0x1 
 .rodata        0x000000000000ae48      0x1f2 fs/main.o
 *fill*         0x000000000000b03a        0x2 
 .rodata        0x000000000000b03c      0x138 fs/open.o
 .rodata        0x000000000000b174      0x164 fs/read_write.o
 .rodata        0x000000000000b2d8      0x19d fs/link.o
 *fill*         0x000000000000b475        0x3 
 .rodata        0x000000000000b478      0x627 fs/disklog.o

.rodata1
 *(.rodata1)

.eh_frame_hdr
 *(.eh_frame_hdr)
 *(.eh_frame_entry .eh_frame_entry.*)

.eh_frame       0x000000000000baa0      0xed8
 *(.eh_frame)
 .eh_frame      0x000000000000baa0       0x38 kernel/start.o
 .eh_frame      0x000000000000bad8       0xb8 kernel/main.o
                                         0xd0 (size before relaxing)
 .eh_frame      0x000000000000bb90       0x60 kernel/clock.o
                                         0x78 (size before relaxing)
 .eh_frame      0x000000000000bbf0       0xe0 kernel/keyboard.o
                                         0xf8 (size before relaxing)
 .eh_frame      0x000000000000bcd0       0xfc kernel/tty.o
                                        0x114 (size before relaxing)
 .eh_frame      0x000000000000bdcc      0x100 kernel/console.o
                                        0x118 (size before relaxing)
 .eh_frame      0x000000000000becc       0x60 kernel/i8259.o
                                         0x78 (size before relaxing)
 .eh_frame      0x000000000000bf2c       0xb0 kernel/protect.o
                                         0xc8 (size before relaxing)
 .eh_frame      0x000000000000bfdc      0x1d8 kernel/proc.o
                                        0x1f0 (size before relaxing)
 .eh_frame      0x000000000000c1b4       0x1c kernel/systask.o
                                         0x34 (size before relaxing)
 .eh_frame      0x000000000000c1d0      0x1f4 kernel/hd.o
                                        0x20c (size before relaxing)
 .eh_frame      0x000000000000c3c4       0x20 lib/printf.o
                                         0x38 (size before relaxing)
 .eh_frame      0x000000000000c3e4       0x64 lib/vsprintf.o
                                         0x7c (size before relaxing)
 .eh_frame      0x000000000000c448       0x60 lib/klib.o
                                         0x78 (size before relaxing)
 .eh_frame      0x000000000000c4a8       0x9c lib/misc.o
                                         0xb4 (size before relaxing)
 .eh_frame      0x000000000000c544       0x20 lib/open.o
                                         0x38 (size before relaxing)
 .eh_frame      0x000000000000c564       0x20 lib/read.o
                                         0x38 (size before relaxing)
 .eh_frame      0x000000000000c584       0x20 lib/write.o
                                         0x38 (size before relaxing)
 .eh_frame      0x000000000000c5a4       0x20 lib/close.o
                                         0x38 (size before relaxing)
 .eh_frame      0x000000000000c5c4       0x20 lib/unlink.o
                                         0x38 (size before relaxing)
 .eh_frame      0x000000000000c5e4       0x20 lib/getpid.o
                                         0x38 (size before relaxing)
 .eh_frame      0x000000000000c604       0x20 lib/syslog.o
                                         0x38 (size before relaxing)
 .eh_frame      0x000000000000c624      0x130 fs/main.o
                                        0x148 (size before relaxing)
 .eh_frame      0x000000000000c754      0x110 fs/open.o
                                        0x128 (size before relaxing)
 .eh_frame      0x000000000000c864       0x44 fs/misc.o
                                         0x5c (size before relaxing)
 .eh_frame      0x000000000000c8a8       0x2c fs/read_write.o
                                         0x44 (size before relaxing)
 .eh_frame      0x000000000000c8d4       0x2c fs/link.o
                                         0x44 (size before relaxing)
 .eh_frame      0x000000000000c900       0x78 fs/disklog.o
                                         0x90 (size before relaxing)
 *(.eh_frame.*)

.gcc_except_table
 *(.gcc_except_table .gcc_except_table.*)

.gnu_extab
 *(.gnu_extab*)

.exception_ranges
 *(.exception_ranges .exception_ranges*)
                0x000000000000e000                . = DATA_SEGMENT_ALIGN (CONSTANT (MAXPAGESIZE), CONSTANT (COMMONPAGESIZE))

.eh_frame
 *(.eh_frame)
 *(.eh_frame.*)

.gnu_extab
 *(.gnu_extab)

.gcc_except_table
 *(.gcc_except_table .gcc_except_table.*)

.exception_ranges
 *(.exception_ranges .exception_ranges*)

.tdata
 *(.tdata .tdata.* .gnu.linkonce.td.*)

.tbss
 *(.tbss .tbss.* .gnu.linkonce.tb.*)
 *(.tcommon)

.preinit_array  0x000000000000e000        0x0
                [!provide]                        PROVIDE (__preinit_array_start = .)
 *(.preinit_array)
                [!provide]                        PROVIDE (__preinit_array_end = .)

.init_array     0x000000000000e000        0x0
                [!provide]                        PROVIDE (__init_array_start = .)
 *(SORT_BY_INIT_PRIORITY(.init_array.*) SORT_BY_INIT_PRIORITY(.ctors.*))
 *(.init_array EXCLUDE_FILE(*crtend?.o *crtend.o *crtbegin?.o *crtbegin.o) .ctors)
                [!provide]                        PROVIDE (__init_array_end = .)

.fini_array     0x000000000000e000        0x0
                [!provide]                        PROVIDE (__fini_array_start = .)
 *(SORT_BY_INIT_PRIORITY(.fini_array.*) SORT_BY_INIT_PRIORITY(.dtors.*))
 *(.fini_array EXCLUDE_FILE(*crtend?.o *crtend.o *crtbegin?.o *crtbegin.o) .dtors)
                [!provide]                        PROVIDE (__fini_array_end = .)

.ctors
 *crtbegin.o(.ctors)
 *crtbegin?.o(.ctors)
 *(EXCLUDE_FILE(*crtend?.o *crtend.o) .ctors)
 *(SORT_BY_NAME(.ctors.*))
 *(.ctors)

.dtors
 *crtbegin.o(.dtors)
 *crtbegin?.o(.dtors)
 *(EXCLUDE_FILE(*crtend?.o *crtend.o) .dtors)
 *(SORT_BY_NAME(.dtors.*))
 *(.dtors)

.jcr
 *(.jcr)

.data.rel.ro
 *(.data.rel.ro.local* .gnu.linkonce.d.rel.ro.local.*)
 *(.data.rel.ro .data.rel.ro.* .gnu.linkonce.d.rel.ro.*)

.dynamic
 *(.dynamic)

.got            0x000000000000e000        0x0
 *(.got)
 .got           0x000000000000e000        0x0 kernel/kernel.o
 *(.igot)
                0x000000000000e000                . = DATA_SEGMENT_RELRO_END (., (SIZEOF (.got.plt) >= 0xc)?0xc:0x0)

.got.plt        0x000000000000e000        0x0
 *(.got.plt)
 .got.plt       0x000000000000e000        0x0 kernel/kernel.o
 *(.igot.plt)
 .igot.plt      0x000000000000e000        0x0 kernel/kernel.o

.data           0x000000000000e000      0x760
 *(.data .data.* .gnu.linkonce.d.*)
 .data          0x000000000000e000        0x2 kernel/kernel.o
 .data          0x000000000000e002        0x0 kernel/start.o
 .data          0x000000000000e002        0x0 kernel/main.o
 .data          0x000000000000e002        0x0 kernel/clock.o
 *fill*         0x000000000000e002       0x1e 
 .data          0x000000000000e020      0x600 kernel/keyboard.o
                0x000000000000e020                keymap
 .data          0x000000000000e620        0x0 kernel/tty.o
 .data          0x000000000000e620        0x0 kernel/console.o
 .data          0x000000000000e620        0x0 kernel/i8259.o
 .data          0x000000000000e620      0x140 kernel/global.o
                0x000000000000e620                task_table
                0x000000000000e6c0                user_proc_table
                0x000000000000e738                sys_call_table
                0x000000000000e744                dd_map
                0x000000000000e75c                fsbuf
 .data          0x000000000000e760        0x0 kernel/protect.o
 .data          0x000000000000e760        0x0 kernel/proc.o
 .data          0x000000000000e760        0x0 kernel/systask.o
 .data          0x000000000000e760        0x0 kernel/hd.o
 .data          0x000000000000e760        0x0 lib/printf.o
 .data          0x000000000000e760        0x0 lib/vsprintf.o
 .data          0x000000000000e760        0x0 lib/klib.o
 .data          0x000000000000e760        0x0 lib/misc.o
 .data          0x000000000000e760        0x0 lib/open.o
 .data          0x000000000000e760        0x0 lib/read.o
 .data          0x000000000000e760        0x0 lib/write.o
 .data          0x000000000000e760        0x0 lib/close.o
 .data          0x000000000000e760        0x0 lib/unlink.o
 .data          0x000000000000e760        0x0 lib/getpid.o
 .data          0x000000000000e760        0x0 lib/syslog.o
 .data          0x000000000000e760        0x0 fs/main.o
 .data          0x000000000000e760        0x0 fs/open.o
 .data          0x000000000000e760        0x0 fs/misc.o
 .data          0x000000000000e760        0x0 fs/read_write.o
 .data          0x000000000000e760        0x0 fs/link.o
 .data          0x000000000000e760        0x0 fs/disklog.o

.data1
 *(.data1)
                0x000000000000e760                _edata = .
                [!provide]                        PROVIDE (edata = .)
                0x000000000000e760                . = .
                0x000000000000e760                __bss_start = .

.bss            0x000000000000e760    0x3c638
 *(.dynbss)
 *(.bss .bss.* .gnu.linkonce.b.*)
 .bss           0x000000000000e760      0x800 kernel/kernel.o
 .bss           0x000000000000ef60        0x0 kernel/start.o
 .bss           0x000000000000ef60        0x0 kernel/main.o
 .bss           0x000000000000ef60        0x0 kernel/clock.o
 .bss           0x000000000000ef60       0x58 kernel/keyboard.o
 .bss           0x000000000000efb8        0x0 kernel/tty.o
 .bss           0x000000000000efb8        0x0 kernel/console.o
 .bss           0x000000000000efb8        0x0 kernel/i8259.o
 .bss           0x000000000000efb8        0x0 kernel/global.o
 .bss           0x000000000000efb8        0x0 kernel/protect.o
 .bss           0x000000000000efb8        0x0 kernel/proc.o
 .bss           0x000000000000efb8        0x0 kernel/systask.o
 *fill*         0x000000000000efb8        0x8 
 .bss           0x000000000000efc0      0x64c kernel/hd.o
 .bss           0x000000000000f60c        0x0 lib/printf.o
 .bss           0x000000000000f60c        0x0 lib/vsprintf.o
 .bss           0x000000000000f60c        0x0 lib/klib.o
 .bss           0x000000000000f60c        0x0 lib/misc.o
 .bss           0x000000000000f60c        0x0 lib/open.o
 .bss           0x000000000000f60c        0x0 lib/read.o
 .bss           0x000000000000f60c        0x0 lib/write.o
 .bss           0x000000000000f60c        0x0 lib/close.o
 .bss           0x000000000000f60c        0x0 lib/unlink.o
 .bss           0x000000000000f60c        0x0 lib/getpid.o
 .bss           0x000000000000f60c        0x0 lib/syslog.o
 .bss           0x000000000000f60c        0x0 fs/main.o
 .bss           0x000000000000f60c        0x0 fs/open.o
 .bss           0x000000000000f60c        0x0 fs/misc.o
 .bss           0x000000000000f60c        0x0 fs/read_write.o
 .bss           0x000000000000f60c        0x0 fs/link.o
 *fill*         0x000000000000f60c       0x14 
 .bss           0x000000000000f620      0x208 fs/disklog.o
 *(COMMON)
 *fill*         0x000000000000f828       0x18 
 COMMON         0x000000000000f840    0x3b548 kernel/global.o
                0x000000000000f840                idt_ptr
                0x000000000000f860                inode_table
                0x0000000000010360                task_stack
                0x0000000000048360                k_reenter
                0x0000000000048380                gdt
                0x0000000000048780                pcaller
                0x00000000000487a0                tty_table
                0x00000000000493e0                tss
                0x0000000000049460                fs_msg
                0x0000000000049490                nr_current_console
                0x00000000000494a0                f_desc_table
                0x00000000000497a0                root_inode
                0x00000000000497a4                disp_pos
                0x00000000000497a8                gdt_ptr
                0x00000000000497c0                idt
                0x0000000000049fc0                super_block
                0x000000000004a1a0                ticks
                0x000000000004a1c0                console_table
                0x000000000004a200                irq_table
                0x000000000004a240                p_proc_ready
                0x000000000004a260                proc_table
 COMMON         0x000000000004ad88       0x10 kernel/hd.o
                0x000000000004ad88                PARTITION_ENTRY
                0x000000000004ad98                . = ALIGN ((. != 0x0)?0x4:0x1)
                0x000000000004ad98                . = ALIGN (0x4)
                0x000000000004ad98                . = SEGMENT_START ("ldata-segment", .)
                0x000000000004ad98                . = ALIGN (0x4)
                0x000000000004ad98                _end = .
                [!provide]                        PROVIDE (end = .)
                0x000000000004ad98                . = DATA_SEGMENT_END (.)

.stab
 *(.stab)

.stabstr
 *(.stabstr)

.stab.excl
 *(.stab.excl)

.stab.exclstr
 *(.stab.exclstr)

.stab.index
 *(.stab.index)

.stab.indexstr
 *(.stab.indexstr)

.comment        0x0000000000000000       0x2c
 *(.comment)
 .comment       0x0000000000000000       0x2c kernel/start.o
                                         0x2d (size before relaxing)
 .comment       0x000000000000002c       0x2d kernel/main.o
 .comment       0x000000000000002c       0x2d kernel/clock.o
 .comment       0x000000000000002c       0x2d kernel/keyboard.o
 .comment       0x000000000000002c       0x2d kernel/tty.o
 .comment       0x000000000000002c       0x2d kernel/console.o
 .comment       0x000000000000002c       0x2d kernel/i8259.o
 .comment       0x000000000000002c       0x2d kernel/global.o
 .comment       0x000000000000002c       0x2d kernel/protect.o
 .comment       0x000000000000002c       0x2d kernel/proc.o
 .comment       0x000000000000002c       0x2d kernel/systask.o
 .comment       0x000000000000002c       0x2d kernel/hd.o
 .comment       0x000000000000002c       0x2d lib/printf.o
 .comment       0x000000000000002c       0x2d lib/vsprintf.o
 .comment       0x000000000000002c       0x2d lib/klib.o
 .comment       0x000000000000002c       0x2d lib/misc.o
 .comment       0x000000000000002c       0x2d lib/open.o
 .comment       0x000000000000002c       0x2d lib/read.o
 .comment       0x000000000000002c       0x2d lib/write.o
 .comment       0x000000000000002c       0x2d lib/close.o
 .comment       0x000000000000002c       0x2d lib/unlink.o
 .comment       0x000000000000002c       0x2d lib/getpid.o
 .comment       0x000000000000002c       0x2d lib/syslog.o
 .comment       0x000000000000002c       0x2d fs/main.o
 .comment       0x000000000000002c       0x2d fs/open.o
 .comment       0x000000000000002c       0x2d fs/misc.o
 .comment       0x000000000000002c       0x2d fs/read_write.o
 .comment       0x000000000000002c       0x2d fs/link.o
 .comment       0x000000000000002c       0x2d fs/disklog.o

.gnu.build.attributes
 *(.gnu.build.attributes .gnu.build.attributes.*)

.debug
 *(.debug)

.line
 *(.line)

.debug_srcinfo
 *(.debug_srcinfo)

.debug_sfnames
 *(.debug_sfnames)

.debug_aranges  0x0000000000000000      0x398
 *(.debug_aranges)
 .debug_aranges
                0x0000000000000000       0x20 kernel/start.o
 .debug_aranges
                0x0000000000000020       0x20 kernel/main.o
 .debug_aranges
                0x0000000000000040       0x20 kernel/clock.o
 .debug_aranges
                0x0000000000000060       0x20 kernel/keyboard.o
 .debug_aranges
                0x0000000000000080       0x20 kernel/tty.o
 .debug_aranges
                0x00000000000000a0       0x20 kernel/console.o
 .debug_aranges
                0x00000000000000c0       0x20 kernel/i8259.o
 .debug_aranges
                0x00000000000000e0       0x18 kernel/global.o
 .debug_aranges
                0x00000000000000f8       0x20 kernel/protect.o
 .debug_aranges
                0x0000000000000118       0x20 kernel/proc.o
 .debug_aranges
                0x0000000000000138       0x20 kernel/systask.o
 .debug_aranges
                0x0000000000000158       0x20 kernel/hd.o
 .debug_aranges
                0x0000000000000178       0x20 lib/printf.o
 .debug_aranges
                0x0000000000000198       0x20 lib/vsprintf.o
 .debug_aranges
                0x00000000000001b8       0x20 lib/klib.o
 .debug_aranges
                0x00000000000001d8       0x20 lib/misc.o
 .debug_aranges
                0x00000000000001f8       0x20 lib/open.o
 .debug_aranges
                0x0000000000000218       0x20 lib/read.o
 .debug_aranges
                0x0000000000000238       0x20 lib/write.o
 .debug_aranges
                0x0000000000000258       0x20 lib/close.o
 .debug_aranges
                0x0000000000000278       0x20 lib/unlink.o
 .debug_aranges
                0x0000000000000298       0x20 lib/getpid.o
 .debug_aranges
                0x00000000000002b8       0x20 lib/syslog.o
 .debug_aranges
                0x00000000000002d8       0x20 fs/main.o
 .debug_aranges
                0x00000000000002f8       0x20 fs/open.o
 .debug_aranges
                0x0000000000000318       0x20 fs/misc.o
 .debug_aranges
                0x0000000000000338       0x20 fs/read_write.o
 .debug_aranges
                0x0000000000000358       0x20 fs/link.o
 .debug_aranges
                0x0000000000000378       0x20 fs/disklog.o

.debug_pubnames
 *(.debug_pubnames)

.debug_info     0x0000000000000000    0x17a5f
 *(.debug_info .gnu.linkonce.wi.*)
 .debug_info    0x0000000000000000      0xb41 kernel/start.o
 .debug_info    0x0000000000000b41      0xddc kernel/main.o
 .debug_info    0x000000000000191d      0xb4f kernel/clock.o
 .debug_info    0x000000000000246c      0xdf1 kernel/keyboard.o
 .debug_info    0x000000000000325d      0xd40 kernel/tty.o
 .debug_info    0x0000000000003f9d      0xc81 kernel/console.o
 .debug_info    0x0000000000004c1e      0xb63 kernel/i8259.o
 .debug_info    0x0000000000005781      0xbf6 kernel/global.o
 .debug_info    0x0000000000006377      0xcde kernel/protect.o
 .debug_info    0x0000000000007055     0x100b kernel/proc.o
 .debug_info    0x0000000000008060      0xba3 kernel/systask.o
 .debug_info    0x0000000000008c03     0x1322 kernel/hd.o
 .debug_info    0x0000000000009f25      0xb68 lib/printf.o
 .debug_info    0x000000000000aa8d      0xc89 lib/vsprintf.o
 .debug_info    0x000000000000b716      0xbdc lib/klib.o
 .debug_info    0x000000000000c2f2      0xc8c lib/misc.o
 .debug_info    0x000000000000cf7e      0xbba lib/open.o
 .debug_info    0x000000000000db38      0xbb9 lib/read.o
 .debug_info    0x000000000000e6f1      0xbc4 lib/write.o
 .debug_info    0x000000000000f2b5      0xb9b lib/close.o
 .debug_info    0x000000000000fe50      0xbab lib/unlink.o
 .debug_info    0x00000000000109fb      0xb8d lib/getpid.o
 .debug_info    0x0000000000011588      0xc02 lib/syslog.o
 .debug_info    0x000000000001218a      0xff6 fs/main.o
 .debug_info    0x0000000000013180     0x1002 fs/open.o
 .debug_info    0x0000000000014182      0xd7d fs/misc.o
 .debug_info    0x0000000000014eff      0xcaf fs/read_write.o
 .debug_info    0x0000000000015bae      0xd49 fs/link.o
 .debug_info    0x00000000000168f7     0x1168 fs/disklog.o

.debug_abbrev   0x0000000000000000     0x387e
 *(.debug_abbrev)
 .debug_abbrev  0x0000000000000000      0x176 kernel/start.o
 .debug_abbrev  0x0000000000000176      0x218 kernel/main.o
 .debug_abbrev  0x000000000000038e      0x1cc kernel/clock.o
 .debug_abbrev  0x000000000000055a      0x250 kernel/keyboard.o
 .debug_abbrev  0x00000000000007aa      0x21e kernel/tty.o
 .debug_abbrev  0x00000000000009c8      0x1d2 kernel/console.o
 .debug_abbrev  0x0000000000000b9a      0x1b2 kernel/i8259.o
 .debug_abbrev  0x0000000000000d4c      0x176 kernel/global.o
 .debug_abbrev  0x0000000000000ec2      0x1fb kernel/protect.o
 .debug_abbrev  0x00000000000010bd      0x2f5 kernel/proc.o
 .debug_abbrev  0x00000000000013b2      0x1a4 kernel/systask.o
 .debug_abbrev  0x0000000000001556      0x318 kernel/hd.o
 .debug_abbrev  0x000000000000186e      0x192 lib/printf.o
 .debug_abbrev  0x0000000000001a00      0x1db lib/vsprintf.o
 .debug_abbrev  0x0000000000001bdb      0x1e3 lib/klib.o
 .debug_abbrev  0x0000000000001dbe      0x1bd lib/misc.o
 .debug_abbrev  0x0000000000001f7b      0x1b2 lib/open.o
 .debug_abbrev  0x000000000000212d      0x1c1 lib/read.o
 .debug_abbrev  0x00000000000022ee      0x1c8 lib/write.o
 .debug_abbrev  0x00000000000024b6      0x1b0 lib/close.o
 .debug_abbrev  0x0000000000002666      0x1b2 lib/unlink.o
 .debug_abbrev  0x0000000000002818      0x19d lib/getpid.o
 .debug_abbrev  0x00000000000029b5      0x1cb lib/syslog.o
 .debug_abbrev  0x0000000000002b80      0x281 fs/main.o
 .debug_abbrev  0x0000000000002e01      0x2b2 fs/open.o
 .debug_abbrev  0x00000000000030b3      0x1f4 fs/misc.o
 .debug_abbrev  0x00000000000032a7      0x1c2 fs/read_write.o
 .debug_abbrev  0x0000000000003469      0x1b9 fs/link.o
 .debug_abbrev  0x0000000000003622      0x25c fs/disklog.o

.debug_line     0x0000000000000000     0x4371
 *(.debug_line .debug_line.* .debug_line_end)
 .debug_line    0x0000000000000000       0xd6 kernel/start.o
 .debug_line    0x00000000000000d6      0x2f3 kernel/main.o
 .debug_line    0x00000000000003c9       0xf3 kernel/clock.o
 .debug_line    0x00000000000004bc      0x467 kernel/keyboard.o
 .debug_line    0x0000000000000923      0x2e7 kernel/tty.o
 .debug_line    0x0000000000000c0a      0x23d kernel/console.o
 .debug_line    0x0000000000000e47       0xe2 kernel/i8259.o
 .debug_line    0x0000000000000f29       0x8f kernel/global.o
 .debug_line    0x0000000000000fb8      0x205 kernel/protect.o
 .debug_line    0x00000000000011bd      0x7a1 kernel/proc.o
 .debug_line    0x000000000000195e       0xd3 kernel/systask.o
 .debug_line    0x0000000000001a31      0x64d kernel/hd.o
 .debug_line    0x000000000000207e       0xb1 lib/printf.o
 .debug_line    0x000000000000212f      0x23a lib/vsprintf.o
 .debug_line    0x0000000000002369      0x13f lib/klib.o
 .debug_line    0x00000000000024a8      0x1b9 lib/misc.o
 .debug_line    0x0000000000002661       0xc8 lib/open.o
 .debug_line    0x0000000000002729       0xb6 lib/read.o
 .debug_line    0x00000000000027df       0xb7 lib/write.o
 .debug_line    0x0000000000002896       0xb5 lib/close.o
 .debug_line    0x000000000000294b       0xbe lib/unlink.o
 .debug_line    0x0000000000002a09       0xbe lib/getpid.o
 .debug_line    0x0000000000002ac7       0xe5 lib/syslog.o
 .debug_line    0x0000000000002bac      0x5b8 fs/main.o
 .debug_line    0x0000000000003164      0x4a6 fs/open.o
 .debug_line    0x000000000000360a      0x190 fs/misc.o
 .debug_line    0x000000000000379a      0x272 fs/read_write.o
 .debug_line    0x0000000000003a0c      0x306 fs/link.o
 .debug_line    0x0000000000003d12      0x65f fs/disklog.o

.debug_frame
 *(.debug_frame)

.debug_str      0x0000000000000000     0x11c1
 *(.debug_str)
 .debug_str     0x0000000000000000      0x501 kernel/start.o
                                        0x58d (size before relaxing)
 .debug_str     0x0000000000000501      0x115 kernel/main.o
                                        0x685 (size before relaxing)
 .debug_str     0x0000000000000616       0x3e kernel/clock.o
                                        0x587 (size before relaxing)
 .debug_str     0x0000000000000654      0x13e kernel/keyboard.o
                                        0x692 (size before relaxing)
 .debug_str     0x0000000000000792       0x87 kernel/tty.o
                                        0x5dd (size before relaxing)
 .debug_str     0x0000000000000819       0xb6 kernel/console.o
                                        0x615 (size before relaxing)
 .debug_str     0x00000000000008cf       0x37 kernel/i8259.o
                                        0x588 (size before relaxing)
 .debug_str     0x0000000000000906       0x2b kernel/global.o
                                        0x574 (size before relaxing)
 .debug_str     0x0000000000000931       0xbb kernel/protect.o
                                        0x635 (size before relaxing)
 .debug_str     0x00000000000009ec      0x10b kernel/proc.o
                                        0x70d (size before relaxing)
 .debug_str     0x0000000000000af7       0x1a kernel/systask.o
                                        0x5f3 (size before relaxing)
 .debug_str     0x0000000000000b11      0x235 kernel/hd.o
                                        0x849 (size before relaxing)
 .debug_str     0x0000000000000d46        0xd lib/printf.o
                                        0x565 (size before relaxing)
 .debug_str     0x0000000000000d53       0x3b lib/vsprintf.o
                                        0x599 (size before relaxing)
 .debug_str     0x0000000000000d8e       0x2b lib/klib.o
                                        0x57f (size before relaxing)
 .debug_str     0x0000000000000db9       0x50 lib/misc.o
                                        0x59e (size before relaxing)
 .debug_str     0x0000000000000e09       0x14 lib/open.o
                                        0x5f2 (size before relaxing)
 .debug_str     0x0000000000000e1d        0xb lib/read.o
                                        0x5ef (size before relaxing)
 .debug_str     0x0000000000000e28        0xc lib/write.o
                                        0x5f1 (size before relaxing)
 .debug_str     0x0000000000000e34        0xc lib/close.o
                                        0x5eb (size before relaxing)
 .debug_str     0x0000000000000e40        0xd lib/unlink.o
                                        0x5f6 (size before relaxing)
 .debug_str     0x0000000000000e4d       0x14 lib/getpid.o
                                        0x5ed (size before relaxing)
 .debug_str     0x0000000000000e61       0x14 lib/syslog.o
                                        0x5f5 (size before relaxing)
 .debug_str     0x0000000000000e75       0xab fs/main.o
                                        0x721 (size before relaxing)
 .debug_str     0x0000000000000f20       0xfb fs/open.o
                                        0x714 (size before relaxing)
 .debug_str     0x000000000000101b       0x29 fs/misc.o
                                        0x6cf (size before relaxing)
 .debug_str     0x0000000000001044       0x47 fs/read_write.o
                                        0x637 (size before relaxing)
 .debug_str     0x000000000000108b       0x41 fs/link.o
                                        0x67e (size before relaxing)
 .debug_str     0x00000000000010cc       0xf5 fs/disklog.o
                                        0x810 (size before relaxing)

.debug_loc
 *(.debug_loc)

.debug_macinfo
 *(.debug_macinfo)

.debug_weaknames
 *(.debug_weaknames)

.debug_funcnames
 *(.debug_funcnames)

.debug_typenames
 *(.debug_typenames)

.debug_varnames
 *(.debug_varnames)

.debug_pubtypes
 *(.debug_pubtypes)

.debug_ranges   0x0000000000000000       0x30
 *(.debug_ranges)
 .debug_ranges  0x0000000000000000       0x30 kernel/hd.o

.debug_macro
 *(.debug_macro)

.debug_addr
 *(.debug_addr)

.gnu.attributes
 *(.gnu.attributes)

/DISCARD/
 *(.note.GNU-stack)
 *(.gnu_debuglink)
 *(.gnu.lto_*)
 *(.gnu_object_only)
OUTPUT(kernel.bin elf32-i386)
